2021-05-07 16:50:16 INFO  TestcaseModelCSVTest:49 - 【用例开始执行】
2021-05-07 16:50:16 INFO  TestcaseModelCSVTest:50 - 用例名称： creatdepartment
2021-05-07 16:50:16 INFO  TestcaseModelCSVTest:51 - 用例描述： 初步测试创建部门用例
2021-05-07 16:50:16 INFO  TestcaseModelCSV:58 - 更新用例变量 新增: getTimeStamp
2021-05-07 16:50:19 INFO  TestcaseModelCSVTest:49 - 【用例开始执行】
2021-05-07 16:50:19 INFO  TestcaseModelCSVTest:50 - 用例名称： creatdepartment
2021-05-07 16:50:19 INFO  TestcaseModelCSVTest:51 - 用例描述： 初步测试创建部门用例
2021-05-07 16:50:19 INFO  TestcaseModelCSV:58 - 更新用例变量 新增: getTimeStamp
2021-05-07 16:50:19 INFO  TestcaseModelCSVTest:49 - 【用例开始执行】
2021-05-07 16:50:19 INFO  TestcaseModelCSVTest:50 - 用例名称： getToken
2021-05-07 16:50:19 INFO  TestcaseModelCSVTest:51 - 用例描述： 获取Token方法测试用例
2021-05-07 16:50:19 INFO  TestcaseModelCSV:58 - 更新用例变量 新增: getTimeStamp
2021-05-07 16:50:20 INFO  TestcaseModelCSVTest:49 - 【用例开始执行】
2021-05-07 16:50:20 INFO  TestcaseModelCSVTest:50 - 用例名称： departmentTestCase
2021-05-07 16:50:20 INFO  TestcaseModelCSVTest:51 - 用例描述： 部门相关，增删改查测试用例
2021-05-07 16:50:20 INFO  TestcaseModelCSV:58 - 更新用例变量 新增: getTimeStamp
2021-05-17 09:08:22 INFO  TestcaseModelCSV:58 - 更新用例变量 新增: getTimeStamp
2021-05-17 09:11:16 INFO  TestcaseModelCSV:58 - 更新用例变量 新增: getTimeStamp
2021-05-17 10:09:19 INFO  TestcaseModelCSV:58 - 更新用例变量 新增: getTimeStamp
2021-05-17 10:09:21 INFO  PlaceholderUtils:64 - Could not resolve placeholder 'name' in [{"name": "${name}","name_en": "${name_en}","parentid": 1}] 
2021-05-17 10:09:21 INFO  PlaceholderUtils:64 - Could not resolve placeholder 'name_en' in [{"name": "${name}","name_en": "${name_en}","parentid": 1}] 
2021-05-17 10:09:21 INFO  PlaceholderUtils:64 - Could not resolve placeholder 'name' in [{"name": "${name}","name_en": "${name_en}","parentid": 1}] 
2021-05-17 10:09:21 INFO  PlaceholderUtils:64 - Could not resolve placeholder 'name_en' in [{"name": "${name}","name_en": "${name_en}","parentid": 1}] 
2021-05-17 10:09:22 INFO  PlaceholderUtils:64 - Could not resolve placeholder 'name' in [{"name": "${name}","name_en": "${name_en}","parentid": 1}] 
2021-05-17 10:09:22 INFO  PlaceholderUtils:64 - Could not resolve placeholder 'name_en' in [{"name": "${name}","name_en": "${name_en}","parentid": 1}] 
2021-05-17 10:09:22 INFO  PlaceholderUtils:64 - Could not resolve placeholder 'name' in [{"name": "${name}","name_en": "${name_en}","parentid": 1}] 
2021-05-17 10:09:22 INFO  PlaceholderUtils:64 - Could not resolve placeholder 'name_en' in [{"name": "${name}","name_en": "${name_en}","parentid": 1}] 
2021-05-17 10:09:22 INFO  PlaceholderUtils:64 - Could not resolve placeholder 'name' in [{"name": "${name}","name_en": "${name_en}","parentid": 1}] 
2021-05-17 10:09:22 INFO  PlaceholderUtils:64 - Could not resolve placeholder 'name_en' in [{"name": "${name}","name_en": "${name_en}","parentid": 1}] 
2021-05-17 10:09:22 INFO  PlaceholderUtils:64 - Could not resolve placeholder 'name' in [{"name": "${name}","name_en": "${name_en}","parentid": 1}] 
2021-05-17 10:09:22 INFO  PlaceholderUtils:64 - Could not resolve placeholder 'name_en' in [{"name": "${name}","name_en": "${name_en}","parentid": 1}] 
2021-05-17 10:11:02 INFO  ApiTest:33 - 【用例开始执行】
2021-05-17 10:11:02 INFO  ApiTest:34 - 用例名称： creatdepartment
2021-05-17 10:11:02 INFO  ApiTest:35 - 用例描述： 初步测试创建部门用例
2021-05-17 10:11:02 INFO  TestcaseModel:53 - 更新用例变量 新增: getTimeStamp
2021-05-17 10:11:05 INFO  ApiTest:33 - 【用例开始执行】
2021-05-17 10:11:05 INFO  ApiTest:34 - 用例名称： getToken
2021-05-17 10:11:05 INFO  ApiTest:35 - 用例描述： 获取Token方法测试用例
2021-05-17 10:11:05 INFO  TestcaseModel:53 - 更新用例变量 新增: getTimeStamp
2021-05-17 10:11:05 INFO  ApiTest:33 - 【用例开始执行】
2021-05-17 10:11:05 INFO  ApiTest:34 - 用例名称： departmentTestCase
2021-05-17 10:11:05 INFO  ApiTest:35 - 用例描述： 部门相关，增删改查测试用例
2021-05-17 10:11:05 INFO  TestcaseModel:53 - 更新用例变量 新增: getTimeStamp
2021-05-17 10:20:29 INFO  ApiTest:33 - 【用例开始执行】
2021-05-17 10:20:29 INFO  ApiTest:34 - 用例名称： creatdepartment
2021-05-17 10:20:29 INFO  ApiTest:35 - 用例描述： 初步测试创建部门用例
2021-05-17 10:20:29 INFO  TestcaseModel:53 - 更新用例变量 新增: getTimeStamp
2021-05-17 10:20:31 INFO  PlaceholderUtils:64 - Could not resolve placeholder 'name' in [{"name": "${name}","name_en": "${name_en}","parentid": 1}] 
2021-05-17 10:20:31 INFO  PlaceholderUtils:64 - Could not resolve placeholder 'name_en' in [{"name": "${name}","name_en": "${name_en}","parentid": 1}] 
2021-05-17 10:20:31 INFO  TestcaseModel:63 - 更新用例变量 新增：{departmentId=17}
2021-05-17 10:20:32 INFO  ApiTest:33 - 【用例开始执行】
2021-05-17 10:20:32 INFO  ApiTest:34 - 用例名称： getToken
2021-05-17 10:20:32 INFO  ApiTest:35 - 用例描述： 获取Token方法测试用例
2021-05-17 10:20:32 INFO  TestcaseModel:53 - 更新用例变量 新增: getTimeStamp
2021-05-17 10:20:32 INFO  PlaceholderUtils:64 - Could not resolve placeholder 'corpid' in [${corpid}] 
2021-05-17 10:20:32 INFO  PlaceholderUtils:64 - Could not resolve placeholder 'corpsecret' in [${corpsecret}] 
2021-05-17 10:20:32 INFO  ApiTest:33 - 【用例开始执行】
2021-05-17 10:20:32 INFO  ApiTest:34 - 用例名称： departmentTestCase
2021-05-17 10:20:32 INFO  ApiTest:35 - 用例描述： 部门相关，增删改查测试用例
2021-05-17 10:20:32 INFO  TestcaseModel:53 - 更新用例变量 新增: getTimeStamp
2021-05-17 10:20:32 INFO  PlaceholderUtils:64 - Could not resolve placeholder 'corpid' in [${corpid}] 
2021-05-17 10:20:32 INFO  PlaceholderUtils:64 - Could not resolve placeholder 'corpsecret' in [${corpsecret}] 
2021-05-17 10:20:32 INFO  PlaceholderUtils:64 - Could not resolve placeholder 'name' in [{"name": "${name}","name_en": "${name_en}","parentid": 1}] 
2021-05-17 10:20:32 INFO  PlaceholderUtils:64 - Could not resolve placeholder 'name_en' in [{"name": "${name}","name_en": "${name_en}","parentid": 1}] 
2021-05-17 10:20:32 INFO  TestcaseModel:63 - 更新用例变量 新增：{departmentId=18}
2021-05-17 10:20:32 INFO  PlaceholderUtils:64 - Could not resolve placeholder 'departmentId' in [{ "id": ${departmentId}, "name": "${name}", "name_en": "${name_en}", "order": 1 }] 
2021-05-17 10:20:32 INFO  PlaceholderUtils:64 - Could not resolve placeholder 'name' in [{ "id": ${departmentId}, "name": "${name}", "name_en": "${name_en}", "order": 1 }] 
2021-05-17 10:20:32 INFO  PlaceholderUtils:64 - Could not resolve placeholder 'name_en' in [{ "id": ${departmentId}, "name": "${name}", "name_en": "${name_en}", "order": 1 }] 
2021-05-17 10:20:32 INFO  PlaceholderUtils:64 - Could not resolve placeholder 'departmentId' in [${departmentId}] 
2021-05-17 10:20:32 INFO  PlaceholderUtils:64 - Could not resolve placeholder 'departmentId' in [${departmentId}] 
2021-05-17 10:23:52 INFO  TestcaseModelCSV:58 - 更新用例变量 新增: getTimeStamp
2021-05-17 10:23:54 INFO  PlaceholderUtils:64 - Could not resolve placeholder 'name' in [{"name": "${name}","name_en": "${name_en}","parentid": 1}] 
2021-05-17 10:23:54 INFO  PlaceholderUtils:64 - Could not resolve placeholder 'name_en' in [{"name": "${name}","name_en": "${name_en}","parentid": 1}] 
2021-05-17 10:23:54 INFO  PlaceholderUtils:64 - Could not resolve placeholder 'name' in [{"name": "${name}","name_en": "${name_en}","parentid": 1}] 
2021-05-17 10:23:54 INFO  PlaceholderUtils:64 - Could not resolve placeholder 'name_en' in [{"name": "${name}","name_en": "${name_en}","parentid": 1}] 
2021-05-17 10:23:54 INFO  PlaceholderUtils:64 - Could not resolve placeholder 'name' in [{"name": "${name}","name_en": "${name_en}","parentid": 1}] 
2021-05-17 10:23:54 INFO  PlaceholderUtils:64 - Could not resolve placeholder 'name_en' in [{"name": "${name}","name_en": "${name_en}","parentid": 1}] 
2021-05-17 10:23:54 INFO  PlaceholderUtils:64 - Could not resolve placeholder 'name' in [{"name": "${name}","name_en": "${name_en}","parentid": 1}] 
2021-05-17 10:23:54 INFO  PlaceholderUtils:64 - Could not resolve placeholder 'name_en' in [{"name": "${name}","name_en": "${name_en}","parentid": 1}] 
2021-05-17 10:23:55 INFO  PlaceholderUtils:64 - Could not resolve placeholder 'name' in [{"name": "${name}","name_en": "${name_en}","parentid": 1}] 
2021-05-17 10:23:55 INFO  PlaceholderUtils:64 - Could not resolve placeholder 'name_en' in [{"name": "${name}","name_en": "${name_en}","parentid": 1}] 
2021-05-17 10:23:55 INFO  PlaceholderUtils:64 - Could not resolve placeholder 'name' in [{"name": "${name}","name_en": "${name_en}","parentid": 1}] 
2021-05-17 10:23:55 INFO  PlaceholderUtils:64 - Could not resolve placeholder 'name_en' in [{"name": "${name}","name_en": "${name_en}","parentid": 1}] 
2021-05-17 10:50:07 INFO  ApiTest:33 - 【用例开始执行】
2021-05-17 10:50:07 INFO  ApiTest:34 - 用例名称： login
2021-05-17 10:50:07 INFO  ApiTest:35 - 用例描述： 登录测试用例
2021-05-17 10:50:07 INFO  TestcaseModel:53 - 更新用例变量 新增: getTimeStamp
2021-05-17 10:50:07 INFO  ApiTest:33 - 【用例开始执行】
2021-05-17 10:50:07 INFO  ApiTest:34 - 用例名称： creatdepartment
2021-05-17 10:50:07 INFO  ApiTest:35 - 用例描述： 初步测试创建部门用例
2021-05-17 10:50:07 INFO  TestcaseModel:53 - 更新用例变量 新增: getTimeStamp
2021-05-17 10:50:07 INFO  ApiTest:33 - 【用例开始执行】
2021-05-17 10:50:07 INFO  ApiTest:34 - 用例名称： getToken
2021-05-17 10:50:07 INFO  ApiTest:35 - 用例描述： 获取Token方法测试用例
2021-05-17 10:50:07 INFO  TestcaseModel:53 - 更新用例变量 新增: getTimeStamp
2021-05-17 10:50:07 INFO  ApiTest:33 - 【用例开始执行】
2021-05-17 10:50:07 INFO  ApiTest:34 - 用例名称： departmentTestCase
2021-05-17 10:50:07 INFO  ApiTest:35 - 用例描述： 部门相关，增删改查测试用例
2021-05-17 10:50:07 INFO  TestcaseModel:53 - 更新用例变量 新增: getTimeStamp
2021-05-17 10:54:46 INFO  ApiTest:33 - 【用例开始执行】
2021-05-17 10:54:46 INFO  ApiTest:34 - 用例名称： login
2021-05-17 10:54:46 INFO  ApiTest:35 - 用例描述： 登录测试用例
2021-05-17 10:54:46 INFO  TestcaseModel:53 - 更新用例变量 新增: getTimeStamp
2021-05-17 10:54:46 INFO  ApiTest:33 - 【用例开始执行】
2021-05-17 10:54:46 INFO  ApiTest:34 - 用例名称： creatdepartment
2021-05-17 10:54:46 INFO  ApiTest:35 - 用例描述： 初步测试创建部门用例
2021-05-17 10:54:46 INFO  TestcaseModel:53 - 更新用例变量 新增: getTimeStamp
2021-05-17 10:54:46 INFO  ApiTest:33 - 【用例开始执行】
2021-05-17 10:54:46 INFO  ApiTest:34 - 用例名称： getToken
2021-05-17 10:54:46 INFO  ApiTest:35 - 用例描述： 获取Token方法测试用例
2021-05-17 10:54:46 INFO  TestcaseModel:53 - 更新用例变量 新增: getTimeStamp
2021-05-17 10:54:46 INFO  ApiTest:33 - 【用例开始执行】
2021-05-17 10:54:46 INFO  ApiTest:34 - 用例名称： departmentTestCase
2021-05-17 10:54:46 INFO  ApiTest:35 - 用例描述： 部门相关，增删改查测试用例
2021-05-17 10:54:46 INFO  TestcaseModel:53 - 更新用例变量 新增: getTimeStamp
2021-05-17 10:57:36 INFO  ApiTest:33 - 【用例开始执行】
2021-05-17 10:57:36 INFO  ApiTest:34 - 用例名称： login
2021-05-17 10:57:36 INFO  ApiTest:35 - 用例描述： 登录测试用例
2021-05-17 10:57:36 INFO  TestcaseModel:53 - 更新用例变量 新增: getTimeStamp
2021-05-17 10:57:38 INFO  ApiTest:33 - 【用例开始执行】
2021-05-17 10:57:38 INFO  ApiTest:34 - 用例名称： creatdepartment
2021-05-17 10:57:38 INFO  ApiTest:35 - 用例描述： 初步测试创建部门用例
2021-05-17 10:57:38 INFO  TestcaseModel:53 - 更新用例变量 新增: getTimeStamp
2021-05-17 10:57:38 INFO  PlaceholderUtils:64 - Could not resolve placeholder 'name' in [{"name": "${name}","name_en": "${name_en}","parentid": 1}] 
2021-05-17 10:57:38 INFO  PlaceholderUtils:64 - Could not resolve placeholder 'name_en' in [{"name": "${name}","name_en": "${name_en}","parentid": 1}] 
2021-05-17 10:57:39 INFO  TestcaseModel:63 - 更新用例变量 新增：{departmentId=18}
2021-05-17 10:57:39 INFO  ApiTest:33 - 【用例开始执行】
2021-05-17 10:57:39 INFO  ApiTest:34 - 用例名称： getToken
2021-05-17 10:57:39 INFO  ApiTest:35 - 用例描述： 获取Token方法测试用例
2021-05-17 10:57:39 INFO  TestcaseModel:53 - 更新用例变量 新增: getTimeStamp
2021-05-17 10:57:39 INFO  PlaceholderUtils:64 - Could not resolve placeholder 'corpid' in [${corpid}] 
2021-05-17 10:57:39 INFO  PlaceholderUtils:64 - Could not resolve placeholder 'corpsecret' in [${corpsecret}] 
2021-05-17 10:57:39 INFO  ApiTest:33 - 【用例开始执行】
2021-05-17 10:57:39 INFO  ApiTest:34 - 用例名称： departmentTestCase
2021-05-17 10:57:39 INFO  ApiTest:35 - 用例描述： 部门相关，增删改查测试用例
2021-05-17 10:57:39 INFO  TestcaseModel:53 - 更新用例变量 新增: getTimeStamp
2021-05-17 10:57:39 INFO  PlaceholderUtils:64 - Could not resolve placeholder 'corpid' in [${corpid}] 
2021-05-17 10:57:39 INFO  PlaceholderUtils:64 - Could not resolve placeholder 'corpsecret' in [${corpsecret}] 
2021-05-17 10:57:39 INFO  PlaceholderUtils:64 - Could not resolve placeholder 'name' in [{"name": "${name}","name_en": "${name_en}","parentid": 1}] 
2021-05-17 10:57:39 INFO  PlaceholderUtils:64 - Could not resolve placeholder 'name_en' in [{"name": "${name}","name_en": "${name_en}","parentid": 1}] 
2021-05-17 10:57:39 INFO  TestcaseModel:63 - 更新用例变量 新增：{departmentId=19}
2021-05-17 10:57:39 INFO  PlaceholderUtils:64 - Could not resolve placeholder 'departmentId' in [{ "id": ${departmentId}, "name": "${name}", "name_en": "${name_en}", "order": 1 }] 
2021-05-17 10:57:39 INFO  PlaceholderUtils:64 - Could not resolve placeholder 'name' in [{ "id": ${departmentId}, "name": "${name}", "name_en": "${name_en}", "order": 1 }] 
2021-05-17 10:57:39 INFO  PlaceholderUtils:64 - Could not resolve placeholder 'name_en' in [{ "id": ${departmentId}, "name": "${name}", "name_en": "${name_en}", "order": 1 }] 
2021-05-17 10:57:39 INFO  PlaceholderUtils:64 - Could not resolve placeholder 'departmentId' in [${departmentId}] 
2021-05-17 10:57:39 INFO  PlaceholderUtils:64 - Could not resolve placeholder 'departmentId' in [${departmentId}] 
2021-05-17 11:07:27 INFO  ApiTest:33 - 【用例开始执行】
2021-05-17 11:07:27 INFO  ApiTest:34 - 用例名称： login
2021-05-17 11:07:27 INFO  ApiTest:35 - 用例描述： 登录测试用例
2021-05-17 11:07:27 INFO  TestcaseModel:53 - 更新用例变量 新增: getTimeStamp
2021-05-17 11:07:30 INFO  ApiTest:33 - 【用例开始执行】
2021-05-17 11:07:30 INFO  ApiTest:34 - 用例名称： creatdepartment
2021-05-17 11:07:30 INFO  ApiTest:35 - 用例描述： 初步测试创建部门用例
2021-05-17 11:07:30 INFO  TestcaseModel:53 - 更新用例变量 新增: getTimeStamp
2021-05-17 11:07:30 INFO  PlaceholderUtils:64 - Could not resolve placeholder 'name' in [{"name": "${name}","name_en": "${name_en}","parentid": 1}] 
2021-05-17 11:07:30 INFO  PlaceholderUtils:64 - Could not resolve placeholder 'name_en' in [{"name": "${name}","name_en": "${name_en}","parentid": 1}] 
2021-05-17 11:07:31 INFO  TestcaseModel:63 - 更新用例变量 新增：{departmentId=19}
2021-05-17 11:07:31 INFO  ApiTest:33 - 【用例开始执行】
2021-05-17 11:07:31 INFO  ApiTest:34 - 用例名称： getToken
2021-05-17 11:07:31 INFO  ApiTest:35 - 用例描述： 获取Token方法测试用例
2021-05-17 11:07:31 INFO  TestcaseModel:53 - 更新用例变量 新增: getTimeStamp
2021-05-17 11:07:31 INFO  PlaceholderUtils:64 - Could not resolve placeholder 'corpid' in [${corpid}] 
2021-05-17 11:07:31 INFO  PlaceholderUtils:64 - Could not resolve placeholder 'corpsecret' in [${corpsecret}] 
2021-05-17 11:07:31 INFO  ApiTest:33 - 【用例开始执行】
2021-05-17 11:07:31 INFO  ApiTest:34 - 用例名称： departmentTestCase
2021-05-17 11:07:31 INFO  ApiTest:35 - 用例描述： 部门相关，增删改查测试用例
2021-05-17 11:07:31 INFO  TestcaseModel:53 - 更新用例变量 新增: getTimeStamp
2021-05-17 11:07:31 INFO  PlaceholderUtils:64 - Could not resolve placeholder 'corpid' in [${corpid}] 
2021-05-17 11:07:31 INFO  PlaceholderUtils:64 - Could not resolve placeholder 'corpsecret' in [${corpsecret}] 
2021-05-17 11:07:31 INFO  PlaceholderUtils:64 - Could not resolve placeholder 'name' in [{"name": "${name}","name_en": "${name_en}","parentid": 1}] 
2021-05-17 11:07:31 INFO  PlaceholderUtils:64 - Could not resolve placeholder 'name_en' in [{"name": "${name}","name_en": "${name_en}","parentid": 1}] 
2021-05-17 11:07:31 INFO  TestcaseModel:63 - 更新用例变量 新增：{departmentId=20}
2021-05-17 11:07:31 INFO  PlaceholderUtils:64 - Could not resolve placeholder 'departmentId' in [{ "id": ${departmentId}, "name": "${name}", "name_en": "${name_en}", "order": 1 }] 
2021-05-17 11:07:31 INFO  PlaceholderUtils:64 - Could not resolve placeholder 'name' in [{ "id": ${departmentId}, "name": "${name}", "name_en": "${name_en}", "order": 1 }] 
2021-05-17 11:07:31 INFO  PlaceholderUtils:64 - Could not resolve placeholder 'name_en' in [{ "id": ${departmentId}, "name": "${name}", "name_en": "${name_en}", "order": 1 }] 
2021-05-17 11:07:31 INFO  PlaceholderUtils:64 - Could not resolve placeholder 'departmentId' in [${departmentId}] 
2021-05-17 11:07:31 INFO  PlaceholderUtils:64 - Could not resolve placeholder 'departmentId' in [${departmentId}] 
2021-05-17 11:08:20 INFO  ApiTest:33 - 【用例开始执行】
2021-05-17 11:08:20 INFO  ApiTest:34 - 用例名称： login
2021-05-17 11:08:20 INFO  ApiTest:35 - 用例描述： 登录测试用例
2021-05-17 11:08:20 INFO  TestcaseModel:53 - 更新用例变量 新增: getTimeStamp
2021-05-17 11:08:23 INFO  ApiTest:33 - 【用例开始执行】
2021-05-17 11:08:23 INFO  ApiTest:34 - 用例名称： creatdepartment
2021-05-17 11:08:23 INFO  ApiTest:35 - 用例描述： 初步测试创建部门用例
2021-05-17 11:08:23 INFO  TestcaseModel:53 - 更新用例变量 新增: getTimeStamp
2021-05-17 11:08:23 INFO  PlaceholderUtils:64 - Could not resolve placeholder 'name' in [{"name": "${name}","name_en": "${name_en}","parentid": 1}] 
2021-05-17 11:08:23 INFO  PlaceholderUtils:64 - Could not resolve placeholder 'name_en' in [{"name": "${name}","name_en": "${name_en}","parentid": 1}] 
2021-05-17 11:08:23 INFO  TestcaseModel:63 - 更新用例变量 新增：{departmentId=20}
2021-05-17 11:08:23 INFO  ApiTest:33 - 【用例开始执行】
2021-05-17 11:08:23 INFO  ApiTest:34 - 用例名称： getToken
2021-05-17 11:08:23 INFO  ApiTest:35 - 用例描述： 获取Token方法测试用例
2021-05-17 11:08:23 INFO  TestcaseModel:53 - 更新用例变量 新增: getTimeStamp
2021-05-17 11:08:23 INFO  PlaceholderUtils:64 - Could not resolve placeholder 'corpid' in [${corpid}] 
2021-05-17 11:08:23 INFO  PlaceholderUtils:64 - Could not resolve placeholder 'corpsecret' in [${corpsecret}] 
2021-05-17 11:08:23 INFO  ApiTest:33 - 【用例开始执行】
2021-05-17 11:08:23 INFO  ApiTest:34 - 用例名称： departmentTestCase
2021-05-17 11:08:23 INFO  ApiTest:35 - 用例描述： 部门相关，增删改查测试用例
2021-05-17 11:08:23 INFO  TestcaseModel:53 - 更新用例变量 新增: getTimeStamp
2021-05-17 11:08:23 INFO  PlaceholderUtils:64 - Could not resolve placeholder 'corpid' in [${corpid}] 
2021-05-17 11:08:23 INFO  PlaceholderUtils:64 - Could not resolve placeholder 'corpsecret' in [${corpsecret}] 
2021-05-17 11:08:23 INFO  PlaceholderUtils:64 - Could not resolve placeholder 'name' in [{"name": "${name}","name_en": "${name_en}","parentid": 1}] 
2021-05-17 11:08:23 INFO  PlaceholderUtils:64 - Could not resolve placeholder 'name_en' in [{"name": "${name}","name_en": "${name_en}","parentid": 1}] 
2021-05-17 11:08:24 INFO  TestcaseModel:63 - 更新用例变量 新增：{departmentId=21}
2021-05-17 11:08:24 INFO  PlaceholderUtils:64 - Could not resolve placeholder 'departmentId' in [{ "id": ${departmentId}, "name": "${name}", "name_en": "${name_en}", "order": 1 }] 
2021-05-17 11:08:24 INFO  PlaceholderUtils:64 - Could not resolve placeholder 'name' in [{ "id": ${departmentId}, "name": "${name}", "name_en": "${name_en}", "order": 1 }] 
2021-05-17 11:08:24 INFO  PlaceholderUtils:64 - Could not resolve placeholder 'name_en' in [{ "id": ${departmentId}, "name": "${name}", "name_en": "${name_en}", "order": 1 }] 
2021-05-17 11:08:24 INFO  PlaceholderUtils:64 - Could not resolve placeholder 'departmentId' in [${departmentId}] 
2021-05-17 11:08:24 INFO  PlaceholderUtils:64 - Could not resolve placeholder 'departmentId' in [${departmentId}] 
2021-05-17 14:14:28 INFO  ApiTest:33 - 【用例开始执行】
2021-05-17 14:14:28 INFO  ApiTest:34 - 用例名称： login
2021-05-17 14:14:28 INFO  ApiTest:35 - 用例描述： 登录测试用例
2021-05-17 14:14:28 INFO  TestcaseModel:53 - 更新用例变量 新增: getTimeStamp
2021-05-17 14:27:53 INFO  ApiTest:33 - 【用例开始执行】
2021-05-17 14:27:53 INFO  ApiTest:34 - 用例名称： creatdepartment
2021-05-17 14:27:53 INFO  ApiTest:35 - 用例描述： 初步测试创建部门用例
2021-05-17 14:27:53 INFO  TestcaseModel:53 - 更新用例变量 新增: getTimeStamp
2021-05-17 14:27:55 INFO  PlaceholderUtils:64 - Could not resolve placeholder 'name' in [{"name": "${name}","name_en": "${name_en}","parentid": 1}] 
2021-05-17 14:27:55 INFO  PlaceholderUtils:64 - Could not resolve placeholder 'name_en' in [{"name": "${name}","name_en": "${name_en}","parentid": 1}] 
2021-05-17 14:27:55 INFO  TestcaseModel:63 - 更新用例变量 新增：{departmentId=21}
2021-05-17 14:28:46 INFO  ApiTest:33 - 【用例开始执行】
2021-05-17 14:28:46 INFO  ApiTest:34 - 用例名称： creatdepartment
2021-05-17 14:28:46 INFO  ApiTest:35 - 用例描述： 初步测试创建部门用例
2021-05-17 14:28:46 INFO  TestcaseModel:53 - 更新用例变量 新增: getTimeStamp
2021-05-17 14:28:48 INFO  PlaceholderUtils:64 - Could not resolve placeholder 'name' in [{"name": "${name}","name_en": "${name_en}","parentid": 1}] 
2021-05-17 14:28:48 INFO  PlaceholderUtils:64 - Could not resolve placeholder 'name_en' in [{"name": "${name}","name_en": "${name_en}","parentid": 1}] 
2021-05-17 14:28:48 INFO  TestcaseModel:63 - 更新用例变量 新增：{departmentId=22}
2021-05-17 14:28:48 INFO  ApiTest:37 - debug
2021-05-17 14:29:24 INFO  ApiTest:33 - 【用例开始执行】
2021-05-17 14:29:24 INFO  ApiTest:34 - 用例名称： creatdepartment
2021-05-17 14:29:24 INFO  ApiTest:35 - 用例描述： 初步测试创建部门用例
2021-05-17 14:29:24 INFO  TestcaseModel:53 - 更新用例变量 新增: getTimeStamp
2021-05-17 14:29:26 INFO  PlaceholderUtils:64 - Could not resolve placeholder 'name' in [{"name": "${name}","name_en": "${name_en}","parentid": 1}] 
2021-05-17 14:29:26 INFO  PlaceholderUtils:64 - Could not resolve placeholder 'name_en' in [{"name": "${name}","name_en": "${name_en}","parentid": 1}] 
2021-05-17 14:29:26 INFO  TestcaseModel:63 - 更新用例变量 新增：{departmentId=23}
2021-05-17 14:29:26 INFO  ApiTest:37 - debug
2021-05-18 14:31:24 INFO  ApiTest:33 - 【用例开始执行】
2021-05-18 14:31:24 INFO  ApiTest:34 - 用例名称： creatdepartment
2021-05-18 14:31:24 INFO  ApiTest:35 - 用例描述： 初步测试创建部门用例
2021-05-18 14:31:24 INFO  TestcaseModel:53 - 更新用例变量 新增: getTimeStamp
2021-05-18 14:31:24 INFO  TestcaseStepModel:48 - 进行基本参数替换 时间戳 随机数
2021-05-18 14:31:28 INFO  TestcaseStepModel:48 - 进行基本参数替换 时间戳 随机数
2021-05-18 15:22:43 INFO  ApiTest:33 - 【用例开始执行】
2021-05-18 15:22:43 INFO  ApiTest:34 - 用例名称： creatdepartment
2021-05-18 15:22:43 INFO  ApiTest:35 - 用例描述： 初步测试创建部门用例
2021-05-18 15:22:43 INFO  TestcaseModel:53 - 更新用例变量 新增: getTimeStamp
2021-05-18 15:22:43 INFO  TestcaseStepModel:49 - 进行基本参数替换 时间戳 随机数
2021-05-18 15:22:46 INFO  TestcaseStepModel:49 - 进行基本参数替换 时间戳 随机数
2021-05-18 15:22:46 INFO  TestcaseStepModel:60 - 生成5位的随机数: 79822
2021-05-18 15:22:46 INFO  PlaceholderUtils:64 - Could not resolve placeholder 'name' in [{"name": "${name}","name_en": "${name_en}","parentid": 1}] 
2021-05-18 15:22:46 INFO  PlaceholderUtils:64 - Could not resolve placeholder 'name_en' in [{"name": "${name}","name_en": "${name_en}","parentid": 1}] 
2021-05-18 15:22:46 INFO  TestcaseModel:60 - 更新用例变量 新增：{departmentId=24}
2021-05-18 15:22:46 INFO  ApiTest:37 - debug
2021-05-18 15:23:41 INFO  ApiTest:33 - 【用例开始执行】
2021-05-18 15:23:41 INFO  ApiTest:34 - 用例名称： creatdepartment
2021-05-18 15:23:41 INFO  ApiTest:35 - 用例描述： 初步测试创建部门用例
2021-05-18 15:23:41 INFO  TestcaseModel:53 - 更新用例变量 新增: getTimeStamp
2021-05-18 15:23:41 INFO  TestcaseStepModel:49 - 进行基本参数替换 时间戳 随机数
2021-05-18 15:23:43 INFO  TestcaseStepModel:49 - 进行基本参数替换 时间戳 随机数
2021-05-18 15:23:43 INFO  TestcaseStepModel:60 - 生成5位的随机数: 92257
2021-05-18 15:23:43 INFO  TestcaseStepModel:60 - 生成5位的随机数: 88094
2021-05-18 15:23:43 INFO  PlaceholderUtils:64 - Could not resolve placeholder 'name' in [{"name": "${name}","name_en": "${name_en}","parentid": 1}] 
2021-05-18 15:23:43 INFO  PlaceholderUtils:64 - Could not resolve placeholder 'name_en' in [{"name": "${name}","name_en": "${name_en}","parentid": 1}] 
2021-05-18 15:23:44 INFO  TestcaseModel:60 - 更新用例变量 新增：{departmentId=25}
2021-05-18 15:23:44 INFO  ApiTest:37 - debug
2021-05-18 15:37:42 INFO  TestcaseModelCSVTest:49 - 【用例开始执行】
2021-05-18 15:37:42 INFO  TestcaseModelCSVTest:50 - 用例名称： login
2021-05-18 15:37:42 INFO  TestcaseModelCSVTest:51 - 用例描述： 登录测试用例
2021-05-18 15:37:42 INFO  TestcaseModelCSV:58 - 更新用例变量 新增: getTimeStamp
2021-05-18 15:37:42 INFO  TestcaseStepModelCSV:52 - 进行基本参数替换 时间戳 随机数
2021-05-18 15:37:45 INFO  TestcaseModelCSVTest:49 - 【用例开始执行】
2021-05-18 15:37:45 INFO  TestcaseModelCSVTest:50 - 用例名称： creatdepartment
2021-05-18 15:37:45 INFO  TestcaseModelCSVTest:51 - 用例描述： 初步测试创建部门用例
2021-05-18 15:37:45 INFO  TestcaseModelCSV:58 - 更新用例变量 新增: getTimeStamp
2021-05-18 15:37:45 INFO  TestcaseStepModelCSV:52 - 进行基本参数替换 时间戳 随机数
2021-05-18 15:37:46 INFO  TestcaseStepModelCSV:52 - 进行基本参数替换 时间戳 随机数
2021-05-18 15:37:46 INFO  TestcaseStepModelCSV:62 - 生成5位的随机数: 91784
2021-05-18 15:37:46 INFO  PlaceholderUtils:64 - Could not resolve placeholder 'name' in [{"name": "${name}","name_en": "${name_en}","parentid": 1}] 
2021-05-18 15:37:46 INFO  PlaceholderUtils:64 - Could not resolve placeholder 'name_en' in [{"name": "${name}","name_en": "${name_en}","parentid": 1}] 
2021-05-18 15:37:46 INFO  TestcaseModelCSV:93 - 更新用例变量 新增：{departmentId=26}
2021-05-18 15:37:46 INFO  TestcaseModelCSVTest:53 - debug
2021-05-18 15:37:46 INFO  TestcaseModelCSVTest:49 - 【用例开始执行】
2021-05-18 15:37:46 INFO  TestcaseModelCSVTest:50 - 用例名称： creatdepartment
2021-05-18 15:37:46 INFO  TestcaseModelCSVTest:51 - 用例描述： 初步测试创建部门用例
2021-05-18 15:37:46 INFO  TestcaseModelCSV:58 - 更新用例变量 新增: getTimeStamp
2021-05-18 15:37:46 INFO  TestcaseStepModelCSV:52 - 进行基本参数替换 时间戳 随机数
2021-05-18 15:37:46 INFO  PlaceholderUtils:64 - Could not resolve placeholder 'corpid' in [${corpid}] 
2021-05-18 15:37:46 INFO  PlaceholderUtils:64 - Could not resolve placeholder 'corpsecret' in [${corpsecret}] 
2021-05-18 15:37:46 INFO  TestcaseStepModelCSV:52 - 进行基本参数替换 时间戳 随机数
2021-05-18 15:37:46 INFO  PlaceholderUtils:64 - Could not resolve placeholder 'name' in [{"name": "${name}","name_en": "${name_en}","parentid": 1}] 
2021-05-18 15:37:46 INFO  PlaceholderUtils:64 - Could not resolve placeholder 'name_en' in [{"name": "${name}","name_en": "${name_en}","parentid": 1}] 
2021-05-18 15:37:46 INFO  TestcaseStepModelCSV:52 - 进行基本参数替换 时间戳 随机数
2021-05-18 15:37:46 INFO  PlaceholderUtils:64 - Could not resolve placeholder 'name' in [{"name": "${name}","name_en": "${name_en}","parentid": 1}] 
2021-05-18 15:37:46 INFO  PlaceholderUtils:64 - Could not resolve placeholder 'name_en' in [{"name": "${name}","name_en": "${name_en}","parentid": 1}] 
2021-05-18 15:37:46 INFO  TestcaseStepModelCSV:52 - 进行基本参数替换 时间戳 随机数
2021-05-18 15:37:46 INFO  PlaceholderUtils:64 - Could not resolve placeholder 'name' in [{"name": "${name}","name_en": "${name_en}","parentid": 1}] 
2021-05-18 15:37:46 INFO  PlaceholderUtils:64 - Could not resolve placeholder 'name_en' in [{"name": "${name}","name_en": "${name_en}","parentid": 1}] 
2021-05-18 15:37:46 INFO  TestcaseStepModelCSV:52 - 进行基本参数替换 时间戳 随机数
2021-05-18 15:37:46 INFO  PlaceholderUtils:64 - Could not resolve placeholder 'name' in [{"name": "${name}","name_en": "${name_en}","parentid": 1}] 
2021-05-18 15:37:46 INFO  PlaceholderUtils:64 - Could not resolve placeholder 'name_en' in [{"name": "${name}","name_en": "${name_en}","parentid": 1}] 
2021-05-18 15:37:47 INFO  TestcaseStepModelCSV:52 - 进行基本参数替换 时间戳 随机数
2021-05-18 15:37:47 INFO  PlaceholderUtils:64 - Could not resolve placeholder 'name' in [{"name": "${name}","name_en": "${name_en}","parentid": 1}] 
2021-05-18 15:37:47 INFO  PlaceholderUtils:64 - Could not resolve placeholder 'name_en' in [{"name": "${name}","name_en": "${name_en}","parentid": 1}] 
2021-05-18 15:37:47 INFO  TestcaseStepModelCSV:52 - 进行基本参数替换 时间戳 随机数
2021-05-18 15:37:47 INFO  PlaceholderUtils:64 - Could not resolve placeholder 'name' in [{"name": "${name}","name_en": "${name_en}","parentid": 1}] 
2021-05-18 15:37:47 INFO  PlaceholderUtils:64 - Could not resolve placeholder 'name_en' in [{"name": "${name}","name_en": "${name_en}","parentid": 1}] 
2021-05-18 15:37:47 INFO  TestcaseModelCSVTest:49 - 【用例开始执行】
2021-05-18 15:37:47 INFO  TestcaseModelCSVTest:50 - 用例名称： getToken
2021-05-18 15:37:47 INFO  TestcaseModelCSVTest:51 - 用例描述： 获取Token方法测试用例
2021-05-18 15:37:47 INFO  TestcaseModelCSV:58 - 更新用例变量 新增: getTimeStamp
2021-05-18 15:37:47 INFO  TestcaseStepModelCSV:52 - 进行基本参数替换 时间戳 随机数
2021-05-18 15:37:47 INFO  PlaceholderUtils:64 - Could not resolve placeholder 'corpid' in [${corpid}] 
2021-05-18 15:37:47 INFO  PlaceholderUtils:64 - Could not resolve placeholder 'corpsecret' in [${corpsecret}] 
2021-05-18 15:37:47 INFO  TestcaseModelCSVTest:49 - 【用例开始执行】
2021-05-18 15:37:47 INFO  TestcaseModelCSVTest:50 - 用例名称： departmentTestCase
2021-05-18 15:37:47 INFO  TestcaseModelCSVTest:51 - 用例描述： 部门相关，增删改查测试用例
2021-05-18 15:37:47 INFO  TestcaseModelCSV:58 - 更新用例变量 新增: getTimeStamp
2021-05-18 15:37:47 INFO  TestcaseStepModelCSV:52 - 进行基本参数替换 时间戳 随机数
2021-05-18 15:37:47 INFO  PlaceholderUtils:64 - Could not resolve placeholder 'corpid' in [${corpid}] 
2021-05-18 15:37:47 INFO  PlaceholderUtils:64 - Could not resolve placeholder 'corpsecret' in [${corpsecret}] 
2021-05-18 15:37:47 INFO  TestcaseStepModelCSV:52 - 进行基本参数替换 时间戳 随机数
2021-05-18 15:37:47 INFO  PlaceholderUtils:64 - Could not resolve placeholder 'name' in [{"name": "${name}","name_en": "${name_en}","parentid": 1}] 
2021-05-18 15:37:47 INFO  PlaceholderUtils:64 - Could not resolve placeholder 'name_en' in [{"name": "${name}","name_en": "${name_en}","parentid": 1}] 
2021-05-18 15:37:47 INFO  TestcaseModelCSV:93 - 更新用例变量 新增：{departmentId=27}
2021-05-18 15:37:47 INFO  TestcaseStepModelCSV:52 - 进行基本参数替换 时间戳 随机数
2021-05-18 15:37:47 INFO  PlaceholderUtils:64 - Could not resolve placeholder 'departmentId' in [{ "id": ${departmentId}, "name": "${name}", "name_en": "${name_en}", "order": 1 }] 
2021-05-18 15:37:47 INFO  PlaceholderUtils:64 - Could not resolve placeholder 'name' in [{ "id": ${departmentId}, "name": "${name}", "name_en": "${name_en}", "order": 1 }] 
2021-05-18 15:37:47 INFO  PlaceholderUtils:64 - Could not resolve placeholder 'name_en' in [{ "id": ${departmentId}, "name": "${name}", "name_en": "${name_en}", "order": 1 }] 
2021-05-18 15:37:47 INFO  TestcaseStepModelCSV:52 - 进行基本参数替换 时间戳 随机数
2021-05-18 15:37:47 INFO  PlaceholderUtils:64 - Could not resolve placeholder 'departmentId' in [${departmentId}] 
2021-05-18 15:37:48 INFO  TestcaseStepModelCSV:52 - 进行基本参数替换 时间戳 随机数
2021-05-18 15:37:48 INFO  PlaceholderUtils:64 - Could not resolve placeholder 'departmentId' in [${departmentId}] 
2021-05-18 15:41:38 INFO  TestcaseModelCSVTest:49 - 【用例开始执行】
2021-05-18 15:41:38 INFO  TestcaseModelCSVTest:50 - 用例名称： creatdepartment
2021-05-18 15:41:38 INFO  TestcaseModelCSVTest:51 - 用例描述： 初步测试创建部门用例
2021-05-18 15:41:38 INFO  TestcaseModelCSV:58 - 更新用例变量 新增: getTimeStamp
2021-05-18 15:41:38 INFO  TestcaseStepModelCSV:52 - 进行基本参数替换 时间戳 随机数
2021-05-18 15:41:41 INFO  TestcaseStepModelCSV:52 - 进行基本参数替换 时间戳 随机数
2021-05-18 15:41:41 INFO  PlaceholderUtils:64 - Could not resolve placeholder 'name' in [{"name": "${name}","name_en": "${name_en}","parentid": 1}] 
2021-05-18 15:41:41 INFO  PlaceholderUtils:64 - Could not resolve placeholder 'name_en' in [{"name": "${name}","name_en": "${name_en}","parentid": 1}] 
2021-05-18 15:41:41 INFO  TestcaseStepModelCSV:52 - 进行基本参数替换 时间戳 随机数
2021-05-18 15:41:41 INFO  PlaceholderUtils:64 - Could not resolve placeholder 'name' in [{"name": "${name}","name_en": "${name_en}","parentid": 1}] 
2021-05-18 15:41:41 INFO  PlaceholderUtils:64 - Could not resolve placeholder 'name_en' in [{"name": "${name}","name_en": "${name_en}","parentid": 1}] 
2021-05-18 15:41:41 INFO  TestcaseStepModelCSV:52 - 进行基本参数替换 时间戳 随机数
2021-05-18 15:41:41 INFO  PlaceholderUtils:64 - Could not resolve placeholder 'name' in [{"name": "${name}","name_en": "${name_en}","parentid": 1}] 
2021-05-18 15:41:41 INFO  PlaceholderUtils:64 - Could not resolve placeholder 'name_en' in [{"name": "${name}","name_en": "${name_en}","parentid": 1}] 
2021-05-18 15:41:41 INFO  TestcaseStepModelCSV:52 - 进行基本参数替换 时间戳 随机数
2021-05-18 15:41:41 INFO  PlaceholderUtils:64 - Could not resolve placeholder 'name' in [{"name": "${name}","name_en": "${name_en}","parentid": 1}] 
2021-05-18 15:41:41 INFO  PlaceholderUtils:64 - Could not resolve placeholder 'name_en' in [{"name": "${name}","name_en": "${name_en}","parentid": 1}] 
2021-05-18 15:41:41 INFO  TestcaseStepModelCSV:52 - 进行基本参数替换 时间戳 随机数
2021-05-18 15:41:41 INFO  PlaceholderUtils:64 - Could not resolve placeholder 'name' in [{"name": "${name}","name_en": "${name_en}","parentid": 1}] 
2021-05-18 15:41:41 INFO  PlaceholderUtils:64 - Could not resolve placeholder 'name_en' in [{"name": "${name}","name_en": "${name_en}","parentid": 1}] 
2021-05-18 15:41:41 INFO  TestcaseStepModelCSV:52 - 进行基本参数替换 时间戳 随机数
2021-05-18 15:41:41 INFO  PlaceholderUtils:64 - Could not resolve placeholder 'name' in [{"name": "${name}","name_en": "${name_en}","parentid": 1}] 
2021-05-18 15:41:41 INFO  PlaceholderUtils:64 - Could not resolve placeholder 'name_en' in [{"name": "${name}","name_en": "${name_en}","parentid": 1}] 
2021-05-18 15:50:24 INFO  TestcaseModelCSVTest:49 - 【用例开始执行】
2021-05-18 15:50:24 INFO  TestcaseModelCSVTest:50 - 用例名称： creatdepartment
2021-05-18 15:50:24 INFO  TestcaseModelCSVTest:51 - 用例描述： 初步测试创建部门用例
2021-05-18 15:50:24 INFO  TestcaseModelCSV:58 - 更新用例变量 新增: getTimeStamp
2021-05-18 15:50:24 INFO  TestcaseStepModelCSV:52 - 进行基本参数替换 时间戳 随机数
2021-05-18 15:50:27 INFO  TestcaseStepModelCSV:52 - 进行基本参数替换 时间戳 随机数
2021-05-18 15:50:27 INFO  PlaceholderUtils:64 - Could not resolve placeholder 'name' in [{"name": "${name}","name_en": "${name_en}","parentid": 1}] 
2021-05-18 15:50:27 INFO  PlaceholderUtils:64 - Could not resolve placeholder 'name_en' in [{"name": "${name}","name_en": "${name_en}","parentid": 1}] 
2021-05-18 15:50:29 INFO  TestcaseStepModelCSV:52 - 进行基本参数替换 时间戳 随机数
2021-05-18 15:50:29 INFO  PlaceholderUtils:64 - Could not resolve placeholder 'name' in [{"name": "${name}","name_en": "${name_en}","parentid": 1}] 
2021-05-18 15:50:29 INFO  PlaceholderUtils:64 - Could not resolve placeholder 'name_en' in [{"name": "${name}","name_en": "${name_en}","parentid": 1}] 
2021-05-18 15:50:30 INFO  TestcaseStepModelCSV:52 - 进行基本参数替换 时间戳 随机数
2021-05-18 15:50:30 INFO  PlaceholderUtils:64 - Could not resolve placeholder 'name' in [{"name": "${name}","name_en": "${name_en}","parentid": 1}] 
2021-05-18 15:50:30 INFO  PlaceholderUtils:64 - Could not resolve placeholder 'name_en' in [{"name": "${name}","name_en": "${name_en}","parentid": 1}] 
2021-05-18 15:50:30 INFO  TestcaseStepModelCSV:52 - 进行基本参数替换 时间戳 随机数
2021-05-18 15:50:30 INFO  PlaceholderUtils:64 - Could not resolve placeholder 'name' in [{"name": "${name}","name_en": "${name_en}","parentid": 1}] 
2021-05-18 15:50:30 INFO  PlaceholderUtils:64 - Could not resolve placeholder 'name_en' in [{"name": "${name}","name_en": "${name_en}","parentid": 1}] 
2021-05-18 15:50:30 INFO  TestcaseStepModelCSV:52 - 进行基本参数替换 时间戳 随机数
2021-05-18 15:50:30 INFO  PlaceholderUtils:64 - Could not resolve placeholder 'name' in [{"name": "${name}","name_en": "${name_en}","parentid": 1}] 
2021-05-18 15:50:30 INFO  PlaceholderUtils:64 - Could not resolve placeholder 'name_en' in [{"name": "${name}","name_en": "${name_en}","parentid": 1}] 
2021-05-18 15:50:30 INFO  TestcaseStepModelCSV:52 - 进行基本参数替换 时间戳 随机数
2021-05-18 15:50:30 INFO  PlaceholderUtils:64 - Could not resolve placeholder 'name' in [{"name": "${name}","name_en": "${name_en}","parentid": 1}] 
2021-05-18 15:50:30 INFO  PlaceholderUtils:64 - Could not resolve placeholder 'name_en' in [{"name": "${name}","name_en": "${name_en}","parentid": 1}] 
2021-05-18 15:51:11 INFO  TestcaseModelCSVTest:49 - 【用例开始执行】
2021-05-18 15:51:11 INFO  TestcaseModelCSVTest:50 - 用例名称： creatdepartment
2021-05-18 15:51:11 INFO  TestcaseModelCSVTest:51 - 用例描述： 初步测试创建部门用例
2021-05-18 15:51:11 INFO  TestcaseModelCSV:58 - 更新用例变量 新增: getTimeStamp
2021-05-18 15:51:11 INFO  TestcaseStepModelCSV:52 - 进行基本参数替换 时间戳 随机数
2021-05-18 15:51:14 INFO  TestcaseStepModelCSV:52 - 进行基本参数替换 时间戳 随机数
2021-05-18 15:51:14 INFO  PlaceholderUtils:64 - Could not resolve placeholder 'name' in [{"name": "${name}","name_en": "${name_en}","parentid": 1}] 
2021-05-18 15:51:14 INFO  PlaceholderUtils:64 - Could not resolve placeholder 'name_en' in [{"name": "${name}","name_en": "${name_en}","parentid": 1}] 
2021-05-18 15:51:14 INFO  TestcaseStepModelCSV:52 - 进行基本参数替换 时间戳 随机数
2021-05-18 15:51:14 INFO  PlaceholderUtils:64 - Could not resolve placeholder 'name' in [{"name": "${name}","name_en": "${name_en}","parentid": 1}] 
2021-05-18 15:51:14 INFO  PlaceholderUtils:64 - Could not resolve placeholder 'name_en' in [{"name": "${name}","name_en": "${name_en}","parentid": 1}] 
2021-05-18 15:51:14 INFO  TestcaseStepModelCSV:52 - 进行基本参数替换 时间戳 随机数
2021-05-18 15:51:14 INFO  PlaceholderUtils:64 - Could not resolve placeholder 'name' in [{"name": "${name}","name_en": "${name_en}","parentid": 1}] 
2021-05-18 15:51:14 INFO  PlaceholderUtils:64 - Could not resolve placeholder 'name_en' in [{"name": "${name}","name_en": "${name_en}","parentid": 1}] 
2021-05-18 15:51:15 INFO  TestcaseStepModelCSV:52 - 进行基本参数替换 时间戳 随机数
2021-05-18 15:51:15 INFO  PlaceholderUtils:64 - Could not resolve placeholder 'name' in [{"name": "${name}","name_en": "${name_en}","parentid": 1}] 
2021-05-18 15:51:15 INFO  PlaceholderUtils:64 - Could not resolve placeholder 'name_en' in [{"name": "${name}","name_en": "${name_en}","parentid": 1}] 
2021-05-18 15:51:15 INFO  TestcaseStepModelCSV:52 - 进行基本参数替换 时间戳 随机数
2021-05-18 15:51:15 INFO  PlaceholderUtils:64 - Could not resolve placeholder 'name' in [{"name": "${name}","name_en": "${name_en}","parentid": 1}] 
2021-05-18 15:51:15 INFO  PlaceholderUtils:64 - Could not resolve placeholder 'name_en' in [{"name": "${name}","name_en": "${name_en}","parentid": 1}] 
2021-05-18 15:51:15 INFO  TestcaseStepModelCSV:52 - 进行基本参数替换 时间戳 随机数
2021-05-18 15:51:15 INFO  PlaceholderUtils:64 - Could not resolve placeholder 'name' in [{"name": "${name}","name_en": "${name_en}","parentid": 1}] 
2021-05-18 15:51:15 INFO  PlaceholderUtils:64 - Could not resolve placeholder 'name_en' in [{"name": "${name}","name_en": "${name_en}","parentid": 1}] 
2021-05-18 15:52:58 INFO  TestcaseModelCSVTest:49 - 【用例开始执行】
2021-05-18 15:52:58 INFO  TestcaseModelCSVTest:50 - 用例名称： creatdepartment
2021-05-18 15:52:58 INFO  TestcaseModelCSVTest:51 - 用例描述： 初步测试创建部门用例
2021-05-18 15:52:58 INFO  TestcaseModelCSV:58 - 更新用例变量 新增: getTimeStamp
2021-05-18 15:52:58 INFO  TestcaseStepModelCSV:52 - 进行基本参数替换 时间戳 随机数
2021-05-18 15:53:00 INFO  TestcaseStepModelCSV:52 - 进行基本参数替换 时间戳 随机数
2021-05-18 15:53:00 INFO  PlaceholderUtils:64 - Could not resolve placeholder 'name' in [{"name": "${name}","name_en": "${name_en}","parentid": 1}] 
2021-05-18 15:53:00 INFO  PlaceholderUtils:64 - Could not resolve placeholder 'name_en' in [{"name": "${name}","name_en": "${name_en}","parentid": 1}] 
2021-05-18 15:53:01 INFO  TestcaseStepModelCSV:52 - 进行基本参数替换 时间戳 随机数
2021-05-18 15:53:01 INFO  PlaceholderUtils:64 - Could not resolve placeholder 'name' in [{"name": "${name}","name_en": "${name_en}","parentid": 1}] 
2021-05-18 15:53:01 INFO  PlaceholderUtils:64 - Could not resolve placeholder 'name_en' in [{"name": "${name}","name_en": "${name_en}","parentid": 1}] 
2021-05-18 15:53:01 INFO  TestcaseStepModelCSV:52 - 进行基本参数替换 时间戳 随机数
2021-05-18 15:53:01 INFO  PlaceholderUtils:64 - Could not resolve placeholder 'name' in [{"name": "${name}","name_en": "${name_en}","parentid": 1}] 
2021-05-18 15:53:01 INFO  PlaceholderUtils:64 - Could not resolve placeholder 'name_en' in [{"name": "${name}","name_en": "${name_en}","parentid": 1}] 
2021-05-18 15:53:01 INFO  TestcaseStepModelCSV:52 - 进行基本参数替换 时间戳 随机数
2021-05-18 15:53:01 INFO  PlaceholderUtils:64 - Could not resolve placeholder 'name' in [{"name": "${name}","name_en": "${name_en}","parentid": 1}] 
2021-05-18 15:53:01 INFO  PlaceholderUtils:64 - Could not resolve placeholder 'name_en' in [{"name": "${name}","name_en": "${name_en}","parentid": 1}] 
2021-05-18 15:53:01 INFO  TestcaseModelCSV:81 - 更新用例变量 新增：{departmentId=27}
2021-05-18 15:53:01 INFO  TestcaseStepModelCSV:52 - 进行基本参数替换 时间戳 随机数
2021-05-18 15:53:01 INFO  PlaceholderUtils:64 - Could not resolve placeholder 'name' in [{"name": "${name}","name_en": "${name_en}","parentid": 1}] 
2021-05-18 15:53:01 INFO  PlaceholderUtils:64 - Could not resolve placeholder 'name_en' in [{"name": "${name}","name_en": "${name_en}","parentid": 1}] 
2021-05-18 15:53:01 INFO  TestcaseModelCSV:81 - 更新用例变量 新增：{departmentId=27}
2021-05-18 15:53:01 INFO  TestcaseStepModelCSV:52 - 进行基本参数替换 时间戳 随机数
2021-05-18 15:53:01 INFO  PlaceholderUtils:64 - Could not resolve placeholder 'name' in [{"name": "${name}","name_en": "${name_en}","parentid": 1}] 
2021-05-18 15:53:01 INFO  PlaceholderUtils:64 - Could not resolve placeholder 'name_en' in [{"name": "${name}","name_en": "${name_en}","parentid": 1}] 
2021-05-18 15:53:01 INFO  TestcaseModelCSV:81 - 更新用例变量 新增：{departmentId=27}
2021-05-18 16:07:53 INFO  TestcaseModelCSVTest:49 - 【用例开始执行】
2021-05-18 16:07:53 INFO  TestcaseModelCSVTest:50 - 用例名称： creatdepartment
2021-05-18 16:07:53 INFO  TestcaseModelCSVTest:51 - 用例描述： 初步测试创建部门用例
2021-05-18 16:07:53 INFO  TestcaseModelCSV:58 - 更新用例变量 新增: getTimeStamp
2021-05-18 16:07:53 INFO  TestcaseStepModelCSV:52 - 进行基本参数替换 时间戳 随机数
2021-05-18 16:07:56 INFO  TestcaseStepModelCSV:52 - 进行基本参数替换 时间戳 随机数
2021-05-18 16:07:56 INFO  PlaceholderUtils:64 - Could not resolve placeholder 'name' in [{"name": "${name}","name_en": "${name_en}","parentid": 1}] 
2021-05-18 16:07:56 INFO  PlaceholderUtils:64 - Could not resolve placeholder 'name_en' in [{"name": "${name}","name_en": "${name_en}","parentid": 1}] 
2021-05-18 16:07:56 INFO  TestcaseStepModelCSV:52 - 进行基本参数替换 时间戳 随机数
2021-05-18 16:07:56 INFO  PlaceholderUtils:64 - Could not resolve placeholder 'name' in [{"name": "${name}","name_en": "${name_en}","parentid": 1}] 
2021-05-18 16:07:56 INFO  PlaceholderUtils:64 - Could not resolve placeholder 'name_en' in [{"name": "${name}","name_en": "${name_en}","parentid": 1}] 
2021-05-18 16:07:56 INFO  TestcaseStepModelCSV:52 - 进行基本参数替换 时间戳 随机数
2021-05-18 16:07:56 INFO  PlaceholderUtils:64 - Could not resolve placeholder 'name' in [{"name": "${name}","name_en": "${name_en}","parentid": 1}] 
2021-05-18 16:07:56 INFO  PlaceholderUtils:64 - Could not resolve placeholder 'name_en' in [{"name": "${name}","name_en": "${name_en}","parentid": 1}] 
2021-05-18 16:07:56 INFO  TestcaseStepModelCSV:52 - 进行基本参数替换 时间戳 随机数
2021-05-18 16:07:56 INFO  PlaceholderUtils:64 - Could not resolve placeholder 'name' in [{"name": "${name}","name_en": "${name_en}","parentid": 1}] 
2021-05-18 16:07:56 INFO  PlaceholderUtils:64 - Could not resolve placeholder 'name_en' in [{"name": "${name}","name_en": "${name_en}","parentid": 1}] 
2021-05-18 16:07:56 INFO  TestcaseStepModelCSV:52 - 进行基本参数替换 时间戳 随机数
2021-05-18 16:07:56 INFO  PlaceholderUtils:64 - Could not resolve placeholder 'name' in [{"name": "${name}","name_en": "${name_en}","parentid": 1}] 
2021-05-18 16:07:56 INFO  PlaceholderUtils:64 - Could not resolve placeholder 'name_en' in [{"name": "${name}","name_en": "${name_en}","parentid": 1}] 
2021-05-18 16:07:56 INFO  TestcaseStepModelCSV:52 - 进行基本参数替换 时间戳 随机数
2021-05-18 16:07:56 INFO  PlaceholderUtils:64 - Could not resolve placeholder 'name' in [{"name": "${name}","name_en": "${name_en}","parentid": 1}] 
2021-05-18 16:07:56 INFO  PlaceholderUtils:64 - Could not resolve placeholder 'name_en' in [{"name": "${name}","name_en": "${name_en}","parentid": 1}] 
2021-05-18 16:08:40 INFO  TestcaseModelCSVTest:49 - 【用例开始执行】
2021-05-18 16:08:40 INFO  TestcaseModelCSVTest:50 - 用例名称： creatdepartment
2021-05-18 16:08:40 INFO  TestcaseModelCSVTest:51 - 用例描述： 初步测试创建部门用例
2021-05-18 16:08:40 INFO  TestcaseModelCSV:58 - 更新用例变量 新增: getTimeStamp
2021-05-18 16:08:40 INFO  TestcaseStepModelCSV:52 - 进行基本参数替换 时间戳 随机数
2021-05-18 16:08:42 INFO  TestcaseStepModelCSV:52 - 进行基本参数替换 时间戳 随机数
2021-05-18 16:08:42 INFO  PlaceholderUtils:64 - Could not resolve placeholder 'name' in [{"name": "${name}","name_en": "${name_en}","parentid": 1}] 
2021-05-18 16:08:42 INFO  PlaceholderUtils:64 - Could not resolve placeholder 'name_en' in [{"name": "${name}","name_en": "${name_en}","parentid": 1}] 
2021-05-18 16:08:43 INFO  TestcaseStepModelCSV:52 - 进行基本参数替换 时间戳 随机数
2021-05-18 16:08:43 INFO  PlaceholderUtils:64 - Could not resolve placeholder 'name' in [{"name": "${name}","name_en": "${name_en}","parentid": 1}] 
2021-05-18 16:08:43 INFO  PlaceholderUtils:64 - Could not resolve placeholder 'name_en' in [{"name": "${name}","name_en": "${name_en}","parentid": 1}] 
2021-05-18 16:08:43 INFO  TestcaseStepModelCSV:52 - 进行基本参数替换 时间戳 随机数
2021-05-18 16:08:43 INFO  PlaceholderUtils:64 - Could not resolve placeholder 'name' in [{"name": "${name}","name_en": "${name_en}","parentid": 1}] 
2021-05-18 16:08:43 INFO  PlaceholderUtils:64 - Could not resolve placeholder 'name_en' in [{"name": "${name}","name_en": "${name_en}","parentid": 1}] 
2021-05-18 16:08:43 INFO  TestcaseStepModelCSV:52 - 进行基本参数替换 时间戳 随机数
2021-05-18 16:08:43 INFO  PlaceholderUtils:64 - Could not resolve placeholder 'name' in [{"name": "${name}","name_en": "${name_en}","parentid": 1}] 
2021-05-18 16:08:43 INFO  PlaceholderUtils:64 - Could not resolve placeholder 'name_en' in [{"name": "${name}","name_en": "${name_en}","parentid": 1}] 
2021-05-18 16:08:43 INFO  TestcaseStepModelCSV:52 - 进行基本参数替换 时间戳 随机数
2021-05-18 16:08:43 INFO  PlaceholderUtils:64 - Could not resolve placeholder 'name' in [{"name": "${name}","name_en": "${name_en}","parentid": 1}] 
2021-05-18 16:08:43 INFO  PlaceholderUtils:64 - Could not resolve placeholder 'name_en' in [{"name": "${name}","name_en": "${name_en}","parentid": 1}] 
2021-05-18 16:08:43 INFO  TestcaseStepModelCSV:52 - 进行基本参数替换 时间戳 随机数
2021-05-18 16:08:43 INFO  PlaceholderUtils:64 - Could not resolve placeholder 'name' in [{"name": "${name}","name_en": "${name_en}","parentid": 1}] 
2021-05-18 16:08:43 INFO  PlaceholderUtils:64 - Could not resolve placeholder 'name_en' in [{"name": "${name}","name_en": "${name_en}","parentid": 1}] 
2021-05-18 16:10:22 INFO  TestcaseModelCSVTest:49 - 【用例开始执行】
2021-05-18 16:10:22 INFO  TestcaseModelCSVTest:50 - 用例名称： creatdepartment
2021-05-18 16:10:22 INFO  TestcaseModelCSVTest:51 - 用例描述： 初步测试创建部门用例
2021-05-18 16:10:22 INFO  TestcaseModelCSV:58 - 更新用例变量 新增: getTimeStamp
2021-05-18 16:10:22 INFO  TestcaseStepModelCSV:53 - 进行基本参数替换 时间戳 随机数
2021-05-18 16:10:24 INFO  TestcaseStepModelCSV:53 - 进行基本参数替换 时间戳 随机数
2021-05-18 16:10:24 INFO  PlaceholderUtils:64 - Could not resolve placeholder 'name' in [{"name": "${name}","name_en": "${name_en}","parentid": 1}] 
2021-05-18 16:10:24 INFO  PlaceholderUtils:64 - Could not resolve placeholder 'name_en' in [{"name": "${name}","name_en": "${name_en}","parentid": 1}] 
2021-05-18 16:10:24 INFO  TestcaseStepModelCSV:53 - 进行基本参数替换 时间戳 随机数
2021-05-18 16:10:24 INFO  PlaceholderUtils:64 - Could not resolve placeholder 'name' in [{"name": "${name}","name_en": "${name_en}","parentid": 1}] 
2021-05-18 16:10:24 INFO  PlaceholderUtils:64 - Could not resolve placeholder 'name_en' in [{"name": "${name}","name_en": "${name_en}","parentid": 1}] 
2021-05-18 16:10:24 INFO  TestcaseStepModelCSV:53 - 进行基本参数替换 时间戳 随机数
2021-05-18 16:10:24 INFO  PlaceholderUtils:64 - Could not resolve placeholder 'name' in [{"name": "${name}","name_en": "${name_en}","parentid": 1}] 
2021-05-18 16:10:24 INFO  PlaceholderUtils:64 - Could not resolve placeholder 'name_en' in [{"name": "${name}","name_en": "${name_en}","parentid": 1}] 
2021-05-18 16:10:25 INFO  TestcaseStepModelCSV:53 - 进行基本参数替换 时间戳 随机数
2021-05-18 16:10:25 INFO  PlaceholderUtils:64 - Could not resolve placeholder 'name' in [{"name": "${name}","name_en": "${name_en}","parentid": 1}] 
2021-05-18 16:10:25 INFO  PlaceholderUtils:64 - Could not resolve placeholder 'name_en' in [{"name": "${name}","name_en": "${name_en}","parentid": 1}] 
2021-05-18 16:10:25 INFO  TestcaseStepModelCSV:53 - 进行基本参数替换 时间戳 随机数
2021-05-18 16:10:25 INFO  PlaceholderUtils:64 - Could not resolve placeholder 'name' in [{"name": "${name}","name_en": "${name_en}","parentid": 1}] 
2021-05-18 16:10:25 INFO  PlaceholderUtils:64 - Could not resolve placeholder 'name_en' in [{"name": "${name}","name_en": "${name_en}","parentid": 1}] 
2021-05-18 16:10:25 INFO  TestcaseStepModelCSV:53 - 进行基本参数替换 时间戳 随机数
2021-05-18 16:10:25 INFO  PlaceholderUtils:64 - Could not resolve placeholder 'name' in [{"name": "${name}","name_en": "${name_en}","parentid": 1}] 
2021-05-18 16:10:25 INFO  PlaceholderUtils:64 - Could not resolve placeholder 'name_en' in [{"name": "${name}","name_en": "${name_en}","parentid": 1}] 
2021-05-18 16:12:56 INFO  TestcaseModelCSVTest:49 - 【用例开始执行】
2021-05-18 16:12:56 INFO  TestcaseModelCSVTest:50 - 用例名称： creatdepartment
2021-05-18 16:12:56 INFO  TestcaseModelCSVTest:51 - 用例描述： 初步测试创建部门用例
2021-05-18 16:12:56 INFO  TestcaseModelCSV:58 - 更新用例变量 新增: getTimeStamp
2021-05-18 16:12:56 INFO  TestcaseStepModelCSV:53 - 进行基本参数替换 时间戳 随机数
2021-05-18 16:12:58 INFO  TestcaseStepModelCSV:53 - 进行基本参数替换 时间戳 随机数
2021-05-18 16:12:58 INFO  PlaceholderUtils:64 - Could not resolve placeholder 'name' in [{"name": "${name}","name_en": "${name_en}","parentid": 1}] 
2021-05-18 16:12:58 INFO  PlaceholderUtils:64 - Could not resolve placeholder 'name_en' in [{"name": "${name}","name_en": "${name_en}","parentid": 1}] 
2021-05-18 16:12:58 INFO  TestcaseStepModelCSV:53 - 进行基本参数替换 时间戳 随机数
2021-05-18 16:12:58 INFO  PlaceholderUtils:64 - Could not resolve placeholder 'name' in [{"name": "${name}","name_en": "${name_en}","parentid": 1}] 
2021-05-18 16:12:58 INFO  PlaceholderUtils:64 - Could not resolve placeholder 'name_en' in [{"name": "${name}","name_en": "${name_en}","parentid": 1}] 
2021-05-18 16:12:58 INFO  TestcaseStepModelCSV:53 - 进行基本参数替换 时间戳 随机数
2021-05-18 16:12:58 INFO  PlaceholderUtils:64 - Could not resolve placeholder 'name' in [{"name": "${name}","name_en": "${name_en}","parentid": 1}] 
2021-05-18 16:12:58 INFO  PlaceholderUtils:64 - Could not resolve placeholder 'name_en' in [{"name": "${name}","name_en": "${name_en}","parentid": 1}] 
2021-05-18 16:12:59 INFO  TestcaseStepModelCSV:53 - 进行基本参数替换 时间戳 随机数
2021-05-18 16:12:59 INFO  PlaceholderUtils:64 - Could not resolve placeholder 'name' in [{"name": "${name}","name_en": "${name_en}","parentid": 1}] 
2021-05-18 16:12:59 INFO  PlaceholderUtils:64 - Could not resolve placeholder 'name_en' in [{"name": "${name}","name_en": "${name_en}","parentid": 1}] 
2021-05-18 16:12:59 INFO  TestcaseModelCSV:81 - 更新用例变量 新增：{departmentId=28}
2021-05-18 16:12:59 INFO  TestcaseStepModelCSV:53 - 进行基本参数替换 时间戳 随机数
2021-05-18 16:12:59 INFO  PlaceholderUtils:64 - Could not resolve placeholder 'name' in [{"name": "${name}","name_en": "${name_en}","parentid": 1}] 
2021-05-18 16:12:59 INFO  PlaceholderUtils:64 - Could not resolve placeholder 'name_en' in [{"name": "${name}","name_en": "${name_en}","parentid": 1}] 
2021-05-18 16:12:59 INFO  TestcaseModelCSV:81 - 更新用例变量 新增：{departmentId=28}
2021-05-18 16:12:59 INFO  TestcaseStepModelCSV:53 - 进行基本参数替换 时间戳 随机数
2021-05-18 16:12:59 INFO  PlaceholderUtils:64 - Could not resolve placeholder 'name' in [{"name": "${name}","name_en": "${name_en}","parentid": 1}] 
2021-05-18 16:12:59 INFO  PlaceholderUtils:64 - Could not resolve placeholder 'name_en' in [{"name": "${name}","name_en": "${name_en}","parentid": 1}] 
2021-05-18 16:12:59 INFO  TestcaseModelCSV:81 - 更新用例变量 新增：{departmentId=28}
2021-05-18 16:14:33 INFO  TestcaseModelCSVTest:49 - 【用例开始执行】
2021-05-18 16:14:33 INFO  TestcaseModelCSVTest:50 - 用例名称： creatdepartment
2021-05-18 16:14:33 INFO  TestcaseModelCSVTest:51 - 用例描述： 初步测试创建部门用例
2021-05-18 16:14:33 INFO  TestcaseModelCSV:58 - 更新用例变量 新增: getTimeStamp
2021-05-18 16:14:33 INFO  TestcaseStepModelCSV:53 - 进行基本参数替换 时间戳 随机数
2021-05-18 16:14:35 INFO  TestcaseStepModelCSV:53 - 进行基本参数替换 时间戳 随机数
2021-05-18 16:14:35 INFO  PlaceholderUtils:64 - Could not resolve placeholder 'name' in [{"name": "${name}","name_en": "${name_en}","parentid": 1}] 
2021-05-18 16:14:35 INFO  PlaceholderUtils:64 - Could not resolve placeholder 'name_en' in [{"name": "${name}","name_en": "${name_en}","parentid": 1}] 
2021-05-18 16:14:35 INFO  TestcaseStepModelCSV:53 - 进行基本参数替换 时间戳 随机数
2021-05-18 16:14:35 INFO  PlaceholderUtils:64 - Could not resolve placeholder 'name' in [{"name": "${name}","name_en": "${name_en}","parentid": 1}] 
2021-05-18 16:14:35 INFO  PlaceholderUtils:64 - Could not resolve placeholder 'name_en' in [{"name": "${name}","name_en": "${name_en}","parentid": 1}] 
2021-05-18 16:14:36 INFO  TestcaseStepModelCSV:53 - 进行基本参数替换 时间戳 随机数
2021-05-18 16:14:36 INFO  PlaceholderUtils:64 - Could not resolve placeholder 'name' in [{"name": "${name}","name_en": "${name_en}","parentid": 1}] 
2021-05-18 16:14:36 INFO  PlaceholderUtils:64 - Could not resolve placeholder 'name_en' in [{"name": "${name}","name_en": "${name_en}","parentid": 1}] 
2021-05-18 16:14:36 INFO  TestcaseStepModelCSV:53 - 进行基本参数替换 时间戳 随机数
2021-05-18 16:14:36 INFO  PlaceholderUtils:64 - Could not resolve placeholder 'name' in [{"name": "${name}","name_en": "${name_en}","parentid": 1}] 
2021-05-18 16:14:36 INFO  PlaceholderUtils:64 - Could not resolve placeholder 'name_en' in [{"name": "${name}","name_en": "${name_en}","parentid": 1}] 
2021-05-18 16:14:36 INFO  TestcaseStepModelCSV:53 - 进行基本参数替换 时间戳 随机数
2021-05-18 16:14:36 INFO  PlaceholderUtils:64 - Could not resolve placeholder 'name' in [{"name": "${name}","name_en": "${name_en}","parentid": 1}] 
2021-05-18 16:14:36 INFO  PlaceholderUtils:64 - Could not resolve placeholder 'name_en' in [{"name": "${name}","name_en": "${name_en}","parentid": 1}] 
2021-05-18 16:14:36 INFO  TestcaseStepModelCSV:53 - 进行基本参数替换 时间戳 随机数
2021-05-18 16:14:36 INFO  PlaceholderUtils:64 - Could not resolve placeholder 'name' in [{"name": "${name}","name_en": "${name_en}","parentid": 1}] 
2021-05-18 16:14:36 INFO  PlaceholderUtils:64 - Could not resolve placeholder 'name_en' in [{"name": "${name}","name_en": "${name_en}","parentid": 1}] 
2021-05-18 16:15:55 INFO  TestcaseModelCSVTest:49 - 【用例开始执行】
2021-05-18 16:15:55 INFO  TestcaseModelCSVTest:50 - 用例名称： creatdepartment
2021-05-18 16:15:55 INFO  TestcaseModelCSVTest:51 - 用例描述： 初步测试创建部门用例
2021-05-18 16:15:55 INFO  TestcaseModelCSV:58 - 更新用例变量 新增: getTimeStamp
2021-05-18 16:15:55 INFO  TestcaseStepModelCSV:53 - 进行基本参数替换 时间戳 随机数
2021-05-18 16:15:57 INFO  TestcaseStepModelCSV:53 - 进行基本参数替换 时间戳 随机数
2021-05-18 16:15:57 INFO  PlaceholderUtils:64 - Could not resolve placeholder 'name' in [{"name": "${name}","name_en": "${name_en}","parentid": 1}] 
2021-05-18 16:15:57 INFO  PlaceholderUtils:64 - Could not resolve placeholder 'name_en' in [{"name": "${name}","name_en": "${name_en}","parentid": 1}] 
2021-05-18 16:15:58 INFO  TestcaseStepModelCSV:53 - 进行基本参数替换 时间戳 随机数
2021-05-18 16:15:58 INFO  PlaceholderUtils:64 - Could not resolve placeholder 'name' in [{"name": "${name}","name_en": "${name_en}","parentid": 1}] 
2021-05-18 16:15:58 INFO  PlaceholderUtils:64 - Could not resolve placeholder 'name_en' in [{"name": "${name}","name_en": "${name_en}","parentid": 1}] 
2021-05-18 16:15:58 INFO  TestcaseStepModelCSV:53 - 进行基本参数替换 时间戳 随机数
2021-05-18 16:15:58 INFO  PlaceholderUtils:64 - Could not resolve placeholder 'name' in [{"name": "${name}","name_en": "${name_en}","parentid": 1}] 
2021-05-18 16:15:58 INFO  PlaceholderUtils:64 - Could not resolve placeholder 'name_en' in [{"name": "${name}","name_en": "${name_en}","parentid": 1}] 
2021-05-18 16:15:58 INFO  TestcaseStepModelCSV:53 - 进行基本参数替换 时间戳 随机数
2021-05-18 16:15:58 INFO  PlaceholderUtils:64 - Could not resolve placeholder 'name' in [{"name": "${name}","name_en": "${name_en}","parentid": 1}] 
2021-05-18 16:15:58 INFO  PlaceholderUtils:64 - Could not resolve placeholder 'name_en' in [{"name": "${name}","name_en": "${name_en}","parentid": 1}] 
2021-05-18 16:15:58 INFO  TestcaseModelCSV:81 - 更新用例变量 新增：{departmentId=29}
2021-05-18 16:15:58 INFO  TestcaseStepModelCSV:53 - 进行基本参数替换 时间戳 随机数
2021-05-18 16:15:58 INFO  PlaceholderUtils:64 - Could not resolve placeholder 'name' in [{"name": "${name}","name_en": "${name_en}","parentid": 1}] 
2021-05-18 16:15:58 INFO  PlaceholderUtils:64 - Could not resolve placeholder 'name_en' in [{"name": "${name}","name_en": "${name_en}","parentid": 1}] 
2021-05-18 16:15:58 INFO  TestcaseModelCSV:81 - 更新用例变量 新增：{departmentId=29}
2021-05-18 16:15:58 INFO  TestcaseStepModelCSV:53 - 进行基本参数替换 时间戳 随机数
2021-05-18 16:15:58 INFO  PlaceholderUtils:64 - Could not resolve placeholder 'name' in [{"name": "${name}","name_en": "${name_en}","parentid": 1}] 
2021-05-18 16:15:58 INFO  PlaceholderUtils:64 - Could not resolve placeholder 'name_en' in [{"name": "${name}","name_en": "${name_en}","parentid": 1}] 
2021-05-18 16:15:58 INFO  TestcaseModelCSV:81 - 更新用例变量 新增：{departmentId=29}
2021-05-18 16:18:52 INFO  TestcaseModelCSVTest:49 - 【用例开始执行】
2021-05-18 16:18:52 INFO  TestcaseModelCSVTest:50 - 用例名称： creatdepartment
2021-05-18 16:18:52 INFO  TestcaseModelCSVTest:51 - 用例描述： 初步测试创建部门用例
2021-05-18 16:18:52 INFO  TestcaseModelCSV:58 - 更新用例变量 新增: getTimeStamp
2021-05-18 16:18:52 INFO  TestcaseStepModelCSV:53 - 进行基本参数替换 时间戳 随机数
2021-05-18 16:18:54 INFO  TestcaseStepModelCSV:53 - 进行基本参数替换 时间戳 随机数
2021-05-18 16:18:54 INFO  PlaceholderUtils:64 - Could not resolve placeholder 'name' in [{"name": "${name}","name_en": "${name_en}","parentid": 1}] 
2021-05-18 16:18:54 INFO  PlaceholderUtils:64 - Could not resolve placeholder 'name_en' in [{"name": "${name}","name_en": "${name_en}","parentid": 1}] 
2021-05-18 16:18:54 INFO  TestcaseStepModelCSV:53 - 进行基本参数替换 时间戳 随机数
2021-05-18 16:18:54 INFO  PlaceholderUtils:64 - Could not resolve placeholder 'name' in [{"name": "${name}","name_en": "${name_en}","parentid": 1}] 
2021-05-18 16:18:54 INFO  PlaceholderUtils:64 - Could not resolve placeholder 'name_en' in [{"name": "${name}","name_en": "${name_en}","parentid": 1}] 
2021-05-18 16:18:54 INFO  TestcaseStepModelCSV:53 - 进行基本参数替换 时间戳 随机数
2021-05-18 16:18:54 INFO  PlaceholderUtils:64 - Could not resolve placeholder 'name' in [{"name": "${name}","name_en": "${name_en}","parentid": 1}] 
2021-05-18 16:18:54 INFO  PlaceholderUtils:64 - Could not resolve placeholder 'name_en' in [{"name": "${name}","name_en": "${name_en}","parentid": 1}] 
2021-05-18 16:18:54 INFO  TestcaseStepModelCSV:53 - 进行基本参数替换 时间戳 随机数
2021-05-18 16:18:54 INFO  PlaceholderUtils:64 - Could not resolve placeholder 'name' in [{"name": "${name}","name_en": "${name_en}","parentid": 1}] 
2021-05-18 16:18:54 INFO  PlaceholderUtils:64 - Could not resolve placeholder 'name_en' in [{"name": "${name}","name_en": "${name_en}","parentid": 1}] 
2021-05-18 16:18:55 INFO  TestcaseStepModelCSV:53 - 进行基本参数替换 时间戳 随机数
2021-05-18 16:18:55 INFO  PlaceholderUtils:64 - Could not resolve placeholder 'name' in [{"name": "${name}","name_en": "${name_en}","parentid": 1}] 
2021-05-18 16:18:55 INFO  PlaceholderUtils:64 - Could not resolve placeholder 'name_en' in [{"name": "${name}","name_en": "${name_en}","parentid": 1}] 
2021-05-18 16:18:55 INFO  TestcaseStepModelCSV:53 - 进行基本参数替换 时间戳 随机数
2021-05-18 16:18:55 INFO  PlaceholderUtils:64 - Could not resolve placeholder 'name' in [{"name": "${name}","name_en": "${name_en}","parentid": 1}] 
2021-05-18 16:18:55 INFO  PlaceholderUtils:64 - Could not resolve placeholder 'name_en' in [{"name": "${name}","name_en": "${name_en}","parentid": 1}] 
2021-05-18 16:18:55 INFO  TestcaseStepModelCSV:102 - 0==================
2021-05-18 16:18:55 INFO  TestcaseStepModelCSV:103 - 0================
2021-05-18 16:18:55 INFO  TestcaseStepModelCSV:102 - department existed, hint: [1621325931_197_2c5d311e51b4a96dcb2aa5771543e13a], from ip: 116.31.94.2, more info at https://open.work.weixin.qq.com/devtool/query?e=60008==================
2021-05-18 16:18:55 INFO  TestcaseStepModelCSV:103 - created================
2021-05-18 16:18:55 INFO  TestcaseStepModelCSV:107 - department existed, hint: [1621325931_197_2c5d311e51b4a96dcb2aa5771543e13a], from ip: 116.31.94.2, more info at https://open.work.weixin.qq.com/devtool/query?e=60008+++++++__________________
2021-05-18 16:18:55 INFO  TestcaseStepModelCSV:108 - created______________________________
2021-05-18 16:18:55 INFO  TestcaseStepModelCSV:102 - department invalid length, hint: [1621325931_197_4b019755cb4c634c4c09b379ca7e0b54], from ip: 116.31.94.2, more info at https://open.work.weixin.qq.com/devtool/query?e=60001==================
2021-05-18 16:18:55 INFO  TestcaseStepModelCSV:103 - department invalid length================
2021-05-18 16:18:55 INFO  TestcaseStepModelCSV:107 - department invalid length, hint: [1621325931_197_4b019755cb4c634c4c09b379ca7e0b54], from ip: 116.31.94.2, more info at https://open.work.weixin.qq.com/devtool/query?e=60001+++++++__________________
2021-05-18 16:18:55 INFO  TestcaseStepModelCSV:108 - department invalid length______________________________
2021-05-18 16:18:55 INFO  TestcaseStepModelCSV:102 - Warning: wrong json format. department name include invalid char, hint: [1621325931_197_94a5eb8346a812f4c1460c495565fa3d], from ip: 116.31.94.2, more info at https://open.work.weixin.qq.com/devtool/query?e=60009==================
2021-05-18 16:18:55 INFO  TestcaseStepModelCSV:103 - department name include invalid char================
2021-05-18 16:18:55 INFO  TestcaseStepModelCSV:107 - Warning: wrong json format. department name include invalid char, hint: [1621325931_197_94a5eb8346a812f4c1460c495565fa3d], from ip: 116.31.94.2, more info at https://open.work.weixin.qq.com/devtool/query?e=60009+++++++__________________
2021-05-18 16:18:55 INFO  TestcaseStepModelCSV:108 - department name include invalid char______________________________
2021-05-18 16:18:55 INFO  TestcaseStepModelCSV:102 - department existed, hint: [1621325931_197_4dd4e4879d1a4601bbb69b49e598fdf9], from ip: 116.31.94.2, more info at https://open.work.weixin.qq.com/devtool/query?e=60008==================
2021-05-18 16:18:55 INFO  TestcaseStepModelCSV:103 - created================
2021-05-18 16:18:55 INFO  TestcaseStepModelCSV:107 - department existed, hint: [1621325931_197_4dd4e4879d1a4601bbb69b49e598fdf9], from ip: 116.31.94.2, more info at https://open.work.weixin.qq.com/devtool/query?e=60008+++++++__________________
2021-05-18 16:18:55 INFO  TestcaseStepModelCSV:108 - created______________________________
2021-05-18 16:18:55 INFO  TestcaseStepModelCSV:102 - name_en exceed max length 32. Invalid input invalid Request Parameter, hint: [1621325931_197_28b461fd26b04f2f6f5f519a6f91f49a], from ip: , more info at https://open.work.weixin.qq.com/devtool/query?e=40058==================
2021-05-18 16:18:55 INFO  TestcaseStepModelCSV:103 - name_en exceed max length 32================
2021-05-18 16:18:55 INFO  TestcaseStepModelCSV:107 - name_en exceed max length 32. Invalid input invalid Request Parameter, hint: [1621325931_197_28b461fd26b04f2f6f5f519a6f91f49a], from ip: , more info at https://open.work.weixin.qq.com/devtool/query?e=40058+++++++__________________
2021-05-18 16:18:55 INFO  TestcaseStepModelCSV:108 - name_en exceed max length 32______________________________
2021-05-18 16:18:55 INFO  TestcaseStepModelCSV:102 - Warning: wrong json format. department name include invalid char, hint: [1621325931_197_4259d62d2b692e229e94ad7e7a8ff973], from ip: 116.31.94.2, more info at https://open.work.weixin.qq.com/devtool/query?e=60009==================
2021-05-18 16:18:55 INFO  TestcaseStepModelCSV:103 - department name include invalid char================
2021-05-18 16:18:55 INFO  TestcaseStepModelCSV:107 - Warning: wrong json format. department name include invalid char, hint: [1621325931_197_4259d62d2b692e229e94ad7e7a8ff973], from ip: 116.31.94.2, more info at https://open.work.weixin.qq.com/devtool/query?e=60009+++++++__________________
2021-05-18 16:18:55 INFO  TestcaseStepModelCSV:108 - department name include invalid char______________________________
2021-05-18 16:23:39 INFO  TestcaseModelCSVTest:49 - 【用例开始执行】
2021-05-18 16:23:39 INFO  TestcaseModelCSVTest:50 - 用例名称： creatdepartment
2021-05-18 16:23:39 INFO  TestcaseModelCSVTest:51 - 用例描述： 初步测试创建部门用例
2021-05-18 16:23:39 INFO  TestcaseModelCSV:58 - 更新用例变量 新增: getTimeStamp
2021-05-18 16:23:39 INFO  TestcaseStepModelCSV:53 - 进行基本参数替换 时间戳 随机数
2021-05-18 16:23:41 INFO  TestcaseStepModelCSV:53 - 进行基本参数替换 时间戳 随机数
2021-05-18 16:23:41 INFO  PlaceholderUtils:64 - Could not resolve placeholder 'name' in [{"name": "${name}","name_en": "${name_en}","parentid": 1}] 
2021-05-18 16:23:41 INFO  PlaceholderUtils:64 - Could not resolve placeholder 'name_en' in [{"name": "${name}","name_en": "${name_en}","parentid": 1}] 
2021-05-18 16:23:42 INFO  TestcaseStepModelCSV:53 - 进行基本参数替换 时间戳 随机数
2021-05-18 16:23:42 INFO  PlaceholderUtils:64 - Could not resolve placeholder 'name' in [{"name": "${name}","name_en": "${name_en}","parentid": 1}] 
2021-05-18 16:23:42 INFO  PlaceholderUtils:64 - Could not resolve placeholder 'name_en' in [{"name": "${name}","name_en": "${name_en}","parentid": 1}] 
2021-05-18 16:23:42 INFO  TestcaseStepModelCSV:53 - 进行基本参数替换 时间戳 随机数
2021-05-18 16:23:42 INFO  PlaceholderUtils:64 - Could not resolve placeholder 'name' in [{"name": "${name}","name_en": "${name_en}","parentid": 1}] 
2021-05-18 16:23:42 INFO  PlaceholderUtils:64 - Could not resolve placeholder 'name_en' in [{"name": "${name}","name_en": "${name_en}","parentid": 1}] 
2021-05-18 16:23:42 INFO  TestcaseStepModelCSV:53 - 进行基本参数替换 时间戳 随机数
2021-05-18 16:23:42 INFO  PlaceholderUtils:64 - Could not resolve placeholder 'name' in [{"name": "${name}","name_en": "${name_en}","parentid": 1}] 
2021-05-18 16:23:42 INFO  PlaceholderUtils:64 - Could not resolve placeholder 'name_en' in [{"name": "${name}","name_en": "${name_en}","parentid": 1}] 
2021-05-18 16:23:42 INFO  TestcaseStepModelCSV:53 - 进行基本参数替换 时间戳 随机数
2021-05-18 16:23:42 INFO  PlaceholderUtils:64 - Could not resolve placeholder 'name' in [{"name": "${name}","name_en": "${name_en}","parentid": 1}] 
2021-05-18 16:23:42 INFO  PlaceholderUtils:64 - Could not resolve placeholder 'name_en' in [{"name": "${name}","name_en": "${name_en}","parentid": 1}] 
2021-05-18 16:23:42 INFO  TestcaseStepModelCSV:53 - 进行基本参数替换 时间戳 随机数
2021-05-18 16:23:42 INFO  PlaceholderUtils:64 - Could not resolve placeholder 'name' in [{"name": "${name}","name_en": "${name_en}","parentid": 1}] 
2021-05-18 16:23:42 INFO  PlaceholderUtils:64 - Could not resolve placeholder 'name_en' in [{"name": "${name}","name_en": "${name_en}","parentid": 1}] 
2021-05-18 16:29:50 INFO  TestcaseModelCSVTest:49 - 【用例开始执行】
2021-05-18 16:29:50 INFO  TestcaseModelCSVTest:50 - 用例名称： creatdepartment
2021-05-18 16:29:50 INFO  TestcaseModelCSVTest:51 - 用例描述： 初步测试创建部门用例
2021-05-18 16:29:50 INFO  TestcaseModelCSV:58 - 更新用例变量 新增: getTimeStamp
2021-05-18 16:29:50 INFO  TestcaseStepModelCSV:53 - 进行基本参数替换 时间戳 随机数
2021-05-18 16:29:52 INFO  TestcaseStepModelCSV:53 - 进行基本参数替换 时间戳 随机数
2021-05-18 16:29:52 INFO  PlaceholderUtils:64 - Could not resolve placeholder 'name' in [{"name": "${name}","name_en": "${name_en}","parentid": 1}] 
2021-05-18 16:29:52 INFO  PlaceholderUtils:64 - Could not resolve placeholder 'name_en' in [{"name": "${name}","name_en": "${name_en}","parentid": 1}] 
2021-05-18 16:29:52 INFO  TestcaseStepModelCSV:53 - 进行基本参数替换 时间戳 随机数
2021-05-18 16:29:52 INFO  PlaceholderUtils:64 - Could not resolve placeholder 'name' in [{"name": "${name}","name_en": "${name_en}","parentid": 1}] 
2021-05-18 16:29:52 INFO  PlaceholderUtils:64 - Could not resolve placeholder 'name_en' in [{"name": "${name}","name_en": "${name_en}","parentid": 1}] 
2021-05-18 16:29:52 INFO  TestcaseStepModelCSV:53 - 进行基本参数替换 时间戳 随机数
2021-05-18 16:29:52 INFO  PlaceholderUtils:64 - Could not resolve placeholder 'name' in [{"name": "${name}","name_en": "${name_en}","parentid": 1}] 
2021-05-18 16:29:52 INFO  PlaceholderUtils:64 - Could not resolve placeholder 'name_en' in [{"name": "${name}","name_en": "${name_en}","parentid": 1}] 
2021-05-18 16:29:52 INFO  TestcaseStepModelCSV:53 - 进行基本参数替换 时间戳 随机数
2021-05-18 16:29:52 INFO  PlaceholderUtils:64 - Could not resolve placeholder 'name' in [{"name": "${name}","name_en": "${name_en}","parentid": 1}] 
2021-05-18 16:29:52 INFO  PlaceholderUtils:64 - Could not resolve placeholder 'name_en' in [{"name": "${name}","name_en": "${name_en}","parentid": 1}] 
2021-05-18 16:29:52 INFO  TestcaseStepModelCSV:53 - 进行基本参数替换 时间戳 随机数
2021-05-18 16:29:52 INFO  PlaceholderUtils:64 - Could not resolve placeholder 'name' in [{"name": "${name}","name_en": "${name_en}","parentid": 1}] 
2021-05-18 16:29:52 INFO  PlaceholderUtils:64 - Could not resolve placeholder 'name_en' in [{"name": "${name}","name_en": "${name_en}","parentid": 1}] 
2021-05-18 16:29:52 INFO  TestcaseStepModelCSV:53 - 进行基本参数替换 时间戳 随机数
2021-05-18 16:29:52 INFO  PlaceholderUtils:64 - Could not resolve placeholder 'name' in [{"name": "${name}","name_en": "${name_en}","parentid": 1}] 
2021-05-18 16:29:52 INFO  PlaceholderUtils:64 - Could not resolve placeholder 'name_en' in [{"name": "${name}","name_en": "${name_en}","parentid": 1}] 
2021-05-18 16:30:58 INFO  TestcaseModelCSVTest:49 - 【用例开始执行】
2021-05-18 16:30:58 INFO  TestcaseModelCSVTest:50 - 用例名称： creatdepartment
2021-05-18 16:30:58 INFO  TestcaseModelCSVTest:51 - 用例描述： 初步测试创建部门用例
2021-05-18 16:30:58 INFO  TestcaseModelCSV:58 - 更新用例变量 新增: getTimeStamp
2021-05-18 16:30:58 INFO  TestcaseStepModelCSV:53 - 进行基本参数替换 时间戳 随机数
2021-05-18 16:31:00 INFO  TestcaseStepModelCSV:53 - 进行基本参数替换 时间戳 随机数
2021-05-18 16:31:00 INFO  PlaceholderUtils:64 - Could not resolve placeholder 'name' in [{"name": "${name}","name_en": "${name_en}","parentid": 1}] 
2021-05-18 16:31:00 INFO  PlaceholderUtils:64 - Could not resolve placeholder 'name_en' in [{"name": "${name}","name_en": "${name_en}","parentid": 1}] 
2021-05-18 16:31:00 INFO  TestcaseStepModelCSV:53 - 进行基本参数替换 时间戳 随机数
2021-05-18 16:31:00 INFO  PlaceholderUtils:64 - Could not resolve placeholder 'name' in [{"name": "${name}","name_en": "${name_en}","parentid": 1}] 
2021-05-18 16:31:00 INFO  PlaceholderUtils:64 - Could not resolve placeholder 'name_en' in [{"name": "${name}","name_en": "${name_en}","parentid": 1}] 
2021-05-18 16:31:00 INFO  TestcaseStepModelCSV:53 - 进行基本参数替换 时间戳 随机数
2021-05-18 16:31:00 INFO  PlaceholderUtils:64 - Could not resolve placeholder 'name' in [{"name": "${name}","name_en": "${name_en}","parentid": 1}] 
2021-05-18 16:31:00 INFO  PlaceholderUtils:64 - Could not resolve placeholder 'name_en' in [{"name": "${name}","name_en": "${name_en}","parentid": 1}] 
2021-05-18 16:31:01 INFO  TestcaseStepModelCSV:53 - 进行基本参数替换 时间戳 随机数
2021-05-18 16:31:01 INFO  PlaceholderUtils:64 - Could not resolve placeholder 'name' in [{"name": "${name}","name_en": "${name_en}","parentid": 1}] 
2021-05-18 16:31:01 INFO  PlaceholderUtils:64 - Could not resolve placeholder 'name_en' in [{"name": "${name}","name_en": "${name_en}","parentid": 1}] 
2021-05-18 16:31:01 INFO  TestcaseModelCSV:81 - 更新用例变量 新增：{departmentId=30}
2021-05-18 16:31:01 INFO  TestcaseStepModelCSV:53 - 进行基本参数替换 时间戳 随机数
2021-05-18 16:31:01 INFO  PlaceholderUtils:64 - Could not resolve placeholder 'name' in [{"name": "${name}","name_en": "${name_en}","parentid": 1}] 
2021-05-18 16:31:01 INFO  PlaceholderUtils:64 - Could not resolve placeholder 'name_en' in [{"name": "${name}","name_en": "${name_en}","parentid": 1}] 
2021-05-18 16:31:01 INFO  TestcaseModelCSV:81 - 更新用例变量 新增：{departmentId=30}
2021-05-18 16:31:01 INFO  TestcaseStepModelCSV:53 - 进行基本参数替换 时间戳 随机数
2021-05-18 16:31:01 INFO  PlaceholderUtils:64 - Could not resolve placeholder 'name' in [{"name": "${name}","name_en": "${name_en}","parentid": 1}] 
2021-05-18 16:31:01 INFO  PlaceholderUtils:64 - Could not resolve placeholder 'name_en' in [{"name": "${name}","name_en": "${name_en}","parentid": 1}] 
2021-05-18 16:31:01 INFO  TestcaseModelCSV:81 - 更新用例变量 新增：{departmentId=30}
2021-05-18 16:44:56 INFO  TestcaseModelCSVTest:49 - 【用例开始执行】
2021-05-18 16:44:56 INFO  TestcaseModelCSVTest:50 - 用例名称： creatdepartment
2021-05-18 16:44:56 INFO  TestcaseModelCSVTest:51 - 用例描述： 初步测试创建部门用例
2021-05-18 16:44:56 INFO  TestcaseModelCSV:58 - 更新用例变量 新增: getTimeStamp
2021-05-18 16:44:56 INFO  TestcaseStepModelCSV:53 - 进行基本参数替换 时间戳 随机数
2021-05-18 16:44:58 INFO  TestcaseStepModelCSV:53 - 进行基本参数替换 时间戳 随机数
2021-05-18 16:44:58 INFO  PlaceholderUtils:64 - Could not resolve placeholder 'name' in [{"name": "${name}","name_en": "${name_en}","parentid": 1}] 
2021-05-18 16:44:58 INFO  PlaceholderUtils:64 - Could not resolve placeholder 'name_en' in [{"name": "${name}","name_en": "${name_en}","parentid": 1}] 
2021-05-18 16:44:58 INFO  TestcaseStepModelCSV:53 - 进行基本参数替换 时间戳 随机数
2021-05-18 16:44:58 INFO  PlaceholderUtils:64 - Could not resolve placeholder 'name' in [{"name": "${name}","name_en": "${name_en}","parentid": 1}] 
2021-05-18 16:44:58 INFO  PlaceholderUtils:64 - Could not resolve placeholder 'name_en' in [{"name": "${name}","name_en": "${name_en}","parentid": 1}] 
2021-05-18 16:44:59 INFO  TestcaseStepModelCSV:53 - 进行基本参数替换 时间戳 随机数
2021-05-18 16:44:59 INFO  PlaceholderUtils:64 - Could not resolve placeholder 'name' in [{"name": "${name}","name_en": "${name_en}","parentid": 1}] 
2021-05-18 16:44:59 INFO  PlaceholderUtils:64 - Could not resolve placeholder 'name_en' in [{"name": "${name}","name_en": "${name_en}","parentid": 1}] 
2021-05-18 16:44:59 INFO  TestcaseStepModelCSV:53 - 进行基本参数替换 时间戳 随机数
2021-05-18 16:44:59 INFO  PlaceholderUtils:64 - Could not resolve placeholder 'name' in [{"name": "${name}","name_en": "${name_en}","parentid": 1}] 
2021-05-18 16:44:59 INFO  PlaceholderUtils:64 - Could not resolve placeholder 'name_en' in [{"name": "${name}","name_en": "${name_en}","parentid": 1}] 
2021-05-18 16:44:59 INFO  TestcaseStepModelCSV:53 - 进行基本参数替换 时间戳 随机数
2021-05-18 16:44:59 INFO  PlaceholderUtils:64 - Could not resolve placeholder 'name' in [{"name": "${name}","name_en": "${name_en}","parentid": 1}] 
2021-05-18 16:44:59 INFO  PlaceholderUtils:64 - Could not resolve placeholder 'name_en' in [{"name": "${name}","name_en": "${name_en}","parentid": 1}] 
2021-05-18 16:44:59 INFO  TestcaseStepModelCSV:53 - 进行基本参数替换 时间戳 随机数
2021-05-18 16:44:59 INFO  PlaceholderUtils:64 - Could not resolve placeholder 'name' in [{"name": "${name}","name_en": "${name_en}","parentid": 1}] 
2021-05-18 16:44:59 INFO  PlaceholderUtils:64 - Could not resolve placeholder 'name_en' in [{"name": "${name}","name_en": "${name_en}","parentid": 1}] 
2021-05-18 16:48:07 INFO  TestcaseModelCSVTest:49 - 【用例开始执行】
2021-05-18 16:48:07 INFO  TestcaseModelCSVTest:50 - 用例名称： creatdepartment
2021-05-18 16:48:07 INFO  TestcaseModelCSVTest:51 - 用例描述： 初步测试创建部门用例
2021-05-18 16:48:07 INFO  TestcaseModelCSV:58 - 更新用例变量 新增: getTimeStamp
2021-05-18 16:48:07 INFO  TestcaseStepModelCSV:53 - 进行基本参数替换 时间戳 随机数
2021-05-18 16:48:09 INFO  TestcaseStepModelCSV:53 - 进行基本参数替换 时间戳 随机数
2021-05-18 16:48:09 INFO  PlaceholderUtils:64 - Could not resolve placeholder 'name' in [{"name": "${name}","name_en": "${name_en}","parentid": 1}] 
2021-05-18 16:48:09 INFO  PlaceholderUtils:64 - Could not resolve placeholder 'name_en' in [{"name": "${name}","name_en": "${name_en}","parentid": 1}] 
2021-05-18 16:48:09 INFO  TestcaseModelCSV:81 - 更新用例变量 新增：{departmentId=31}
2021-05-18 16:48:09 INFO  TestcaseStepModelCSV:53 - 进行基本参数替换 时间戳 随机数
2021-05-18 16:48:09 INFO  PlaceholderUtils:64 - Could not resolve placeholder 'name' in [{"name": "${name}","name_en": "${name_en}","parentid": 1}] 
2021-05-18 16:48:09 INFO  PlaceholderUtils:64 - Could not resolve placeholder 'name_en' in [{"name": "${name}","name_en": "${name_en}","parentid": 1}] 
2021-05-18 16:48:09 INFO  TestcaseModelCSV:81 - 更新用例变量 新增：{departmentId=31}
2021-05-18 16:48:09 INFO  TestcaseStepModelCSV:53 - 进行基本参数替换 时间戳 随机数
2021-05-18 16:48:09 INFO  PlaceholderUtils:64 - Could not resolve placeholder 'name' in [{"name": "${name}","name_en": "${name_en}","parentid": 1}] 
2021-05-18 16:48:09 INFO  PlaceholderUtils:64 - Could not resolve placeholder 'name_en' in [{"name": "${name}","name_en": "${name_en}","parentid": 1}] 
2021-05-18 16:48:09 INFO  TestcaseModelCSV:81 - 更新用例变量 新增：{departmentId=31}
2021-05-18 16:48:09 INFO  TestcaseStepModelCSV:53 - 进行基本参数替换 时间戳 随机数
2021-05-18 16:48:09 INFO  PlaceholderUtils:64 - Could not resolve placeholder 'name' in [{"name": "${name}","name_en": "${name_en}","parentid": 1}] 
2021-05-18 16:48:09 INFO  PlaceholderUtils:64 - Could not resolve placeholder 'name_en' in [{"name": "${name}","name_en": "${name_en}","parentid": 1}] 
2021-05-18 16:48:10 INFO  TestcaseModelCSV:81 - 更新用例变量 新增：{departmentId=32}
2021-05-18 16:48:10 INFO  TestcaseStepModelCSV:53 - 进行基本参数替换 时间戳 随机数
2021-05-18 16:48:10 INFO  PlaceholderUtils:64 - Could not resolve placeholder 'name' in [{"name": "${name}","name_en": "${name_en}","parentid": 1}] 
2021-05-18 16:48:10 INFO  PlaceholderUtils:64 - Could not resolve placeholder 'name_en' in [{"name": "${name}","name_en": "${name_en}","parentid": 1}] 
2021-05-18 16:48:10 INFO  TestcaseModelCSV:81 - 更新用例变量 新增：{departmentId=32}
2021-05-18 16:48:10 INFO  TestcaseStepModelCSV:53 - 进行基本参数替换 时间戳 随机数
2021-05-18 16:48:10 INFO  PlaceholderUtils:64 - Could not resolve placeholder 'name' in [{"name": "${name}","name_en": "${name_en}","parentid": 1}] 
2021-05-18 16:48:10 INFO  PlaceholderUtils:64 - Could not resolve placeholder 'name_en' in [{"name": "${name}","name_en": "${name_en}","parentid": 1}] 
2021-05-18 16:48:10 INFO  TestcaseModelCSV:81 - 更新用例变量 新增：{departmentId=32}
2021-05-18 16:48:10 INFO  TestcaseModelCSVTest:53 - debug
2021-05-18 16:56:45 INFO  ApiTest:33 - 【用例开始执行】
2021-05-18 16:56:45 INFO  ApiTest:34 - 用例名称： creatdepartment
2021-05-18 16:56:45 INFO  ApiTest:35 - 用例描述： 初步测试创建部门用例
2021-05-18 16:56:45 INFO  TestcaseModel:53 - 更新用例变量 新增: getTimeStamp
2021-05-18 16:56:45 INFO  TestcaseStepModel:50 - 进行基本参数替换 时间戳 随机数
2021-05-18 16:56:47 INFO  TestcaseStepModel:50 - 进行基本参数替换 时间戳 随机数
2021-05-18 16:56:47 INFO  TestcaseStepModel:60 - 生成5位的随机数: 15996
2021-05-18 16:56:47 INFO  PlaceholderUtils:64 - Could not resolve placeholder 'name' in [{"name": "${name}","name_en": "${name_en}","parentid": 1}] 
2021-05-18 16:56:47 INFO  PlaceholderUtils:64 - Could not resolve placeholder 'name_en' in [{"name": "${name}","name_en": "${name_en}","parentid": 1}] 
2021-05-18 16:56:47 INFO  TestcaseModel:60 - 更新用例变量 新增：{departmentId=33}
2021-05-18 16:56:47 INFO  ApiTest:37 - debug
2021-05-18 16:57:29 INFO  ApiTest:33 - 【用例开始执行】
2021-05-18 16:57:29 INFO  ApiTest:34 - 用例名称： creatdepartment
2021-05-18 16:57:29 INFO  ApiTest:35 - 用例描述： 初步测试创建部门用例
2021-05-18 16:57:29 INFO  TestcaseModel:53 - 更新用例变量 新增: getTimeStamp
2021-05-18 16:57:29 INFO  TestcaseStepModel:50 - 进行基本参数替换 时间戳 随机数
2021-05-18 16:57:31 INFO  TestcaseStepModel:50 - 进行基本参数替换 时间戳 随机数
2021-05-18 16:57:31 INFO  TestcaseStepModel:60 - 生成5位的随机数: 22392
2021-05-18 16:57:31 INFO  PlaceholderUtils:64 - Could not resolve placeholder 'name' in [{"name": "${name}","name_en": "${name_en}","parentid": 1}] 
2021-05-18 16:57:31 INFO  PlaceholderUtils:64 - Could not resolve placeholder 'name_en' in [{"name": "${name}","name_en": "${name_en}","parentid": 1}] 
2021-05-18 16:57:31 INFO  TestcaseModel:60 - 更新用例变量 新增：{departmentId=34}
2021-05-18 17:03:00 INFO  ApiTest:33 - 【用例开始执行】
2021-05-18 17:03:00 INFO  ApiTest:34 - 用例名称： creatdepartment
2021-05-18 17:03:00 INFO  ApiTest:35 - 用例描述： 初步测试创建部门用例
2021-05-18 17:03:00 INFO  TestcaseModel:53 - 更新用例变量 新增: getTimeStamp
2021-05-18 17:03:00 INFO  TestcaseStepModel:50 - 进行基本参数替换 时间戳 随机数
2021-05-18 17:03:02 INFO  TestcaseStepModel:50 - 进行基本参数替换 时间戳 随机数
2021-05-18 17:03:02 INFO  TestcaseStepModel:60 - 生成5位的随机数: 35563
2021-05-18 17:03:02 INFO  PlaceholderUtils:64 - Could not resolve placeholder 'name' in [{"name": "${name}","name_en": "${name_en}","parentid": 1}] 
2021-05-18 17:03:02 INFO  PlaceholderUtils:64 - Could not resolve placeholder 'name_en' in [{"name": "${name}","name_en": "${name_en}","parentid": 1}] 
2021-05-18 17:03:03 INFO  TestcaseModel:60 - 更新用例变量 新增：{departmentId=35}
2021-05-18 17:04:28 INFO  ApiTest:33 - 【用例开始执行】
2021-05-18 17:04:28 INFO  ApiTest:34 - 用例名称： creatdepartment
2021-05-18 17:04:28 INFO  ApiTest:35 - 用例描述： 初步测试创建部门用例
2021-05-18 17:04:28 INFO  TestcaseModel:53 - 更新用例变量 新增: getTimeStamp
2021-05-18 17:04:28 INFO  TestcaseStepModel:50 - 进行基本参数替换 时间戳 随机数
2021-05-18 17:04:30 INFO  TestcaseStepModel:50 - 进行基本参数替换 时间戳 随机数
2021-05-18 17:04:30 INFO  TestcaseStepModel:60 - 生成5位的随机数: 59216
2021-05-18 17:04:30 INFO  PlaceholderUtils:64 - Could not resolve placeholder 'name' in [{"name": "${name}","name_en": "${name_en}","parentid": 1}] 
2021-05-18 17:04:30 INFO  PlaceholderUtils:64 - Could not resolve placeholder 'name_en' in [{"name": "${name}","name_en": "${name_en}","parentid": 1}] 
2021-05-18 17:04:30 INFO  TestcaseModel:60 - 更新用例变量 新增：{departmentId=36}
2021-05-18 17:04:31 INFO  ApiTest:37 - debug
2021-05-18 17:07:44 INFO  ApiTest:34 - 【用例开始执行】
2021-05-18 17:07:44 INFO  ApiTest:35 - 用例名称： creatdepartment
2021-05-18 17:07:44 INFO  ApiTest:36 - 用例描述： 初步测试创建部门用例
2021-05-18 17:07:44 INFO  TestcaseModelCSV:58 - 更新用例变量 新增: getTimeStamp
2021-05-18 17:07:44 INFO  TestcaseStepModelCSV:53 - 进行基本参数替换 时间戳 随机数
2021-05-18 17:07:46 INFO  TestcaseStepModelCSV:53 - 进行基本参数替换 时间戳 随机数
2021-05-18 17:07:46 INFO  TestcaseStepModelCSV:63 - 生成5位的随机数: 85461
2021-05-18 17:07:46 INFO  PlaceholderUtils:64 - Could not resolve placeholder 'name' in [{"name": "${name}","name_en": "${name_en}","parentid": 1}] 
2021-05-18 17:07:46 INFO  PlaceholderUtils:64 - Could not resolve placeholder 'name_en' in [{"name": "${name}","name_en": "${name_en}","parentid": 1}] 
2021-05-18 17:07:46 INFO  TestcaseModelCSV:93 - 更新用例变量 新增：{departmentId=37}
2021-05-18 17:09:32 INFO  ApiTest:34 - 【用例开始执行】
2021-05-18 17:09:32 INFO  ApiTest:35 - 用例名称： creatdepartment
2021-05-18 17:09:32 INFO  ApiTest:36 - 用例描述： 初步测试创建部门用例
2021-05-18 17:09:32 INFO  TestcaseModelCSV:58 - 更新用例变量 新增: getTimeStamp
2021-05-18 17:09:32 INFO  TestcaseStepModelCSV:53 - 进行基本参数替换 时间戳 随机数
2021-05-18 17:09:34 INFO  TestcaseStepModelCSV:53 - 进行基本参数替换 时间戳 随机数
2021-05-18 17:09:34 INFO  TestcaseStepModelCSV:63 - 生成5位的随机数: 88106
2021-05-18 17:09:34 INFO  PlaceholderUtils:64 - Could not resolve placeholder 'name' in [{"name": "${name}","name_en": "${name_en}","parentid": 1}] 
2021-05-18 17:09:34 INFO  PlaceholderUtils:64 - Could not resolve placeholder 'name_en' in [{"name": "${name}","name_en": "${name_en}","parentid": 1}] 
2021-05-18 17:09:35 INFO  TestcaseModelCSV:93 - 更新用例变量 新增：{departmentId=38}
2021-05-18 17:09:35 INFO  ApiTest:38 - debug
2021-05-18 17:25:48 INFO  ApiTest:34 - 【用例开始执行】
2021-05-18 17:25:48 INFO  ApiTest:35 - 用例名称： creatdepartment
2021-05-18 17:25:48 INFO  ApiTest:36 - 用例描述： 初步测试创建部门用例
2021-05-18 17:25:48 INFO  TestcaseModelCSV:58 - 更新用例变量 新增: getTimeStamp
2021-05-18 17:25:48 INFO  TestcaseStepModelCSV:53 - 进行基本参数替换 时间戳 随机数
2021-05-18 17:25:50 INFO  TestcaseStepModelCSV:53 - 进行基本参数替换 时间戳 随机数
2021-05-18 17:25:50 INFO  TestcaseStepModelCSV:63 - 生成5位的随机数: 29099
2021-05-18 17:25:50 INFO  PlaceholderUtils:64 - Could not resolve placeholder 'name' in [{"name": "${name}","name_en": "${name_en}","parentid": 1}] 
2021-05-18 17:25:50 INFO  PlaceholderUtils:64 - Could not resolve placeholder 'name_en' in [{"name": "${name}","name_en": "${name_en}","parentid": 1}] 
2021-05-18 17:25:50 INFO  TestcaseModelCSV:93 - 更新用例变量 新增：{departmentId=39}
2021-05-18 17:25:50 INFO  ApiTest:38 - debug
2021-05-18 18:10:33 INFO  ApiTest:34 - 【用例开始执行】
2021-05-18 18:10:33 INFO  ApiTest:35 - 用例名称： creatdepartment
2021-05-18 18:10:33 INFO  ApiTest:36 - 用例描述： 初步测试创建部门用例
2021-05-18 18:10:33 INFO  TestcaseModelCSV:58 - 更新用例变量 新增: getTimeStamp
2021-05-18 18:10:33 INFO  TestcaseStepModelCSV:53 - 进行基本参数替换 时间戳 随机数
2021-05-18 18:11:09 INFO  ApiTest:34 - 【用例开始执行】
2021-05-18 18:11:09 INFO  ApiTest:35 - 用例名称： creatdepartment
2021-05-18 18:11:09 INFO  ApiTest:36 - 用例描述： 初步测试创建部门用例
2021-05-18 18:11:09 INFO  TestcaseModelCSV:58 - 更新用例变量 新增: getTimeStamp
2021-05-18 18:11:09 INFO  TestcaseStepModelCSV:53 - 进行基本参数替换 时间戳 随机数
2021-05-18 18:11:11 INFO  TestcaseStepModelCSV:53 - 进行基本参数替换 时间戳 随机数
2021-05-18 18:11:11 INFO  TestcaseStepModelCSV:63 - 生成5位的随机数: 52907
2021-05-18 18:11:11 INFO  PlaceholderUtils:64 - Could not resolve placeholder 'name' in [{"name": "${name}","name_en": "${name_en}","parentid": 1}] 
2021-05-18 18:11:11 INFO  PlaceholderUtils:64 - Could not resolve placeholder 'name_en' in [{"name": "${name}","name_en": "${name_en}","parentid": 1}] 
2021-05-18 18:11:11 INFO  TestcaseModelCSV:93 - 更新用例变量 新增：{departmentId=40}
2021-05-18 18:11:11 INFO  ApiTest:38 - debug
2021-05-18 18:12:53 INFO  ApiTest:34 - 【用例开始执行】
2021-05-18 18:12:53 INFO  ApiTest:35 - 用例名称： login
2021-05-18 18:12:53 INFO  ApiTest:36 - 用例描述： 登录测试用例
2021-05-18 18:12:53 INFO  TestcaseModelCSV:58 - 更新用例变量 新增: getTimeStamp
2021-05-18 18:12:53 INFO  TestcaseStepModelCSV:53 - 进行基本参数替换 时间戳 随机数
2021-05-18 18:48:22 INFO  ApiTest:34 - 【用例开始执行】
2021-05-18 18:48:22 INFO  ApiTest:35 - 用例名称： login
2021-05-18 18:48:22 INFO  ApiTest:36 - 用例描述： 登录测试用例
2021-05-18 18:48:22 INFO  TestcaseModelCSV:58 - 更新用例变量 新增: getTimeStamp
2021-05-18 18:48:22 INFO  TestcaseStepModelCSV:53 - 进行基本参数替换 时间戳 随机数
2021-05-18 18:48:24 INFO  TestcaseStepModelCSV:53 - 进行基本参数替换 时间戳 随机数
2021-05-18 18:48:24 INFO  TestcaseStepModelCSV:63 - 生成3位的随机数: 001
2021-05-18 18:49:09 INFO  ApiTest:34 - 【用例开始执行】
2021-05-18 18:49:09 INFO  ApiTest:35 - 用例名称： login
2021-05-18 18:49:09 INFO  ApiTest:36 - 用例描述： 登录测试用例
2021-05-18 18:49:09 INFO  TestcaseModelCSV:58 - 更新用例变量 新增: getTimeStamp
2021-05-18 18:49:09 INFO  TestcaseStepModelCSV:53 - 进行基本参数替换 时间戳 随机数
2021-05-18 18:49:10 INFO  TestcaseStepModelCSV:53 - 进行基本参数替换 时间戳 随机数
2021-05-18 18:49:10 INFO  TestcaseStepModelCSV:63 - 生成3位的随机数: 261
2021-05-18 18:49:47 INFO  ApiTest:34 - 【用例开始执行】
2021-05-18 18:49:47 INFO  ApiTest:35 - 用例名称： login
2021-05-18 18:49:47 INFO  ApiTest:36 - 用例描述： 登录测试用例
2021-05-18 18:49:47 INFO  TestcaseModelCSV:58 - 更新用例变量 新增: getTimeStamp
2021-05-18 18:49:47 INFO  TestcaseStepModelCSV:53 - 进行基本参数替换 时间戳 随机数
2021-05-18 18:49:47 INFO  TestcaseStepModelCSV:63 - 生成4位的随机数: 5411
2021-05-18 18:49:49 INFO  TestcaseStepModelCSV:53 - 进行基本参数替换 时间戳 随机数
2021-05-18 18:49:49 INFO  TestcaseStepModelCSV:63 - 生成3位的随机数: 647
2021-05-18 18:50:30 INFO  ApiTest:34 - 【用例开始执行】
2021-05-18 18:50:30 INFO  ApiTest:35 - 用例名称： login
2021-05-18 18:50:30 INFO  ApiTest:36 - 用例描述： 登录测试用例
2021-05-18 18:50:30 INFO  TestcaseModelCSV:58 - 更新用例变量 新增: getTimeStamp
2021-05-18 18:50:30 INFO  TestcaseStepModelCSV:53 - 进行基本参数替换 时间戳 随机数
2021-05-18 18:50:30 INFO  TestcaseStepModelCSV:63 - 生成4位的随机数: 2208
2021-05-18 18:50:31 INFO  TestcaseStepModelCSV:53 - 进行基本参数替换 时间戳 随机数
2021-05-18 18:50:31 INFO  TestcaseStepModelCSV:63 - 生成5位的随机数: 60859
2021-05-18 18:51:49 INFO  ApiTest:34 - 【用例开始执行】
2021-05-18 18:51:49 INFO  ApiTest:35 - 用例名称： login
2021-05-18 18:51:49 INFO  ApiTest:36 - 用例描述： 登录测试用例
2021-05-18 18:51:49 INFO  TestcaseModelCSV:58 - 更新用例变量 新增: getTimeStamp
2021-05-18 18:51:49 INFO  TestcaseStepModelCSV:53 - 进行基本参数替换 时间戳 随机数
2021-05-18 18:51:49 INFO  TestcaseStepModelCSV:63 - 生成4位的随机数: 4296
2021-05-18 18:51:51 INFO  TestcaseStepModelCSV:53 - 进行基本参数替换 时间戳 随机数
2021-05-18 18:51:51 INFO  TestcaseStepModelCSV:63 - 生成5位的随机数: 20469
2021-05-18 19:02:13 INFO  ApiTest:34 - 【用例开始执行】
2021-05-18 19:02:13 INFO  ApiTest:35 - 用例名称： login
2021-05-18 19:02:13 INFO  ApiTest:36 - 用例描述： 登录测试用例
2021-05-18 19:02:13 INFO  TestcaseStepModelCSV:50 - 更新用例变量 新增: getTimeStamp
2021-05-18 19:02:13 INFO  TestcaseStepModelCSV:57 - 进行基本参数替换 时间戳 随机数
2021-05-18 19:02:13 INFO  TestcaseStepModelCSV:67 - 生成4位的随机数: 9482
2021-05-18 19:02:15 INFO  TestcaseStepModelCSV:50 - 更新用例变量 新增: getTimeStamp
2021-05-18 19:02:15 INFO  TestcaseStepModelCSV:57 - 进行基本参数替换 时间戳 随机数
2021-05-18 19:02:15 INFO  TestcaseStepModelCSV:67 - 生成5位的随机数: 20973
2021-05-18 19:02:16 INFO  ApiTest:38 - debug
2021-05-18 19:20:29 INFO  ApiTest:34 - 【用例开始执行】
2021-05-18 19:20:29 INFO  ApiTest:35 - 用例名称： login
2021-05-18 19:20:29 INFO  ApiTest:36 - 用例描述： 登录测试用例
2021-05-18 19:20:29 INFO  TestcaseStepModelCSV:50 - 更新用例变量 新增: getTimeStamp
2021-05-18 19:20:29 INFO  TestcaseStepModelCSV:57 - 进行基本参数替换 时间戳 随机数
2021-05-18 19:20:29 INFO  TestcaseStepModelCSV:67 - 生成4位的随机数: 7893
2021-05-18 19:20:30 INFO  TestcaseStepModelCSV:50 - 更新用例变量 新增: getTimeStamp
2021-05-18 19:20:30 INFO  TestcaseStepModelCSV:57 - 进行基本参数替换 时间戳 随机数
2021-05-18 19:20:30 INFO  TestcaseStepModelCSV:67 - 生成5位的随机数: 34455
2021-05-18 19:20:31 INFO  TestcaseStepModelCSV:50 - 更新用例变量 新增: getTimeStamp
2021-05-18 19:20:31 INFO  TestcaseStepModelCSV:57 - 进行基本参数替换 时间戳 随机数
2021-05-18 19:20:31 INFO  ApiTest:38 - debug
2021-05-18 19:36:13 INFO  ApiTest:34 - 【用例开始执行】
2021-05-18 19:36:13 INFO  ApiTest:35 - 用例名称： login
2021-05-18 19:36:13 INFO  ApiTest:36 - 用例描述： 登录测试用例
2021-05-18 19:36:13 INFO  TestcaseStepModelCSV:50 - 更新用例变量 新增: getTimeStamp
2021-05-18 19:36:13 INFO  TestcaseStepModelCSV:57 - 进行基本参数替换 时间戳 随机数
2021-05-18 19:36:13 INFO  TestcaseStepModelCSV:67 - 生成4位的随机数: 7694
2021-05-18 19:36:15 INFO  TestcaseStepModelCSV:50 - 更新用例变量 新增: getTimeStamp
2021-05-18 19:36:15 INFO  TestcaseStepModelCSV:57 - 进行基本参数替换 时间戳 随机数
2021-05-18 19:36:15 INFO  TestcaseStepModelCSV:67 - 生成5位的随机数: 84201
2021-05-18 19:36:15 INFO  TestcaseStepModelCSV:50 - 更新用例变量 新增: getTimeStamp
2021-05-18 19:36:15 INFO  TestcaseStepModelCSV:57 - 进行基本参数替换 时间戳 随机数
2021-05-18 19:38:18 INFO  ApiTest:34 - 【用例开始执行】
2021-05-18 19:38:18 INFO  ApiTest:35 - 用例名称： login
2021-05-18 19:38:18 INFO  ApiTest:36 - 用例描述： 登录测试用例
2021-05-18 19:38:18 INFO  TestcaseStepModelCSV:50 - 更新用例变量 新增: getTimeStamp
2021-05-18 19:38:18 INFO  TestcaseStepModelCSV:57 - 进行基本参数替换 时间戳 随机数
2021-05-18 19:38:18 INFO  TestcaseStepModelCSV:67 - 生成4位的随机数: 7025
2021-05-18 19:38:20 INFO  TestcaseStepModelCSV:50 - 更新用例变量 新增: getTimeStamp
2021-05-18 19:38:20 INFO  TestcaseStepModelCSV:57 - 进行基本参数替换 时间戳 随机数
2021-05-18 19:38:20 INFO  TestcaseStepModelCSV:67 - 生成5位的随机数: 94471
2021-05-18 19:38:20 INFO  TestcaseStepModelCSV:50 - 更新用例变量 新增: getTimeStamp
2021-05-18 19:38:20 INFO  TestcaseStepModelCSV:57 - 进行基本参数替换 时间戳 随机数
2021-05-18 19:59:29 INFO  ApiTest:34 - 【用例开始执行】
2021-05-18 19:59:29 INFO  ApiTest:35 - 用例名称： login
2021-05-18 19:59:29 INFO  ApiTest:36 - 用例描述： 登录测试用例
2021-05-18 19:59:29 INFO  TestcaseStepModelCSV:50 - 更新用例变量 新增: getTimeStamp
2021-05-18 19:59:29 INFO  TestcaseStepModelCSV:57 - 进行基本参数替换 时间戳 随机数
2021-05-18 19:59:29 INFO  TestcaseStepModelCSV:67 - 生成5位的随机数: 48812
2021-05-18 19:59:31 INFO  TestcaseStepModelCSV:50 - 更新用例变量 新增: getTimeStamp
2021-05-18 19:59:31 INFO  TestcaseStepModelCSV:57 - 进行基本参数替换 时间戳 随机数
2021-05-19 08:53:45 INFO  ApiTest:34 - 【用例开始执行】
2021-05-19 08:53:45 INFO  ApiTest:35 - 用例名称： login
2021-05-19 08:53:45 INFO  ApiTest:36 - 用例描述： 登录测试用例
2021-05-19 08:53:45 INFO  TestcaseStepModelCSV:50 - 更新用例变量 新增: getTimeStamp
2021-05-19 08:53:45 INFO  TestcaseStepModelCSV:57 - 进行基本参数替换 时间戳 随机数
2021-05-19 08:53:45 INFO  TestcaseStepModelCSV:67 - 生成5位的随机数: 63613
2021-05-19 08:54:23 INFO  ApiTest:34 - 【用例开始执行】
2021-05-19 08:54:23 INFO  ApiTest:35 - 用例名称： login
2021-05-19 08:54:23 INFO  ApiTest:36 - 用例描述： 登录测试用例
2021-05-19 08:54:23 INFO  TestcaseStepModelCSV:50 - 更新用例变量 新增: getTimeStamp
2021-05-19 08:54:23 INFO  TestcaseStepModelCSV:57 - 进行基本参数替换 时间戳 随机数
2021-05-19 08:54:23 INFO  TestcaseStepModelCSV:67 - 生成5位的随机数: 07494
2021-05-19 08:54:24 INFO  TestcaseStepModelCSV:50 - 更新用例变量 新增: getTimeStamp
2021-05-19 08:54:24 INFO  TestcaseStepModelCSV:57 - 进行基本参数替换 时间戳 随机数
2021-05-19 08:54:24 INFO  PlaceholderUtils:64 - Could not resolve placeholder 'service_name' in [${service_name}] 
2021-05-19 08:57:54 INFO  ApiTest:34 - 【用例开始执行】
2021-05-19 08:57:54 INFO  ApiTest:35 - 用例名称： login
2021-05-19 08:57:54 INFO  ApiTest:36 - 用例描述： 登录测试用例
2021-05-19 08:57:54 INFO  TestcaseStepModelCSV:50 - 更新用例变量 新增: getTimeStamp
2021-05-19 08:57:54 INFO  TestcaseStepModelCSV:57 - 进行基本参数替换 时间戳 随机数
2021-05-19 08:57:54 INFO  TestcaseStepModelCSV:67 - 生成5位的随机数: 12457
2021-05-19 08:57:56 INFO  TestcaseStepModelCSV:50 - 更新用例变量 新增: getTimeStamp
2021-05-19 08:57:56 INFO  TestcaseStepModelCSV:57 - 进行基本参数替换 时间戳 随机数
2021-05-19 08:57:56 INFO  PlaceholderUtils:64 - Could not resolve placeholder 'service_name' in [${service_name}] 
2021-05-19 08:58:27 INFO  ApiTest:34 - 【用例开始执行】
2021-05-19 08:58:27 INFO  ApiTest:35 - 用例名称： login
2021-05-19 08:58:27 INFO  ApiTest:36 - 用例描述： 登录测试用例
2021-05-19 08:58:27 INFO  TestcaseStepModelCSV:50 - 更新用例变量 新增: getTimeStamp
2021-05-19 08:58:27 INFO  TestcaseStepModelCSV:57 - 进行基本参数替换 时间戳 随机数
2021-05-19 08:58:27 INFO  TestcaseStepModelCSV:67 - 生成5位的随机数: 43025
2021-05-19 08:58:29 INFO  TestcaseStepModelCSV:50 - 更新用例变量 新增: getTimeStamp
2021-05-19 08:58:29 INFO  TestcaseStepModelCSV:57 - 进行基本参数替换 时间戳 随机数
2021-05-19 08:58:29 INFO  PlaceholderUtils:64 - Could not resolve placeholder 'service_name' in [${service_name}] 
2021-05-19 09:00:10 INFO  ApiTest:34 - 【用例开始执行】
2021-05-19 09:00:10 INFO  ApiTest:35 - 用例名称： login
2021-05-19 09:00:10 INFO  ApiTest:36 - 用例描述： 登录测试用例
2021-05-19 09:00:10 INFO  TestcaseStepModelCSV:50 - 更新用例变量 新增: getTimeStamp
2021-05-19 09:00:10 INFO  TestcaseStepModelCSV:57 - 进行基本参数替换 时间戳 随机数
2021-05-19 09:00:10 INFO  TestcaseStepModelCSV:67 - 生成5位的随机数: 00738
2021-05-19 09:00:11 INFO  TestcaseStepModelCSV:50 - 更新用例变量 新增: getTimeStamp
2021-05-19 09:00:11 INFO  TestcaseStepModelCSV:57 - 进行基本参数替换 时间戳 随机数
2021-05-19 09:00:12 INFO  PlaceholderUtils:64 - Could not resolve placeholder 'service_name' in [${service_name}] 
2021-05-19 09:03:31 INFO  ApiTest:34 - 【用例开始执行】
2021-05-19 09:03:31 INFO  ApiTest:35 - 用例名称： login
2021-05-19 09:03:31 INFO  ApiTest:36 - 用例描述： 登录测试用例
2021-05-19 09:03:31 INFO  TestcaseStepModelCSV:50 - 更新用例变量 新增: getTimeStamp
2021-05-19 09:03:31 INFO  TestcaseStepModelCSV:57 - 进行基本参数替换 时间戳 随机数
2021-05-19 09:03:31 INFO  TestcaseStepModelCSV:67 - 生成5位的随机数: 31593
2021-05-19 09:03:32 INFO  TestcaseStepModelCSV:50 - 更新用例变量 新增: getTimeStamp
2021-05-19 09:03:32 INFO  TestcaseStepModelCSV:57 - 进行基本参数替换 时间戳 随机数
2021-05-19 09:03:32 INFO  PlaceholderUtils:64 - Could not resolve placeholder 'service_name' in [${service_name}] 
2021-05-19 09:09:55 INFO  ApiTest:34 - 【用例开始执行】
2021-05-19 09:09:55 INFO  ApiTest:35 - 用例名称： login
2021-05-19 09:09:55 INFO  ApiTest:36 - 用例描述： 登录测试用例
2021-05-19 09:09:55 INFO  TestcaseStepModelCSV:50 - 更新用例变量 新增: getTimeStamp
2021-05-19 09:09:55 INFO  TestcaseStepModelCSV:57 - 进行基本参数替换 时间戳 随机数
2021-05-19 09:09:55 INFO  TestcaseStepModelCSV:67 - 生成5位的随机数: 88989
2021-05-19 09:09:57 INFO  TestcaseStepModelCSV:50 - 更新用例变量 新增: getTimeStamp
2021-05-19 09:09:57 INFO  TestcaseStepModelCSV:57 - 进行基本参数替换 时间戳 随机数
2021-05-19 09:33:25 INFO  ApiTest:34 - 【用例开始执行】
2021-05-19 09:33:25 INFO  ApiTest:35 - 用例名称： login
2021-05-19 09:33:25 INFO  ApiTest:36 - 用例描述： 登录测试用例
2021-05-19 09:33:25 INFO  TestcaseStepModelCSV:52 - 更新用例变量 新增: getTimeStamp
2021-05-19 09:33:25 INFO  TestcaseStepModelCSV:59 - 进行基本参数替换 时间戳 随机数
2021-05-19 09:33:25 INFO  TestcaseStepModelCSV:69 - 生成5位的随机数: 01857
2021-05-19 09:33:27 INFO  TestcaseStepModelCSV:52 - 更新用例变量 新增: getTimeStamp
2021-05-19 09:33:27 INFO  TestcaseStepModelCSV:59 - 进行基本参数替换 时间戳 随机数
2021-05-19 09:38:46 INFO  ApiTest:34 - 【用例开始执行】
2021-05-19 09:38:46 INFO  ApiTest:35 - 用例名称： login
2021-05-19 09:38:46 INFO  ApiTest:36 - 用例描述： 登录测试用例
2021-05-19 09:38:46 INFO  TestcaseStepModelCSV:52 - 更新用例变量 新增: getTimeStamp
2021-05-19 09:38:46 INFO  TestcaseStepModelCSV:59 - 进行基本参数替换 时间戳 随机数
2021-05-19 09:38:46 INFO  TestcaseStepModelCSV:69 - 生成5位的随机数: 46193
2021-05-19 09:38:47 INFO  TestcaseStepModelCSV:52 - 更新用例变量 新增: getTimeStamp
2021-05-19 09:38:47 INFO  TestcaseStepModelCSV:59 - 进行基本参数替换 时间戳 随机数
2021-05-19 10:06:12 INFO  ApiTest:34 - 【用例开始执行】
2021-05-19 10:06:12 INFO  ApiTest:35 - 用例名称： login
2021-05-19 10:06:12 INFO  ApiTest:36 - 用例描述： 登录测试用例
2021-05-19 10:06:12 INFO  TestcaseStepModelCSV:52 - 更新用例变量 新增: getTimeStamp
2021-05-19 10:06:12 INFO  TestcaseStepModelCSV:59 - 进行基本参数替换 时间戳 随机数
2021-05-19 10:06:12 INFO  TestcaseStepModelCSV:69 - 生成5位的随机数: 94608
2021-05-19 10:06:14 INFO  TestcaseStepModelCSV:52 - 更新用例变量 新增: getTimeStamp
2021-05-19 10:06:14 INFO  TestcaseStepModelCSV:59 - 进行基本参数替换 时间戳 随机数
2021-05-19 10:12:45 INFO  ApiTest:34 - 【用例开始执行】
2021-05-19 10:12:45 INFO  ApiTest:35 - 用例名称： login
2021-05-19 10:12:45 INFO  ApiTest:36 - 用例描述： 登录测试用例
2021-05-19 10:12:45 INFO  TestcaseStepModelCSV:52 - 更新用例变量 新增: getTimeStamp
2021-05-19 10:12:45 INFO  TestcaseStepModelCSV:59 - 进行基本参数替换 时间戳 随机数
2021-05-19 10:12:45 INFO  TestcaseStepModelCSV:69 - 生成5位的随机数: 02064
2021-05-19 10:12:47 INFO  TestcaseStepModelCSV:52 - 更新用例变量 新增: getTimeStamp
2021-05-19 10:12:47 INFO  TestcaseStepModelCSV:59 - 进行基本参数替换 时间戳 随机数
2021-05-19 10:48:02 INFO  ApiTest:34 - 【用例开始执行】
2021-05-19 10:48:02 INFO  ApiTest:35 - 用例名称： login
2021-05-19 10:48:02 INFO  ApiTest:36 - 用例描述： 登录测试用例
2021-05-19 10:48:02 INFO  TestcaseStepModelCSV:55 - 更新用例变量 新增: getTimeStamp
2021-05-19 10:48:02 INFO  TestcaseStepModelCSV:62 - 进行基本参数替换 时间戳 随机数
2021-05-19 10:48:02 INFO  TestcaseStepModelCSV:72 - 生成5位的随机数: 50615
2021-05-19 10:51:20 INFO  ApiTest:34 - 【用例开始执行】
2021-05-19 10:51:20 INFO  ApiTest:35 - 用例名称： login
2021-05-19 10:51:20 INFO  ApiTest:36 - 用例描述： 登录测试用例
2021-05-19 10:51:20 INFO  TestcaseStepModelCSV:55 - 更新用例变量 新增: getTimeStamp
2021-05-19 10:51:20 INFO  TestcaseStepModelCSV:62 - 进行基本参数替换 时间戳 随机数
2021-05-19 10:51:20 INFO  TestcaseStepModelCSV:72 - 生成5位的随机数: 78351
2021-05-19 10:58:34 INFO  ApiTest:34 - 【用例开始执行】
2021-05-19 10:58:34 INFO  ApiTest:35 - 用例名称： login
2021-05-19 10:58:34 INFO  ApiTest:36 - 用例描述： 登录测试用例
2021-05-19 10:58:34 INFO  TestcaseStepModelCSV:55 - 更新用例变量 新增: getTimeStamp
2021-05-19 10:58:34 INFO  TestcaseStepModelCSV:62 - 进行基本参数替换 时间戳 随机数
2021-05-19 10:58:34 INFO  TestcaseStepModelCSV:72 - 生成5位的随机数: 89436
2021-05-19 10:58:35 INFO  TestcaseStepModelCSV:55 - 更新用例变量 新增: getTimeStamp
2021-05-19 10:58:35 INFO  TestcaseStepModelCSV:62 - 进行基本参数替换 时间戳 随机数
2021-05-19 11:15:02 INFO  ApiTest:34 - 【用例开始执行】
2021-05-19 11:15:02 INFO  ApiTest:35 - 用例名称： login
2021-05-19 11:15:02 INFO  ApiTest:36 - 用例描述： 登录测试用例
2021-05-19 11:15:02 INFO  TestcaseStepModelCSV:55 - 更新用例变量 新增: getTimeStamp
2021-05-19 11:15:02 INFO  TestcaseStepModelCSV:62 - 进行基本参数替换 时间戳 随机数
2021-05-19 11:15:02 INFO  TestcaseStepModelCSV:72 - 生成5位的随机数: 02416
2021-05-19 11:15:04 INFO  TestcaseStepModelCSV:55 - 更新用例变量 新增: getTimeStamp
2021-05-19 11:15:04 INFO  TestcaseStepModelCSV:62 - 进行基本参数替换 时间戳 随机数
2021-05-19 11:15:04 INFO  ApiTest:38 - debug
2021-05-19 11:57:20 INFO  ApiTest:34 - 【用例开始执行】
2021-05-19 11:57:20 INFO  ApiTest:35 - 用例名称： login
2021-05-19 11:57:20 INFO  ApiTest:36 - 用例描述： 登录测试用例
2021-05-19 11:57:20 INFO  TestcaseStepModelCSV:55 - 更新用例变量 新增: getTimeStamp
2021-05-19 11:57:20 INFO  TestcaseStepModelCSV:62 - 进行基本参数替换 时间戳 随机数
2021-05-19 11:57:20 INFO  TestcaseStepModelCSV:72 - 生成5位的随机数: 62841
2021-05-19 11:57:21 INFO  TestcaseStepModelCSV:55 - 更新用例变量 新增: getTimeStamp
2021-05-19 11:57:21 INFO  TestcaseStepModelCSV:62 - 进行基本参数替换 时间戳 随机数
2021-05-19 11:57:22 INFO  ApiTest:38 - debug
2021-05-19 11:57:32 INFO  ApiTest:34 - 【用例开始执行】
2021-05-19 11:57:32 INFO  ApiTest:35 - 用例名称： login
2021-05-19 11:57:32 INFO  ApiTest:36 - 用例描述： 登录测试用例
2021-05-19 11:57:32 INFO  TestcaseStepModelCSV:55 - 更新用例变量 新增: getTimeStamp
2021-05-19 11:57:32 INFO  TestcaseStepModelCSV:62 - 进行基本参数替换 时间戳 随机数
2021-05-19 11:57:32 INFO  TestcaseStepModelCSV:72 - 生成5位的随机数: 74751
2021-05-19 11:57:34 INFO  TestcaseStepModelCSV:55 - 更新用例变量 新增: getTimeStamp
2021-05-19 11:57:34 INFO  TestcaseStepModelCSV:62 - 进行基本参数替换 时间戳 随机数
2021-05-19 11:57:34 INFO  ApiTest:38 - debug
2021-05-19 14:05:20 INFO  ApiTest:34 - 【用例开始执行】
2021-05-19 14:05:20 INFO  ApiTest:35 - 用例名称： login
2021-05-19 14:05:20 INFO  ApiTest:36 - 用例描述： 登录测试用例
2021-05-19 14:05:20 INFO  TestcaseStepModelCSV:55 - 更新用例变量 新增: getTimeStamp
2021-05-19 14:05:20 INFO  TestcaseStepModelCSV:62 - 进行基本参数替换 时间戳 随机数
2021-05-19 14:05:20 INFO  TestcaseStepModelCSV:72 - 生成5位的随机数: 47264
2021-05-19 14:05:22 INFO  TestcaseStepModelCSV:55 - 更新用例变量 新增: getTimeStamp
2021-05-19 14:05:22 INFO  TestcaseStepModelCSV:62 - 进行基本参数替换 时间戳 随机数
2021-05-19 14:05:23 INFO  ApiTest:38 - debug
2021-05-19 15:04:23 INFO  ApiTest:39 - 【用例开始执行】
2021-05-19 15:04:23 INFO  ApiTest:40 - 用例名称： customerService
2021-05-19 15:04:23 INFO  ApiTest:41 - 用例描述： 客户服务测试用例
2021-05-19 15:04:23 INFO  TestcaseStepModelCSV:55 - 更新用例变量 新增: getTimeStamp
2021-05-19 15:04:23 INFO  TestcaseStepModelCSV:62 - 进行基本参数替换 时间戳 随机数
2021-05-19 15:04:23 INFO  TestcaseStepModelCSV:72 - 生成5位的随机数: 36164
2021-05-19 15:04:25 INFO  TestcaseStepModelCSV:55 - 更新用例变量 新增: getTimeStamp
2021-05-19 15:04:25 INFO  TestcaseStepModelCSV:62 - 进行基本参数替换 时间戳 随机数
2021-05-19 15:04:44 INFO  ApiTest:39 - 【用例开始执行】
2021-05-19 15:04:44 INFO  ApiTest:40 - 用例名称： customerService
2021-05-19 15:04:44 INFO  ApiTest:41 - 用例描述： 客户服务测试用例
2021-05-19 15:04:44 INFO  TestcaseStepModelCSV:55 - 更新用例变量 新增: getTimeStamp
2021-05-19 15:04:44 INFO  TestcaseStepModelCSV:62 - 进行基本参数替换 时间戳 随机数
2021-05-19 15:04:44 INFO  TestcaseStepModelCSV:72 - 生成5位的随机数: 14150
2021-05-19 15:04:46 INFO  TestcaseStepModelCSV:55 - 更新用例变量 新增: getTimeStamp
2021-05-19 15:04:46 INFO  TestcaseStepModelCSV:62 - 进行基本参数替换 时间戳 随机数
2021-05-19 15:04:47 INFO  ApiTest:43 - debug
2021-05-19 15:11:42 INFO  ApiTest:39 - 【用例开始执行】
2021-05-19 15:11:42 INFO  ApiTest:40 - 用例名称： customerService
2021-05-19 15:11:42 INFO  ApiTest:41 - 用例描述： 客户服务测试用例
2021-05-19 15:11:42 INFO  TestcaseStepModelCSV:55 - 更新用例变量 新增: getTimeStamp
2021-05-19 15:11:42 INFO  TestcaseStepModelCSV:62 - 进行基本参数替换 时间戳 随机数
2021-05-19 15:11:42 INFO  TestcaseStepModelCSV:72 - 生成5位的随机数: 45887
2021-05-19 15:11:44 INFO  TestcaseStepModelCSV:55 - 更新用例变量 新增: getTimeStamp
2021-05-19 15:11:44 INFO  TestcaseStepModelCSV:62 - 进行基本参数替换 时间戳 随机数
2021-05-19 15:11:45 INFO  ApiTest:43 - debug
2021-05-19 15:34:42 INFO  ApiTest:39 - 【用例开始执行】
2021-05-19 15:34:42 INFO  ApiTest:40 - 用例名称： customerService
2021-05-19 15:34:42 INFO  ApiTest:41 - 用例描述： 客户服务测试用例
2021-05-19 15:34:42 INFO  TestcaseStepModelCSV:56 - 更新用例变量 新增: getTimeStamp
2021-05-19 15:34:42 INFO  TestcaseStepModelCSV:63 - 进行基本参数替换 时间戳 随机数
2021-05-19 15:34:42 INFO  TestcaseStepModelCSV:73 - 生成5位的随机数: 07107
2021-05-19 15:34:44 INFO  TestcaseStepModelCSV:56 - 更新用例变量 新增: getTimeStamp
2021-05-19 15:34:44 INFO  TestcaseStepModelCSV:63 - 进行基本参数替换 时间戳 随机数
2021-05-19 15:34:44 ERROR TestcaseStepModelCSV:122 - 请求参数获取异常,id=1的请求参数储存为空
2021-05-19 15:52:57 INFO  ApiTest:39 - 【用例开始执行】
2021-05-19 15:52:57 INFO  ApiTest:40 - 用例名称： customerService
2021-05-19 15:52:57 INFO  ApiTest:41 - 用例描述： 客户服务测试用例
2021-05-19 15:52:57 INFO  TestcaseStepModelCSV:56 - 更新用例变量 新增: getTimeStamp
2021-05-19 15:52:57 INFO  TestcaseStepModelCSV:63 - 进行基本参数替换 时间戳 随机数
2021-05-19 15:52:57 INFO  TestcaseStepModelCSV:73 - 生成5位的随机数: 29930
2021-05-19 15:52:59 INFO  TestcaseStepModelCSV:56 - 更新用例变量 新增: getTimeStamp
2021-05-19 15:52:59 INFO  TestcaseStepModelCSV:63 - 进行基本参数替换 时间戳 随机数
2021-05-19 15:52:59 ERROR TestcaseStepModelCSV:122 - 请求参数获取异常,id=的请求参数储存为空
2021-05-19 18:18:04 INFO  ApiTest:39 - 【用例开始执行】
2021-05-19 18:18:04 INFO  ApiTest:40 - 用例名称： customerService
2021-05-19 18:18:04 INFO  ApiTest:41 - 用例描述： 客户服务测试用例
2021-05-19 18:18:04 INFO  TestcaseStepModelCSV:57 - 更新用例变量 新增: getTimeStamp
2021-05-19 18:18:04 INFO  TestcaseStepModelCSV:64 - 进行基本参数替换 时间戳 随机数
2021-05-19 18:18:04 INFO  TestcaseStepModelCSV:74 - 生成5位的随机数: 91924
2021-05-19 18:18:05 INFO  TestcaseStepModelCSV:57 - 更新用例变量 新增: getTimeStamp
2021-05-19 18:18:05 INFO  TestcaseStepModelCSV:64 - 进行基本参数替换 时间戳 随机数
2021-05-19 18:18:06 INFO  ApiTest:43 - debug
2021-05-19 19:30:52 INFO  ApiTest:39 - 【用例开始执行】
2021-05-19 19:30:52 INFO  ApiTest:40 - 用例名称： customerService
2021-05-19 19:30:52 INFO  ApiTest:41 - 用例描述： 客户服务测试用例
2021-05-19 19:30:52 INFO  TestcaseStepModelCSV:58 - 更新用例变量 新增: getTimeStamp
2021-05-19 19:30:52 INFO  TestcaseStepModelCSV:65 - 进行基本参数替换 时间戳 随机数
2021-05-19 19:30:52 INFO  TestcaseStepModelCSV:75 - 生成5位的随机数: 87111
2021-05-19 19:30:53 INFO  TestcaseStepModelCSV:58 - 更新用例变量 新增: getTimeStamp
2021-05-19 19:30:53 INFO  TestcaseStepModelCSV:65 - 进行基本参数替换 时间戳 随机数
2021-05-19 19:32:49 INFO  ApiTest:39 - 【用例开始执行】
2021-05-19 19:32:49 INFO  ApiTest:40 - 用例名称： customerService
2021-05-19 19:32:49 INFO  ApiTest:41 - 用例描述： 客户服务测试用例
2021-05-19 19:32:49 INFO  TestcaseStepModelCSV:58 - 更新用例变量 新增: getTimeStamp
2021-05-19 19:32:49 INFO  TestcaseStepModelCSV:65 - 进行基本参数替换 时间戳 随机数
2021-05-19 19:32:49 INFO  TestcaseStepModelCSV:75 - 生成5位的随机数: 06702
2021-05-19 19:32:51 INFO  TestcaseStepModelCSV:58 - 更新用例变量 新增: getTimeStamp
2021-05-19 19:32:51 INFO  TestcaseStepModelCSV:65 - 进行基本参数替换 时间戳 随机数
2021-05-19 19:36:29 INFO  ApiTest:39 - 【用例开始执行】
2021-05-19 19:36:29 INFO  ApiTest:40 - 用例名称： customerService
2021-05-19 19:36:29 INFO  ApiTest:41 - 用例描述： 客户服务测试用例
2021-05-19 19:36:29 INFO  TestcaseStepModelCSV:58 - 更新用例变量 新增: getTimeStamp
2021-05-19 19:36:29 INFO  TestcaseStepModelCSV:65 - 进行基本参数替换 时间戳 随机数
2021-05-19 19:36:29 INFO  TestcaseStepModelCSV:75 - 生成5位的随机数: 76428
2021-05-19 19:36:31 INFO  TestcaseStepModelCSV:58 - 更新用例变量 新增: getTimeStamp
2021-05-19 19:36:31 INFO  TestcaseStepModelCSV:65 - 进行基本参数替换 时间戳 随机数
2021-05-19 19:39:12 INFO  ApiTest:39 - 【用例开始执行】
2021-05-19 19:39:12 INFO  ApiTest:40 - 用例名称： customerService
2021-05-19 19:39:12 INFO  ApiTest:41 - 用例描述： 客户服务测试用例
2021-05-19 19:39:12 INFO  TestcaseStepModelCSV:58 - 更新用例变量 新增: getTimeStamp
2021-05-19 19:39:12 INFO  TestcaseStepModelCSV:65 - 进行基本参数替换 时间戳 随机数
2021-05-19 19:39:12 INFO  TestcaseStepModelCSV:75 - 生成5位的随机数: 78496
2021-05-19 19:39:14 INFO  TestcaseStepModelCSV:58 - 更新用例变量 新增: getTimeStamp
2021-05-19 19:39:14 INFO  TestcaseStepModelCSV:65 - 进行基本参数替换 时间戳 随机数
2021-05-19 19:39:14 INFO  ApiTest:43 - debug
2021-05-19 19:39:59 INFO  ApiTest:39 - 【用例开始执行】
2021-05-19 19:39:59 INFO  ApiTest:40 - 用例名称： customerService
2021-05-19 19:39:59 INFO  ApiTest:41 - 用例描述： 客户服务测试用例
2021-05-19 19:39:59 INFO  TestcaseStepModelCSV:58 - 更新用例变量 新增: getTimeStamp
2021-05-19 19:39:59 INFO  TestcaseStepModelCSV:65 - 进行基本参数替换 时间戳 随机数
2021-05-19 19:39:59 INFO  TestcaseStepModelCSV:75 - 生成5位的随机数: 20628
2021-05-19 19:40:01 INFO  TestcaseStepModelCSV:58 - 更新用例变量 新增: getTimeStamp
2021-05-19 19:40:01 INFO  TestcaseStepModelCSV:65 - 进行基本参数替换 时间戳 随机数
2021-05-19 19:45:55 INFO  ApiTest:39 - 【用例开始执行】
2021-05-19 19:45:55 INFO  ApiTest:40 - 用例名称： customerService
2021-05-19 19:45:55 INFO  ApiTest:41 - 用例描述： 客户服务测试用例
2021-05-19 19:45:55 INFO  TestcaseStepModelCSV:58 - 更新用例变量 新增: getTimeStamp
2021-05-19 19:45:55 INFO  TestcaseStepModelCSV:65 - 进行基本参数替换 时间戳 随机数
2021-05-19 19:45:55 INFO  TestcaseStepModelCSV:75 - 生成5位的随机数: 79351
2021-05-19 19:45:56 INFO  TestcaseStepModelCSV:58 - 更新用例变量 新增: getTimeStamp
2021-05-19 19:45:56 INFO  TestcaseStepModelCSV:65 - 进行基本参数替换 时间戳 随机数
2021-05-19 19:47:44 INFO  ApiTest:39 - 【用例开始执行】
2021-05-19 19:47:44 INFO  ApiTest:40 - 用例名称： customerService
2021-05-19 19:47:44 INFO  ApiTest:41 - 用例描述： 客户服务测试用例
2021-05-19 19:47:44 INFO  TestcaseStepModelCSV:58 - 更新用例变量 新增: getTimeStamp
2021-05-19 19:47:44 INFO  TestcaseStepModelCSV:65 - 进行基本参数替换 时间戳 随机数
2021-05-19 19:47:44 INFO  TestcaseStepModelCSV:75 - 生成5位的随机数: 49471
2021-05-19 19:47:46 INFO  TestcaseStepModelCSV:58 - 更新用例变量 新增: getTimeStamp
2021-05-19 19:47:46 INFO  TestcaseStepModelCSV:65 - 进行基本参数替换 时间戳 随机数
2021-05-19 19:48:31 INFO  ApiTest:39 - 【用例开始执行】
2021-05-19 19:48:31 INFO  ApiTest:40 - 用例名称： customerService
2021-05-19 19:48:31 INFO  ApiTest:41 - 用例描述： 客户服务测试用例
2021-05-19 19:48:31 INFO  TestcaseStepModelCSV:58 - 更新用例变量 新增: getTimeStamp
2021-05-19 19:48:31 INFO  TestcaseStepModelCSV:65 - 进行基本参数替换 时间戳 随机数
2021-05-19 19:48:31 INFO  TestcaseStepModelCSV:75 - 生成5位的随机数: 22630
2021-05-19 19:48:33 INFO  TestcaseStepModelCSV:58 - 更新用例变量 新增: getTimeStamp
2021-05-19 19:48:33 INFO  TestcaseStepModelCSV:65 - 进行基本参数替换 时间戳 随机数
2021-05-19 19:51:06 INFO  ApiTest:39 - 【用例开始执行】
2021-05-19 19:51:06 INFO  ApiTest:40 - 用例名称： customerService
2021-05-19 19:51:06 INFO  ApiTest:41 - 用例描述： 客户服务测试用例
2021-05-19 19:51:06 INFO  TestcaseStepModelCSV:58 - 更新用例变量 新增: getTimeStamp
2021-05-19 19:51:06 INFO  TestcaseStepModelCSV:65 - 进行基本参数替换 时间戳 随机数
2021-05-19 19:51:06 INFO  TestcaseStepModelCSV:75 - 生成5位的随机数: 26407
2021-05-19 19:51:08 INFO  TestcaseStepModelCSV:58 - 更新用例变量 新增: getTimeStamp
2021-05-19 19:51:08 INFO  TestcaseStepModelCSV:65 - 进行基本参数替换 时间戳 随机数
2021-05-19 19:55:04 INFO  ApiTest:39 - 【用例开始执行】
2021-05-19 19:55:04 INFO  ApiTest:40 - 用例名称： customerService
2021-05-19 19:55:04 INFO  ApiTest:41 - 用例描述： 客户服务测试用例
2021-05-19 19:55:04 INFO  TestcaseStepModelCSV:58 - 更新用例变量 新增: getTimeStamp
2021-05-19 19:55:04 INFO  TestcaseStepModelCSV:65 - 进行基本参数替换 时间戳 随机数
2021-05-19 19:55:04 INFO  TestcaseStepModelCSV:75 - 生成5位的随机数: 06751
2021-05-19 19:56:08 INFO  TestcaseStepModelCSV:58 - 更新用例变量 新增: getTimeStamp
2021-05-19 19:56:08 INFO  TestcaseStepModelCSV:65 - 进行基本参数替换 时间戳 随机数
2021-05-19 20:01:57 INFO  ApiTest:39 - 【用例开始执行】
2021-05-19 20:01:57 INFO  ApiTest:40 - 用例名称： customerService
2021-05-19 20:01:57 INFO  ApiTest:41 - 用例描述： 客户服务测试用例
2021-05-19 20:01:57 INFO  TestcaseStepModelCSV:58 - 更新用例变量 新增: getTimeStamp
2021-05-19 20:01:57 INFO  TestcaseStepModelCSV:65 - 进行基本参数替换 时间戳 随机数
2021-05-19 20:01:57 INFO  TestcaseStepModelCSV:75 - 生成5位的随机数: 96419
2021-05-19 20:02:04 INFO  TestcaseStepModelCSV:58 - 更新用例变量 新增: getTimeStamp
2021-05-19 20:02:04 INFO  TestcaseStepModelCSV:65 - 进行基本参数替换 时间戳 随机数
2021-05-19 20:04:53 INFO  ApiTest:39 - 【用例开始执行】
2021-05-19 20:04:53 INFO  ApiTest:40 - 用例名称： customerService
2021-05-19 20:04:53 INFO  ApiTest:41 - 用例描述： 客户服务测试用例
2021-05-19 20:04:53 INFO  TestcaseStepModelCSV:58 - 更新用例变量 新增: getTimeStamp
2021-05-19 20:04:53 INFO  TestcaseStepModelCSV:65 - 进行基本参数替换 时间戳 随机数
2021-05-19 20:04:53 INFO  TestcaseStepModelCSV:75 - 生成5位的随机数: 28265
2021-05-19 20:04:59 INFO  TestcaseStepModelCSV:58 - 更新用例变量 新增: getTimeStamp
2021-05-19 20:04:59 INFO  TestcaseStepModelCSV:65 - 进行基本参数替换 时间戳 随机数
2021-05-19 20:08:42 INFO  ApiTest:39 - 【用例开始执行】
2021-05-19 20:08:42 INFO  ApiTest:40 - 用例名称： customerService
2021-05-19 20:08:42 INFO  ApiTest:41 - 用例描述： 客户服务测试用例
2021-05-19 20:08:42 INFO  TestcaseStepModelCSV:58 - 更新用例变量 新增: getTimeStamp
2021-05-19 20:08:42 INFO  TestcaseStepModelCSV:65 - 进行基本参数替换 时间戳 随机数
2021-05-19 20:08:42 INFO  TestcaseStepModelCSV:75 - 生成5位的随机数: 84665
2021-05-19 20:08:59 INFO  TestcaseStepModelCSV:58 - 更新用例变量 新增: getTimeStamp
2021-05-19 20:08:59 INFO  TestcaseStepModelCSV:65 - 进行基本参数替换 时间戳 随机数
2021-05-19 20:12:25 INFO  ApiTest:39 - 【用例开始执行】
2021-05-19 20:12:25 INFO  ApiTest:40 - 用例名称： customerService
2021-05-19 20:12:25 INFO  ApiTest:41 - 用例描述： 客户服务测试用例
2021-05-19 20:12:25 INFO  TestcaseStepModelCSV:58 - 更新用例变量 新增: getTimeStamp
2021-05-19 20:12:25 INFO  TestcaseStepModelCSV:65 - 进行基本参数替换 时间戳 随机数
2021-05-19 20:12:25 INFO  TestcaseStepModelCSV:75 - 生成5位的随机数: 75760
2021-05-19 20:12:27 INFO  TestcaseStepModelCSV:58 - 更新用例变量 新增: getTimeStamp
2021-05-19 20:12:27 INFO  TestcaseStepModelCSV:65 - 进行基本参数替换 时间戳 随机数
2021-05-20 09:07:26 INFO  ApiTest:39 - 【用例开始执行】
2021-05-20 09:07:26 INFO  ApiTest:40 - 用例名称： customerService
2021-05-20 09:07:26 INFO  ApiTest:41 - 用例描述： 客户服务测试用例
2021-05-20 09:07:26 INFO  TestcaseStepModelCSV:58 - 更新用例变量 新增: getTimeStamp
2021-05-20 09:07:26 INFO  TestcaseStepModelCSV:65 - 进行基本参数替换 时间戳 随机数
2021-05-20 09:07:28 INFO  TestcaseStepModelCSV:58 - 更新用例变量 新增: getTimeStamp
2021-05-20 09:07:28 INFO  TestcaseStepModelCSV:65 - 进行基本参数替换 时间戳 随机数
2021-05-20 09:09:05 INFO  ApiTest:39 - 【用例开始执行】
2021-05-20 09:09:05 INFO  ApiTest:40 - 用例名称： customerService
2021-05-20 09:09:05 INFO  ApiTest:41 - 用例描述： 客户服务测试用例
2021-05-20 09:09:05 INFO  TestcaseStepModelCSV:58 - 更新用例变量 新增: getTimeStamp
2021-05-20 09:09:05 INFO  TestcaseStepModelCSV:65 - 进行基本参数替换 时间戳 随机数
2021-05-20 09:09:07 INFO  TestcaseStepModelCSV:58 - 更新用例变量 新增: getTimeStamp
2021-05-20 09:09:07 INFO  TestcaseStepModelCSV:65 - 进行基本参数替换 时间戳 随机数
2021-05-20 09:13:26 INFO  ApiTest:39 - 【用例开始执行】
2021-05-20 09:13:26 INFO  ApiTest:40 - 用例名称： customerService
2021-05-20 09:13:26 INFO  ApiTest:41 - 用例描述： 客户服务测试用例
2021-05-20 09:13:26 INFO  TestcaseStepModelCSV:58 - 更新用例变量 新增: getTimeStamp
2021-05-20 09:13:26 INFO  TestcaseStepModelCSV:65 - 进行基本参数替换 时间戳 随机数
2021-05-20 09:13:28 INFO  TestcaseStepModelCSV:58 - 更新用例变量 新增: getTimeStamp
2021-05-20 09:13:28 INFO  TestcaseStepModelCSV:65 - 进行基本参数替换 时间戳 随机数
2021-05-20 09:14:10 INFO  ApiTest:39 - 【用例开始执行】
2021-05-20 09:14:10 INFO  ApiTest:40 - 用例名称： customerService
2021-05-20 09:14:10 INFO  ApiTest:41 - 用例描述： 客户服务测试用例
2021-05-20 09:14:10 INFO  TestcaseStepModelCSV:58 - 更新用例变量 新增: getTimeStamp
2021-05-20 09:14:10 INFO  TestcaseStepModelCSV:65 - 进行基本参数替换 时间戳 随机数
2021-05-20 09:14:11 INFO  TestcaseStepModelCSV:58 - 更新用例变量 新增: getTimeStamp
2021-05-20 09:14:11 INFO  TestcaseStepModelCSV:65 - 进行基本参数替换 时间戳 随机数
2021-05-20 09:15:27 INFO  ApiTest:39 - 【用例开始执行】
2021-05-20 09:15:27 INFO  ApiTest:40 - 用例名称： customerService
2021-05-20 09:15:27 INFO  ApiTest:41 - 用例描述： 客户服务测试用例
2021-05-20 09:15:27 INFO  TestcaseStepModelCSV:58 - 更新用例变量 新增: getTimeStamp
2021-05-20 09:15:27 INFO  TestcaseStepModelCSV:65 - 进行基本参数替换 时间戳 随机数
2021-05-20 09:15:28 INFO  TestcaseStepModelCSV:58 - 更新用例变量 新增: getTimeStamp
2021-05-20 09:15:28 INFO  TestcaseStepModelCSV:65 - 进行基本参数替换 时间戳 随机数
2021-05-20 09:18:41 INFO  ApiTest:39 - 【用例开始执行】
2021-05-20 09:18:41 INFO  ApiTest:40 - 用例名称： customerService
2021-05-20 09:18:41 INFO  ApiTest:41 - 用例描述： 客户服务测试用例
2021-05-20 09:18:41 INFO  TestcaseStepModelCSV:58 - 更新用例变量 新增: getTimeStamp
2021-05-20 09:18:41 INFO  TestcaseStepModelCSV:65 - 进行基本参数替换 时间戳 随机数
2021-05-20 09:18:43 INFO  TestcaseStepModelCSV:58 - 更新用例变量 新增: getTimeStamp
2021-05-20 09:18:43 INFO  TestcaseStepModelCSV:65 - 进行基本参数替换 时间戳 随机数
2021-05-20 09:24:39 INFO  ApiTest:39 - 【用例开始执行】
2021-05-20 09:24:39 INFO  ApiTest:40 - 用例名称： customerService
2021-05-20 09:24:39 INFO  ApiTest:41 - 用例描述： 客户服务测试用例
2021-05-20 09:24:39 INFO  TestcaseStepModelCSV:58 - 更新用例变量 新增: getTimeStamp
2021-05-20 09:24:39 INFO  TestcaseStepModelCSV:65 - 进行基本参数替换 时间戳 随机数
2021-05-20 09:24:40 INFO  TestcaseStepModelCSV:58 - 更新用例变量 新增: getTimeStamp
2021-05-20 09:24:40 INFO  TestcaseStepModelCSV:65 - 进行基本参数替换 时间戳 随机数
2021-05-20 09:25:32 INFO  ApiTest:39 - 【用例开始执行】
2021-05-20 09:25:32 INFO  ApiTest:40 - 用例名称： customerService
2021-05-20 09:25:32 INFO  ApiTest:41 - 用例描述： 客户服务测试用例
2021-05-20 09:25:32 INFO  TestcaseStepModelCSV:58 - 更新用例变量 新增: getTimeStamp
2021-05-20 09:25:32 INFO  TestcaseStepModelCSV:65 - 进行基本参数替换 时间戳 随机数
2021-05-20 09:25:33 INFO  TestcaseStepModelCSV:58 - 更新用例变量 新增: getTimeStamp
2021-05-20 09:25:33 INFO  TestcaseStepModelCSV:65 - 进行基本参数替换 时间戳 随机数
2021-05-20 09:25:59 INFO  ApiTest:39 - 【用例开始执行】
2021-05-20 09:25:59 INFO  ApiTest:40 - 用例名称： customerService
2021-05-20 09:25:59 INFO  ApiTest:41 - 用例描述： 客户服务测试用例
2021-05-20 09:25:59 INFO  TestcaseStepModelCSV:58 - 更新用例变量 新增: getTimeStamp
2021-05-20 09:25:59 INFO  TestcaseStepModelCSV:65 - 进行基本参数替换 时间戳 随机数
2021-05-20 09:26:00 INFO  TestcaseStepModelCSV:58 - 更新用例变量 新增: getTimeStamp
2021-05-20 09:26:00 INFO  TestcaseStepModelCSV:65 - 进行基本参数替换 时间戳 随机数
2021-05-20 09:26:38 INFO  ApiTest:39 - 【用例开始执行】
2021-05-20 09:26:38 INFO  ApiTest:40 - 用例名称： customerService
2021-05-20 09:26:38 INFO  ApiTest:41 - 用例描述： 客户服务测试用例
2021-05-20 09:26:38 INFO  TestcaseStepModelCSV:58 - 更新用例变量 新增: getTimeStamp
2021-05-20 09:26:38 INFO  TestcaseStepModelCSV:65 - 进行基本参数替换 时间戳 随机数
2021-05-20 09:26:40 INFO  TestcaseStepModelCSV:58 - 更新用例变量 新增: getTimeStamp
2021-05-20 09:26:40 INFO  TestcaseStepModelCSV:65 - 进行基本参数替换 时间戳 随机数
2021-05-20 09:27:12 INFO  ApiTest:39 - 【用例开始执行】
2021-05-20 09:27:12 INFO  ApiTest:40 - 用例名称： customerService
2021-05-20 09:27:12 INFO  ApiTest:41 - 用例描述： 客户服务测试用例
2021-05-20 09:27:12 INFO  TestcaseStepModelCSV:58 - 更新用例变量 新增: getTimeStamp
2021-05-20 09:27:12 INFO  TestcaseStepModelCSV:65 - 进行基本参数替换 时间戳 随机数
2021-05-20 09:27:13 INFO  TestcaseStepModelCSV:58 - 更新用例变量 新增: getTimeStamp
2021-05-20 09:27:13 INFO  TestcaseStepModelCSV:65 - 进行基本参数替换 时间戳 随机数
2021-05-20 09:30:47 INFO  ApiTest:39 - 【用例开始执行】
2021-05-20 09:30:47 INFO  ApiTest:40 - 用例名称： customerService
2021-05-20 09:30:47 INFO  ApiTest:41 - 用例描述： 客户服务测试用例
2021-05-20 09:30:47 INFO  TestcaseStepModelCSV:58 - 更新用例变量 新增: getTimeStamp
2021-05-20 09:30:47 INFO  TestcaseStepModelCSV:65 - 进行基本参数替换 时间戳 随机数
2021-05-20 09:30:47 INFO  TestcaseStepModelCSV:75 - 生成5位的随机数: 39530
2021-05-20 09:30:48 INFO  TestcaseStepModelCSV:58 - 更新用例变量 新增: getTimeStamp
2021-05-20 09:30:48 INFO  TestcaseStepModelCSV:65 - 进行基本参数替换 时间戳 随机数
2021-05-20 09:30:49 INFO  ApiTest:43 - debug
2021-05-20 10:05:24 INFO  ApiTest:39 - 【用例开始执行】
2021-05-20 10:05:24 INFO  ApiTest:40 - 用例名称： customerService
2021-05-20 10:05:24 INFO  ApiTest:41 - 用例描述： 客户服务测试用例
2021-05-20 10:05:24 INFO  TestcaseStepModelCSV:58 - 更新用例变量 新增: getTimeStamp
2021-05-20 10:05:24 INFO  TestcaseStepModelCSV:65 - 进行基本参数替换 时间戳 随机数
2021-05-20 10:05:24 INFO  TestcaseStepModelCSV:75 - 生成5位的随机数: 96392
2021-05-20 10:05:26 INFO  TestcaseStepModelCSV:58 - 更新用例变量 新增: getTimeStamp
2021-05-20 10:05:26 INFO  TestcaseStepModelCSV:65 - 进行基本参数替换 时间戳 随机数
2021-05-20 10:05:27 INFO  ApiTest:43 - debug
2021-05-20 10:11:56 INFO  ApiTest:41 - 【用例开始执行】
2021-05-20 10:11:56 INFO  ApiTest:42 - 用例名称： customerService
2021-05-20 10:11:56 INFO  ApiTest:43 - 用例描述： 客户服务测试用例
2021-05-20 10:11:56 INFO  TestcaseStepModelCSV:58 - 更新用例变量 新增: getTimeStamp
2021-05-20 10:11:56 INFO  TestcaseStepModelCSV:65 - 进行基本参数替换 时间戳 随机数
2021-05-20 10:11:56 INFO  TestcaseStepModelCSV:75 - 生成5位的随机数: 20156
2021-05-20 10:11:58 INFO  TestcaseStepModelCSV:58 - 更新用例变量 新增: getTimeStamp
2021-05-20 10:11:58 INFO  TestcaseStepModelCSV:65 - 进行基本参数替换 时间戳 随机数
2021-05-20 10:11:58 INFO  ApiTest:45 - debug
2021-05-20 10:13:14 INFO  ApiTest:41 - 【用例开始执行】
2021-05-20 10:13:14 INFO  ApiTest:42 - 用例名称： customerService
2021-05-20 10:13:14 INFO  ApiTest:43 - 用例描述： 客户服务测试用例
2021-05-20 10:13:14 INFO  TestcaseStepModelCSV:58 - 更新用例变量 新增: getTimeStamp
2021-05-20 10:13:14 INFO  TestcaseStepModelCSV:65 - 进行基本参数替换 时间戳 随机数
2021-05-20 10:13:14 INFO  TestcaseStepModelCSV:75 - 生成5位的随机数: 68351
2021-05-20 10:13:15 INFO  TestcaseStepModelCSV:58 - 更新用例变量 新增: getTimeStamp
2021-05-20 10:13:15 INFO  TestcaseStepModelCSV:65 - 进行基本参数替换 时间戳 随机数
2021-05-20 10:13:16 INFO  ApiTest:45 - debug
2021-05-20 10:26:24 INFO  ApiTest:43 - 【用例开始执行】
2021-05-20 10:26:24 INFO  ApiTest:44 - 用例名称： customerService
2021-05-20 10:26:24 INFO  ApiTest:45 - 用例描述： 客户服务测试用例
2021-05-20 10:26:24 INFO  TestcaseStepModelCSV:58 - 更新用例变量 新增: getTimeStamp
2021-05-20 10:26:24 INFO  TestcaseStepModelCSV:65 - 进行基本参数替换 时间戳 随机数
2021-05-20 10:26:24 INFO  TestcaseStepModelCSV:75 - 生成5位的随机数: 88078
2021-05-20 10:26:26 INFO  TestcaseStepModelCSV:58 - 更新用例变量 新增: getTimeStamp
2021-05-20 10:26:26 INFO  TestcaseStepModelCSV:65 - 进行基本参数替换 时间戳 随机数
2021-05-20 10:26:27 INFO  ApiTest:47 - debug
2021-05-20 10:27:37 INFO  ApiTest:45 - 【用例开始执行】
2021-05-20 10:27:37 INFO  ApiTest:46 - 用例名称： customerService
2021-05-20 10:27:37 INFO  ApiTest:47 - 用例描述： 客户服务测试用例
2021-05-20 10:27:37 INFO  TestcaseStepModelCSV:58 - 更新用例变量 新增: getTimeStamp
2021-05-20 10:27:37 INFO  TestcaseStepModelCSV:65 - 进行基本参数替换 时间戳 随机数
2021-05-20 10:27:37 INFO  TestcaseStepModelCSV:75 - 生成5位的随机数: 10794
2021-05-20 10:27:38 INFO  TestcaseStepModelCSV:58 - 更新用例变量 新增: getTimeStamp
2021-05-20 10:27:38 INFO  TestcaseStepModelCSV:65 - 进行基本参数替换 时间戳 随机数
2021-05-20 10:27:39 INFO  ApiTest:49 - debug
2021-05-20 11:02:29 INFO  ApiTest:37 - 【用例开始执行】
2021-05-20 11:02:29 INFO  ApiTest:38 - 用例名称： customerService
2021-05-20 11:02:29 INFO  ApiTest:39 - 用例描述： 客户服务测试用例
2021-05-20 11:02:29 INFO  TestcaseStepModelCSV:57 - 更新用例变量 新增: getTimeStamp
2021-05-20 11:02:29 INFO  TestcaseStepModelCSV:64 - 进行基本参数替换 时间戳 随机数
2021-05-20 11:02:29 INFO  TestcaseStepModelCSV:74 - 生成5位的随机数: 76346
2021-05-20 11:02:30 INFO  TestcaseStepModelCSV:57 - 更新用例变量 新增: getTimeStamp
2021-05-20 11:02:30 INFO  TestcaseStepModelCSV:64 - 进行基本参数替换 时间戳 随机数
2021-05-20 11:02:30 INFO  TestcaseStepModelCSV:57 - 更新用例变量 新增: getTimeStamp
2021-05-20 11:02:30 INFO  TestcaseStepModelCSV:64 - 进行基本参数替换 时间戳 随机数
2021-05-20 11:02:30 INFO  PlaceholderUtils:64 - Could not resolve placeholder '0=service_name' in [${0=service_name}] 
2021-05-20 11:02:31 INFO  ApiTest:41 - debug
2021-05-20 11:39:40 INFO  ApiTest:37 - 【用例开始执行】
2021-05-20 11:39:40 INFO  ApiTest:38 - 用例名称： customerService
2021-05-20 11:39:40 INFO  ApiTest:39 - 用例描述： 客户服务测试用例
2021-05-20 11:39:40 INFO  TestcaseStepModelCSV:58 - 更新用例变量 新增: getTimeStamp
2021-05-20 11:39:40 INFO  TestcaseStepModelCSV:64 - 进行基本参数替换 时间戳 随机数
2021-05-20 11:39:40 INFO  TestcaseStepModelCSV:73 - 生成5位的随机数: 49595
2021-05-20 11:39:42 INFO  TestcaseStepModelCSV:58 - 更新用例变量 新增: getTimeStamp
2021-05-20 11:39:42 INFO  TestcaseStepModelCSV:64 - 进行基本参数替换 时间戳 随机数
2021-05-20 11:39:43 INFO  TestcaseModelCSV:90 - 更新用例变量 新增：{1-service_id=2552}
2021-05-20 11:39:43 INFO  TestcaseStepModelCSV:58 - 更新用例变量 新增: getTimeStamp
2021-05-20 11:39:43 INFO  TestcaseStepModelCSV:64 - 进行基本参数替换 时间戳 随机数
2021-05-20 11:39:43 INFO  PlaceholderUtils:64 - Could not resolve placeholder '0=service_name' in [${0=service_name}] 
2021-05-20 11:39:43 INFO  TestcaseStepModelCSV:58 - 更新用例变量 新增: getTimeStamp
2021-05-20 11:39:43 INFO  TestcaseStepModelCSV:64 - 进行基本参数替换 时间戳 随机数
2021-05-20 11:39:43 ERROR ApiLoader:58 - 没有找到contact对应的getServiceaction
2021-05-20 11:41:02 INFO  ApiTest:37 - 【用例开始执行】
2021-05-20 11:41:02 INFO  ApiTest:38 - 用例名称： customerService
2021-05-20 11:41:02 INFO  ApiTest:39 - 用例描述： 客户服务测试用例
2021-05-20 11:41:02 INFO  TestcaseStepModelCSV:58 - 更新用例变量 新增: getTimeStamp
2021-05-20 11:41:02 INFO  TestcaseStepModelCSV:64 - 进行基本参数替换 时间戳 随机数
2021-05-20 11:41:02 INFO  TestcaseStepModelCSV:73 - 生成5位的随机数: 28270
2021-05-20 11:41:03 INFO  TestcaseStepModelCSV:58 - 更新用例变量 新增: getTimeStamp
2021-05-20 11:41:03 INFO  TestcaseStepModelCSV:64 - 进行基本参数替换 时间戳 随机数
2021-05-20 11:41:04 INFO  TestcaseModelCSV:90 - 更新用例变量 新增：{1-service_id=2553}
2021-05-20 11:41:04 INFO  TestcaseStepModelCSV:58 - 更新用例变量 新增: getTimeStamp
2021-05-20 11:41:04 INFO  TestcaseStepModelCSV:64 - 进行基本参数替换 时间戳 随机数
2021-05-20 11:41:04 INFO  PlaceholderUtils:64 - Could not resolve placeholder '0=service_name' in [${0=service_name}] 
2021-05-20 11:41:04 INFO  TestcaseStepModelCSV:58 - 更新用例变量 新增: getTimeStamp
2021-05-20 11:41:04 INFO  TestcaseStepModelCSV:64 - 进行基本参数替换 时间戳 随机数
2021-05-20 11:47:39 INFO  ApiTest:37 - 【用例开始执行】
2021-05-20 11:47:39 INFO  ApiTest:38 - 用例名称： customerService
2021-05-20 11:47:39 INFO  ApiTest:39 - 用例描述： 客户服务测试用例
2021-05-20 11:47:39 INFO  TestcaseStepModelCSV:58 - 更新用例变量 新增: getTimeStamp
2021-05-20 11:47:39 INFO  TestcaseStepModelCSV:64 - 进行基本参数替换 时间戳 随机数
2021-05-20 11:47:39 INFO  TestcaseStepModelCSV:73 - 生成5位的随机数: 07258
2021-05-20 11:47:41 INFO  TestcaseStepModelCSV:58 - 更新用例变量 新增: getTimeStamp
2021-05-20 11:47:41 INFO  TestcaseStepModelCSV:64 - 进行基本参数替换 时间戳 随机数
2021-05-20 11:47:42 INFO  TestcaseModelCSV:90 - 更新用例变量 新增：{1-service_id=2554}
2021-05-20 11:47:42 INFO  TestcaseStepModelCSV:58 - 更新用例变量 新增: getTimeStamp
2021-05-20 11:47:42 INFO  TestcaseStepModelCSV:64 - 进行基本参数替换 时间戳 随机数
2021-05-20 11:47:42 INFO  PlaceholderUtils:64 - Could not resolve placeholder '0=service_name' in [${0=service_name}] 
2021-05-20 11:47:42 INFO  TestcaseStepModelCSV:58 - 更新用例变量 新增: getTimeStamp
2021-05-20 11:47:42 INFO  TestcaseStepModelCSV:64 - 进行基本参数替换 时间戳 随机数
2021-05-20 11:48:55 INFO  ApiTest:37 - 【用例开始执行】
2021-05-20 11:48:55 INFO  ApiTest:38 - 用例名称： customerService
2021-05-20 11:48:55 INFO  ApiTest:39 - 用例描述： 客户服务测试用例
2021-05-20 11:48:55 INFO  TestcaseStepModelCSV:58 - 更新用例变量 新增: getTimeStamp
2021-05-20 11:48:55 INFO  TestcaseStepModelCSV:64 - 进行基本参数替换 时间戳 随机数
2021-05-20 11:48:55 INFO  TestcaseStepModelCSV:73 - 生成5位的随机数: 60681
2021-05-20 11:48:57 INFO  TestcaseStepModelCSV:58 - 更新用例变量 新增: getTimeStamp
2021-05-20 11:48:57 INFO  TestcaseStepModelCSV:64 - 进行基本参数替换 时间戳 随机数
2021-05-20 11:48:58 INFO  TestcaseModelCSV:90 - 更新用例变量 新增：{1-service_id=2555}
2021-05-20 11:48:58 INFO  TestcaseStepModelCSV:58 - 更新用例变量 新增: getTimeStamp
2021-05-20 11:48:58 INFO  TestcaseStepModelCSV:64 - 进行基本参数替换 时间戳 随机数
2021-05-20 11:48:58 INFO  PlaceholderUtils:64 - Could not resolve placeholder '0=service_name' in [${0=service_name}] 
2021-05-20 11:48:58 INFO  TestcaseStepModelCSV:58 - 更新用例变量 新增: getTimeStamp
2021-05-20 11:48:58 INFO  TestcaseStepModelCSV:64 - 进行基本参数替换 时间戳 随机数
2021-05-20 11:50:41 INFO  ApiTest:37 - 【用例开始执行】
2021-05-20 11:50:41 INFO  ApiTest:38 - 用例名称： customerService
2021-05-20 11:50:41 INFO  ApiTest:39 - 用例描述： 客户服务测试用例
2021-05-20 11:50:41 INFO  TestcaseStepModelCSV:58 - 更新用例变量 新增: getTimeStamp
2021-05-20 11:50:41 INFO  TestcaseStepModelCSV:64 - 进行基本参数替换 时间戳 随机数
2021-05-20 11:50:41 INFO  TestcaseStepModelCSV:73 - 生成5位的随机数: 67633
2021-05-20 11:50:43 INFO  TestcaseStepModelCSV:58 - 更新用例变量 新增: getTimeStamp
2021-05-20 11:50:43 INFO  TestcaseStepModelCSV:64 - 进行基本参数替换 时间戳 随机数
2021-05-20 11:50:44 INFO  TestcaseModelCSV:90 - 更新用例变量 新增：{1-service_id=2556}
2021-05-20 11:50:44 INFO  TestcaseStepModelCSV:58 - 更新用例变量 新增: getTimeStamp
2021-05-20 11:50:44 INFO  TestcaseStepModelCSV:64 - 进行基本参数替换 时间戳 随机数
2021-05-20 11:50:44 INFO  PlaceholderUtils:64 - Could not resolve placeholder '0=service_name' in [${0=service_name}] 
2021-05-20 11:50:44 INFO  TestcaseStepModelCSV:58 - 更新用例变量 新增: getTimeStamp
2021-05-20 11:50:44 INFO  TestcaseStepModelCSV:64 - 进行基本参数替换 时间戳 随机数
2021-05-20 11:52:10 INFO  ApiTest:37 - 【用例开始执行】
2021-05-20 11:52:10 INFO  ApiTest:38 - 用例名称： customerService
2021-05-20 11:52:10 INFO  ApiTest:39 - 用例描述： 客户服务测试用例
2021-05-20 11:52:10 INFO  TestcaseStepModelCSV:58 - 更新用例变量 新增: getTimeStamp
2021-05-20 11:52:10 INFO  TestcaseStepModelCSV:64 - 进行基本参数替换 时间戳 随机数
2021-05-20 11:52:10 INFO  TestcaseStepModelCSV:73 - 生成5位的随机数: 22031
2021-05-20 11:52:11 INFO  TestcaseStepModelCSV:58 - 更新用例变量 新增: getTimeStamp
2021-05-20 11:52:11 INFO  TestcaseStepModelCSV:64 - 进行基本参数替换 时间戳 随机数
2021-05-20 11:52:12 INFO  TestcaseModelCSV:90 - 更新用例变量 新增：{1-service_id=2557}
2021-05-20 11:52:12 INFO  TestcaseStepModelCSV:58 - 更新用例变量 新增: getTimeStamp
2021-05-20 11:52:12 INFO  TestcaseStepModelCSV:64 - 进行基本参数替换 时间戳 随机数
2021-05-20 11:52:12 INFO  PlaceholderUtils:64 - Could not resolve placeholder '0=service_name' in [${0=service_name}] 
2021-05-20 11:52:12 INFO  TestcaseStepModelCSV:58 - 更新用例变量 新增: getTimeStamp
2021-05-20 11:52:12 INFO  TestcaseStepModelCSV:64 - 进行基本参数替换 时间戳 随机数
2021-05-20 11:54:56 INFO  ApiTest:37 - 【用例开始执行】
2021-05-20 11:54:56 INFO  ApiTest:38 - 用例名称： customerService
2021-05-20 11:54:56 INFO  ApiTest:39 - 用例描述： 客户服务测试用例
2021-05-20 11:54:56 INFO  TestcaseStepModelCSV:58 - 更新用例变量 新增: getTimeStamp
2021-05-20 11:54:56 INFO  TestcaseStepModelCSV:64 - 进行基本参数替换 时间戳 随机数
2021-05-20 11:54:56 INFO  TestcaseStepModelCSV:73 - 生成5位的随机数: 13583
2021-05-20 11:54:57 INFO  TestcaseStepModelCSV:58 - 更新用例变量 新增: getTimeStamp
2021-05-20 11:54:57 INFO  TestcaseStepModelCSV:64 - 进行基本参数替换 时间戳 随机数
2021-05-20 11:54:58 INFO  TestcaseModelCSV:90 - 更新用例变量 新增：{1-service_id=2558}
2021-05-20 11:54:58 INFO  TestcaseStepModelCSV:58 - 更新用例变量 新增: getTimeStamp
2021-05-20 11:54:58 INFO  TestcaseStepModelCSV:64 - 进行基本参数替换 时间戳 随机数
2021-05-20 11:54:58 INFO  PlaceholderUtils:64 - Could not resolve placeholder '0=service_name' in [${0=service_name}] 
2021-05-20 12:59:48 INFO  ApiTest:37 - 【用例开始执行】
2021-05-20 12:59:48 INFO  ApiTest:38 - 用例名称： customerService
2021-05-20 12:59:48 INFO  ApiTest:39 - 用例描述： 客户服务测试用例
2021-05-20 12:59:48 INFO  TestcaseStepModelCSV:58 - 更新用例变量 新增: getTimeStamp
2021-05-20 12:59:48 INFO  TestcaseStepModelCSV:64 - 进行基本参数替换 时间戳 随机数
2021-05-20 12:59:48 INFO  TestcaseStepModelCSV:73 - 生成5位的随机数: 78528
2021-05-20 12:59:50 INFO  TestcaseStepModelCSV:58 - 更新用例变量 新增: getTimeStamp
2021-05-20 12:59:50 INFO  TestcaseStepModelCSV:64 - 进行基本参数替换 时间戳 随机数
2021-05-20 12:59:51 INFO  TestcaseModelCSV:90 - 更新用例变量 新增：{1-service_id=2559}
2021-05-20 12:59:51 INFO  TestcaseStepModelCSV:58 - 更新用例变量 新增: getTimeStamp
2021-05-20 12:59:51 INFO  TestcaseStepModelCSV:64 - 进行基本参数替换 时间戳 随机数
2021-05-20 12:59:51 INFO  PlaceholderUtils:64 - Could not resolve placeholder '0=service_name' in [${0=service_name}] 
2021-05-20 12:59:51 INFO  TestcaseStepModelCSV:58 - 更新用例变量 新增: getTimeStamp
2021-05-20 12:59:51 INFO  TestcaseStepModelCSV:64 - 进行基本参数替换 时间戳 随机数
2021-05-20 12:59:51 INFO  ApiTest:41 - debug
2021-05-20 13:00:07 INFO  ApiTest:37 - 【用例开始执行】
2021-05-20 13:00:07 INFO  ApiTest:38 - 用例名称： customerService
2021-05-20 13:00:07 INFO  ApiTest:39 - 用例描述： 客户服务测试用例
2021-05-20 13:00:07 INFO  TestcaseStepModelCSV:58 - 更新用例变量 新增: getTimeStamp
2021-05-20 13:00:07 INFO  TestcaseStepModelCSV:64 - 进行基本参数替换 时间戳 随机数
2021-05-20 13:00:07 INFO  TestcaseStepModelCSV:73 - 生成5位的随机数: 97250
2021-05-20 13:00:10 INFO  TestcaseStepModelCSV:58 - 更新用例变量 新增: getTimeStamp
2021-05-20 13:00:10 INFO  TestcaseStepModelCSV:64 - 进行基本参数替换 时间戳 随机数
2021-05-20 13:00:10 INFO  TestcaseModelCSV:90 - 更新用例变量 新增：{1-service_id=2560}
2021-05-20 13:00:10 INFO  TestcaseStepModelCSV:58 - 更新用例变量 新增: getTimeStamp
2021-05-20 13:00:10 INFO  TestcaseStepModelCSV:64 - 进行基本参数替换 时间戳 随机数
2021-05-20 13:00:10 INFO  PlaceholderUtils:64 - Could not resolve placeholder '0=service_name' in [${0=service_name}] 
2021-05-20 13:01:11 INFO  ApiTest:37 - 【用例开始执行】
2021-05-20 13:01:11 INFO  ApiTest:38 - 用例名称： customerService
2021-05-20 13:01:11 INFO  ApiTest:39 - 用例描述： 客户服务测试用例
2021-05-20 13:01:11 INFO  TestcaseStepModelCSV:58 - 更新用例变量 新增: getTimeStamp
2021-05-20 13:01:11 INFO  TestcaseStepModelCSV:64 - 进行基本参数替换 时间戳 随机数
2021-05-20 13:01:11 INFO  TestcaseStepModelCSV:73 - 生成5位的随机数: 78660
2021-05-20 13:01:13 INFO  TestcaseStepModelCSV:58 - 更新用例变量 新增: getTimeStamp
2021-05-20 13:01:13 INFO  TestcaseStepModelCSV:64 - 进行基本参数替换 时间戳 随机数
2021-05-20 13:01:13 INFO  TestcaseModelCSV:90 - 更新用例变量 新增：{1-service_id=2561}
2021-05-20 13:01:13 INFO  TestcaseStepModelCSV:58 - 更新用例变量 新增: getTimeStamp
2021-05-20 13:01:13 INFO  TestcaseStepModelCSV:64 - 进行基本参数替换 时间戳 随机数
2021-05-20 13:01:13 INFO  PlaceholderUtils:64 - Could not resolve placeholder '0=service_name' in [${0=service_name}] 
2021-05-20 13:01:14 ERROR TestcaseStepModelCSV:128 - 获取不到实际参数: data.deta[0].service_name
2021-05-20 14:00:51 INFO  ApiTest:32 - 【用例开始执行】
2021-05-20 14:00:51 INFO  ApiTest:33 - 用例名称： customerService
2021-05-20 14:00:51 INFO  ApiTest:34 - 用例描述： 客户服务测试用例
2021-05-20 14:00:51 INFO  TestcaseStepModel:49 - 更新用例变量 新增: getTimeStamp
2021-05-20 14:00:51 INFO  TestcaseStepModel:53 - 进行基本参数替换 时间戳 随机数
2021-05-20 14:00:51 INFO  TestcaseStepModel:63 - 生成5位的随机数: 13089
2021-05-20 14:00:53 INFO  TestcaseStepModel:49 - 更新用例变量 新增: getTimeStamp
2021-05-20 14:00:53 INFO  TestcaseStepModel:53 - 进行基本参数替换 时间戳 随机数
2021-05-20 14:00:53 INFO  PlaceholderUtils:64 - Could not resolve placeholder '0=service_name' in [${0=service_name}] 
2021-05-20 14:00:53 INFO  TestcaseModel:58 - 更新用例变量 新增：{1-service_id=2562}
2021-05-20 14:00:53 INFO  TestcaseStepModel:49 - 更新用例变量 新增: getTimeStamp
2021-05-20 14:00:53 INFO  TestcaseStepModel:53 - 进行基本参数替换 时间戳 随机数
2021-05-20 14:00:53 INFO  PlaceholderUtils:64 - Could not resolve placeholder '0=service_name' in [${0=service_name}] 
2021-05-20 14:00:53 INFO  ApiTest:32 - 【用例开始执行】
2021-05-20 14:00:53 INFO  ApiTest:33 - 用例名称： creatdepartment
2021-05-20 14:00:53 INFO  ApiTest:34 - 用例描述： 初步测试创建部门用例
2021-05-20 14:00:53 INFO  TestcaseStepModel:49 - 更新用例变量 新增: getTimeStamp
2021-05-20 14:00:53 INFO  TestcaseStepModel:53 - 进行基本参数替换 时间戳 随机数
2021-05-20 14:00:54 INFO  TestcaseStepModel:49 - 更新用例变量 新增: getTimeStamp
2021-05-20 14:00:54 INFO  TestcaseStepModel:53 - 进行基本参数替换 时间戳 随机数
2021-05-20 14:00:54 INFO  TestcaseStepModel:63 - 生成5位的随机数: 20701
2021-05-20 14:00:54 INFO  PlaceholderUtils:64 - Could not resolve placeholder 'name' in [{"name": "${name}","name_en": "${name_en}","parentid": 1}] 
2021-05-20 14:00:54 INFO  PlaceholderUtils:64 - Could not resolve placeholder 'name_en' in [{"name": "${name}","name_en": "${name_en}","parentid": 1}] 
2021-05-20 14:00:54 INFO  TestcaseModel:58 - 更新用例变量 新增：{departmentId=41}
2021-05-20 14:00:54 INFO  ApiTest:36 - debug
2021-05-20 14:00:54 INFO  ApiTest:32 - 【用例开始执行】
2021-05-20 14:00:54 INFO  ApiTest:33 - 用例名称： getToken
2021-05-20 14:00:54 INFO  ApiTest:34 - 用例描述： 获取Token方法测试用例
2021-05-20 14:00:54 INFO  TestcaseStepModel:49 - 更新用例变量 新增: getTimeStamp
2021-05-20 14:00:54 INFO  TestcaseStepModel:53 - 进行基本参数替换 时间戳 随机数
2021-05-20 14:00:54 INFO  PlaceholderUtils:64 - Could not resolve placeholder 'corpid' in [${corpid}] 
2021-05-20 14:00:54 INFO  PlaceholderUtils:64 - Could not resolve placeholder 'corpsecret' in [${corpsecret}] 
2021-05-20 14:00:54 INFO  ApiTest:32 - 【用例开始执行】
2021-05-20 14:00:54 INFO  ApiTest:33 - 用例名称： departmentTestCase
2021-05-20 14:00:54 INFO  ApiTest:34 - 用例描述： 部门相关，增删改查测试用例
2021-05-20 14:00:54 INFO  TestcaseStepModel:49 - 更新用例变量 新增: getTimeStamp
2021-05-20 14:00:54 INFO  TestcaseStepModel:53 - 进行基本参数替换 时间戳 随机数
2021-05-20 14:00:54 INFO  PlaceholderUtils:64 - Could not resolve placeholder 'corpid' in [${corpid}] 
2021-05-20 14:00:54 INFO  PlaceholderUtils:64 - Could not resolve placeholder 'corpsecret' in [${corpsecret}] 
2021-05-20 14:00:54 INFO  TestcaseStepModel:49 - 更新用例变量 新增: getTimeStamp
2021-05-20 14:00:54 INFO  TestcaseStepModel:53 - 进行基本参数替换 时间戳 随机数
2021-05-20 14:00:54 INFO  PlaceholderUtils:64 - Could not resolve placeholder 'name' in [{"name": "${name}","name_en": "${name_en}","parentid": 1}] 
2021-05-20 14:00:54 INFO  PlaceholderUtils:64 - Could not resolve placeholder 'name_en' in [{"name": "${name}","name_en": "${name_en}","parentid": 1}] 
2021-05-20 14:00:55 INFO  TestcaseModel:58 - 更新用例变量 新增：{departmentId=42}
2021-05-20 14:00:55 INFO  TestcaseStepModel:49 - 更新用例变量 新增: getTimeStamp
2021-05-20 14:00:55 INFO  TestcaseStepModel:53 - 进行基本参数替换 时间戳 随机数
2021-05-20 14:00:55 INFO  PlaceholderUtils:64 - Could not resolve placeholder 'departmentId' in [{ "id": ${departmentId}, "name": "${name}", "name_en": "${name_en}", "order": 1 }] 
2021-05-20 14:00:55 INFO  PlaceholderUtils:64 - Could not resolve placeholder 'name' in [{ "id": ${departmentId}, "name": "${name}", "name_en": "${name_en}", "order": 1 }] 
2021-05-20 14:00:55 INFO  PlaceholderUtils:64 - Could not resolve placeholder 'name_en' in [{ "id": ${departmentId}, "name": "${name}", "name_en": "${name_en}", "order": 1 }] 
2021-05-20 14:00:55 INFO  TestcaseStepModel:49 - 更新用例变量 新增: getTimeStamp
2021-05-20 14:00:55 INFO  TestcaseStepModel:53 - 进行基本参数替换 时间戳 随机数
2021-05-20 14:00:55 INFO  PlaceholderUtils:64 - Could not resolve placeholder 'departmentId' in [${departmentId}] 
2021-05-20 14:00:55 INFO  TestcaseStepModel:49 - 更新用例变量 新增: getTimeStamp
2021-05-20 14:00:55 INFO  TestcaseStepModel:53 - 进行基本参数替换 时间戳 随机数
2021-05-20 14:00:55 INFO  PlaceholderUtils:64 - Could not resolve placeholder 'departmentId' in [${departmentId}] 
2021-05-20 14:02:33 INFO  ApiTest:33 - 【用例开始执行】
2021-05-20 14:02:33 INFO  ApiTest:34 - 用例名称： customerService
2021-05-20 14:02:33 INFO  ApiTest:35 - 用例描述： 客户服务测试用例
2021-05-20 14:02:33 INFO  TestcaseStepModelCSV:58 - 更新用例变量 新增: getTimeStamp
2021-05-20 14:02:33 INFO  TestcaseStepModelCSV:64 - 进行基本参数替换 时间戳 随机数
2021-05-20 14:02:33 INFO  TestcaseStepModelCSV:73 - 生成5位的随机数: 83421
2021-05-20 14:02:36 INFO  TestcaseStepModelCSV:58 - 更新用例变量 新增: getTimeStamp
2021-05-20 14:02:36 INFO  TestcaseStepModelCSV:64 - 进行基本参数替换 时间戳 随机数
2021-05-20 14:02:36 INFO  TestcaseModelCSV:90 - 更新用例变量 新增：{1-service_id=2563}
2021-05-20 14:02:36 INFO  TestcaseStepModelCSV:58 - 更新用例变量 新增: getTimeStamp
2021-05-20 14:02:36 INFO  TestcaseStepModelCSV:64 - 进行基本参数替换 时间戳 随机数
2021-05-20 14:02:36 INFO  PlaceholderUtils:64 - Could not resolve placeholder '0=service_name' in [${0=service_name}] 
2021-05-20 14:02:36 ERROR TestcaseStepModelCSV:128 - 获取不到实际参数值: data.deta[0].service_name
2021-05-20 14:02:36 INFO  ApiTest:33 - 【用例开始执行】
2021-05-20 14:02:36 INFO  ApiTest:34 - 用例名称： creatdepartment
2021-05-20 14:02:36 INFO  ApiTest:35 - 用例描述： 初步测试创建部门用例
2021-05-20 14:02:36 INFO  TestcaseStepModelCSV:58 - 更新用例变量 新增: getTimeStamp
2021-05-20 14:02:36 INFO  TestcaseStepModelCSV:64 - 进行基本参数替换 时间戳 随机数
2021-05-20 14:02:36 INFO  TestcaseStepModelCSV:58 - 更新用例变量 新增: getTimeStamp
2021-05-20 14:02:36 INFO  TestcaseStepModelCSV:64 - 进行基本参数替换 时间戳 随机数
2021-05-20 14:02:36 INFO  TestcaseStepModelCSV:73 - 生成5位的随机数: 49032
2021-05-20 14:02:36 INFO  PlaceholderUtils:64 - Could not resolve placeholder 'name' in [{"name": "${name}","name_en": "${name_en}","parentid": 1}] 
2021-05-20 14:02:36 INFO  PlaceholderUtils:64 - Could not resolve placeholder 'name_en' in [{"name": "${name}","name_en": "${name_en}","parentid": 1}] 
2021-05-20 14:02:37 INFO  TestcaseModelCSV:90 - 更新用例变量 新增：{departmentId=42}
2021-05-20 14:02:37 INFO  ApiTest:37 - debug
2021-05-20 14:02:37 INFO  ApiTest:33 - 【用例开始执行】
2021-05-20 14:02:37 INFO  ApiTest:34 - 用例名称： creatdepartment
2021-05-20 14:02:37 INFO  ApiTest:35 - 用例描述： 初步测试创建部门用例
2021-05-20 14:02:37 INFO  TestcaseStepModelCSV:58 - 更新用例变量 新增: getTimeStamp
2021-05-20 14:02:37 INFO  TestcaseStepModelCSV:64 - 进行基本参数替换 时间戳 随机数
2021-05-20 14:02:37 INFO  PlaceholderUtils:64 - Could not resolve placeholder 'corpid' in [${corpid}] 
2021-05-20 14:02:37 INFO  PlaceholderUtils:64 - Could not resolve placeholder 'corpsecret' in [${corpsecret}] 
2021-05-20 14:02:37 INFO  TestcaseStepModelCSV:58 - 更新用例变量 新增: getTimeStamp
2021-05-20 14:02:37 INFO  TestcaseStepModelCSV:64 - 进行基本参数替换 时间戳 随机数
2021-05-20 14:02:37 INFO  PlaceholderUtils:64 - Could not resolve placeholder 'name' in [{"name": "${name}","name_en": "${name_en}","parentid": 1}] 
2021-05-20 14:02:37 INFO  PlaceholderUtils:64 - Could not resolve placeholder 'name_en' in [{"name": "${name}","name_en": "${name_en}","parentid": 1}] 
2021-05-20 14:02:37 INFO  TestcaseStepModelCSV:58 - 更新用例变量 新增: getTimeStamp
2021-05-20 14:02:37 INFO  TestcaseStepModelCSV:64 - 进行基本参数替换 时间戳 随机数
2021-05-20 14:02:37 INFO  PlaceholderUtils:64 - Could not resolve placeholder 'name' in [{"name": "${name}","name_en": "${name_en}","parentid": 1}] 
2021-05-20 14:02:37 INFO  PlaceholderUtils:64 - Could not resolve placeholder 'name_en' in [{"name": "${name}","name_en": "${name_en}","parentid": 1}] 
2021-05-20 14:02:37 INFO  TestcaseStepModelCSV:58 - 更新用例变量 新增: getTimeStamp
2021-05-20 14:02:37 INFO  TestcaseStepModelCSV:64 - 进行基本参数替换 时间戳 随机数
2021-05-20 14:02:37 INFO  PlaceholderUtils:64 - Could not resolve placeholder 'name' in [{"name": "${name}","name_en": "${name_en}","parentid": 1}] 
2021-05-20 14:02:37 INFO  PlaceholderUtils:64 - Could not resolve placeholder 'name_en' in [{"name": "${name}","name_en": "${name_en}","parentid": 1}] 
2021-05-20 14:02:37 INFO  TestcaseStepModelCSV:58 - 更新用例变量 新增: getTimeStamp
2021-05-20 14:02:37 INFO  TestcaseStepModelCSV:64 - 进行基本参数替换 时间戳 随机数
2021-05-20 14:02:37 INFO  PlaceholderUtils:64 - Could not resolve placeholder 'name' in [{"name": "${name}","name_en": "${name_en}","parentid": 1}] 
2021-05-20 14:02:37 INFO  PlaceholderUtils:64 - Could not resolve placeholder 'name_en' in [{"name": "${name}","name_en": "${name_en}","parentid": 1}] 
2021-05-20 14:02:37 INFO  TestcaseStepModelCSV:58 - 更新用例变量 新增: getTimeStamp
2021-05-20 14:02:37 INFO  TestcaseStepModelCSV:64 - 进行基本参数替换 时间戳 随机数
2021-05-20 14:02:37 INFO  PlaceholderUtils:64 - Could not resolve placeholder 'name' in [{"name": "${name}","name_en": "${name_en}","parentid": 1}] 
2021-05-20 14:02:37 INFO  PlaceholderUtils:64 - Could not resolve placeholder 'name_en' in [{"name": "${name}","name_en": "${name_en}","parentid": 1}] 
2021-05-20 14:02:38 INFO  TestcaseStepModelCSV:58 - 更新用例变量 新增: getTimeStamp
2021-05-20 14:02:38 INFO  TestcaseStepModelCSV:64 - 进行基本参数替换 时间戳 随机数
2021-05-20 14:02:38 INFO  PlaceholderUtils:64 - Could not resolve placeholder 'name' in [{"name": "${name}","name_en": "${name_en}","parentid": 1}] 
2021-05-20 14:02:38 INFO  PlaceholderUtils:64 - Could not resolve placeholder 'name_en' in [{"name": "${name}","name_en": "${name_en}","parentid": 1}] 
2021-05-20 14:02:38 INFO  ApiTest:33 - 【用例开始执行】
2021-05-20 14:02:38 INFO  ApiTest:34 - 用例名称： getToken
2021-05-20 14:02:38 INFO  ApiTest:35 - 用例描述： 获取Token方法测试用例
2021-05-20 14:02:38 INFO  TestcaseStepModelCSV:58 - 更新用例变量 新增: getTimeStamp
2021-05-20 14:02:38 INFO  TestcaseStepModelCSV:64 - 进行基本参数替换 时间戳 随机数
2021-05-20 14:02:38 INFO  PlaceholderUtils:64 - Could not resolve placeholder 'corpid' in [${corpid}] 
2021-05-20 14:02:38 INFO  PlaceholderUtils:64 - Could not resolve placeholder 'corpsecret' in [${corpsecret}] 
2021-05-20 14:02:38 INFO  ApiTest:33 - 【用例开始执行】
2021-05-20 14:02:38 INFO  ApiTest:34 - 用例名称： departmentTestCase
2021-05-20 14:02:38 INFO  ApiTest:35 - 用例描述： 部门相关，增删改查测试用例
2021-05-20 14:02:38 INFO  TestcaseStepModelCSV:58 - 更新用例变量 新增: getTimeStamp
2021-05-20 14:02:38 INFO  TestcaseStepModelCSV:64 - 进行基本参数替换 时间戳 随机数
2021-05-20 14:02:38 INFO  PlaceholderUtils:64 - Could not resolve placeholder 'corpid' in [${corpid}] 
2021-05-20 14:02:38 INFO  PlaceholderUtils:64 - Could not resolve placeholder 'corpsecret' in [${corpsecret}] 
2021-05-20 14:02:38 INFO  TestcaseStepModelCSV:58 - 更新用例变量 新增: getTimeStamp
2021-05-20 14:02:38 INFO  TestcaseStepModelCSV:64 - 进行基本参数替换 时间戳 随机数
2021-05-20 14:02:38 INFO  PlaceholderUtils:64 - Could not resolve placeholder 'name' in [{"name": "${name}","name_en": "${name_en}","parentid": 1}] 
2021-05-20 14:02:38 INFO  PlaceholderUtils:64 - Could not resolve placeholder 'name_en' in [{"name": "${name}","name_en": "${name_en}","parentid": 1}] 
2021-05-20 14:02:38 INFO  TestcaseModelCSV:90 - 更新用例变量 新增：{departmentId=43}
2021-05-20 14:02:38 INFO  TestcaseStepModelCSV:58 - 更新用例变量 新增: getTimeStamp
2021-05-20 14:02:38 INFO  TestcaseStepModelCSV:64 - 进行基本参数替换 时间戳 随机数
2021-05-20 14:02:38 INFO  PlaceholderUtils:64 - Could not resolve placeholder 'departmentId' in [{ "id": ${departmentId}, "name": "${name}", "name_en": "${name_en}", "order": 1 }] 
2021-05-20 14:02:38 INFO  PlaceholderUtils:64 - Could not resolve placeholder 'name' in [{ "id": ${departmentId}, "name": "${name}", "name_en": "${name_en}", "order": 1 }] 
2021-05-20 14:02:38 INFO  PlaceholderUtils:64 - Could not resolve placeholder 'name_en' in [{ "id": ${departmentId}, "name": "${name}", "name_en": "${name_en}", "order": 1 }] 
2021-05-20 14:02:39 INFO  TestcaseStepModelCSV:58 - 更新用例变量 新增: getTimeStamp
2021-05-20 14:02:39 INFO  TestcaseStepModelCSV:64 - 进行基本参数替换 时间戳 随机数
2021-05-20 14:02:39 INFO  PlaceholderUtils:64 - Could not resolve placeholder 'departmentId' in [${departmentId}] 
2021-05-20 14:02:39 INFO  TestcaseStepModelCSV:58 - 更新用例变量 新增: getTimeStamp
2021-05-20 14:02:39 INFO  TestcaseStepModelCSV:64 - 进行基本参数替换 时间戳 随机数
2021-05-20 14:02:39 INFO  PlaceholderUtils:64 - Could not resolve placeholder 'departmentId' in [${departmentId}] 
2021-05-20 14:10:31 INFO  ApiTest:33 - 【用例开始执行】
2021-05-20 14:10:31 INFO  ApiTest:34 - 用例名称： customerService
2021-05-20 14:10:31 INFO  ApiTest:35 - 用例描述： 客户服务测试用例
2021-05-20 14:10:31 INFO  TestcaseStepModelCSV:58 - 更新用例变量 新增: getTimeStamp
2021-05-20 14:10:31 INFO  TestcaseStepModelCSV:64 - 进行基本参数替换 时间戳 随机数
2021-05-20 14:10:31 INFO  TestcaseStepModelCSV:73 - 生成5位的随机数: 02529
2021-05-20 14:10:34 INFO  TestcaseStepModelCSV:58 - 更新用例变量 新增: getTimeStamp
2021-05-20 14:10:34 INFO  TestcaseStepModelCSV:64 - 进行基本参数替换 时间戳 随机数
2021-05-20 14:10:34 INFO  TestcaseModelCSV:90 - 更新用例变量 新增：{1-service_id=2564}
2021-05-20 14:10:34 INFO  TestcaseStepModelCSV:58 - 更新用例变量 新增: getTimeStamp
2021-05-20 14:10:34 INFO  TestcaseStepModelCSV:64 - 进行基本参数替换 时间戳 随机数
2021-05-20 14:10:34 INFO  PlaceholderUtils:64 - Could not resolve placeholder '0=service_name' in [${0=service_name}] 
2021-05-20 14:10:34 ERROR TestcaseStepModelCSV:131 - 获取不到实际参数值: data.deta[0].service_name
2021-05-20 14:10:34 INFO  ApiTest:33 - 【用例开始执行】
2021-05-20 14:10:34 INFO  ApiTest:34 - 用例名称： creatdepartment
2021-05-20 14:10:34 INFO  ApiTest:35 - 用例描述： 初步测试创建部门用例
2021-05-20 14:10:34 INFO  TestcaseStepModelCSV:58 - 更新用例变量 新增: getTimeStamp
2021-05-20 14:10:34 INFO  TestcaseStepModelCSV:64 - 进行基本参数替换 时间戳 随机数
2021-05-20 14:10:34 INFO  TestcaseStepModelCSV:58 - 更新用例变量 新增: getTimeStamp
2021-05-20 14:10:34 INFO  TestcaseStepModelCSV:64 - 进行基本参数替换 时间戳 随机数
2021-05-20 14:10:34 INFO  TestcaseStepModelCSV:73 - 生成5位的随机数: 10260
2021-05-20 14:10:34 INFO  PlaceholderUtils:64 - Could not resolve placeholder 'name' in [{"name": "${name}","name_en": "${name_en}","parentid": 1}] 
2021-05-20 14:10:34 INFO  PlaceholderUtils:64 - Could not resolve placeholder 'name_en' in [{"name": "${name}","name_en": "${name_en}","parentid": 1}] 
2021-05-20 14:10:34 INFO  TestcaseModelCSV:90 - 更新用例变量 新增：{departmentId=43}
2021-05-20 14:10:35 INFO  ApiTest:37 - debug
2021-05-20 14:10:35 INFO  ApiTest:33 - 【用例开始执行】
2021-05-20 14:10:35 INFO  ApiTest:34 - 用例名称： creatdepartment
2021-05-20 14:10:35 INFO  ApiTest:35 - 用例描述： 初步测试创建部门用例
2021-05-20 14:10:35 INFO  TestcaseStepModelCSV:58 - 更新用例变量 新增: getTimeStamp
2021-05-20 14:10:35 INFO  TestcaseStepModelCSV:64 - 进行基本参数替换 时间戳 随机数
2021-05-20 14:10:35 INFO  PlaceholderUtils:64 - Could not resolve placeholder 'corpid' in [${corpid}] 
2021-05-20 14:10:35 INFO  PlaceholderUtils:64 - Could not resolve placeholder 'corpsecret' in [${corpsecret}] 
2021-05-20 14:10:35 INFO  TestcaseStepModelCSV:58 - 更新用例变量 新增: getTimeStamp
2021-05-20 14:10:35 INFO  TestcaseStepModelCSV:64 - 进行基本参数替换 时间戳 随机数
2021-05-20 14:10:35 INFO  PlaceholderUtils:64 - Could not resolve placeholder 'name' in [{"name": "${name}","name_en": "${name_en}","parentid": 1}] 
2021-05-20 14:10:35 INFO  PlaceholderUtils:64 - Could not resolve placeholder 'name_en' in [{"name": "${name}","name_en": "${name_en}","parentid": 1}] 
2021-05-20 14:10:35 INFO  TestcaseStepModelCSV:58 - 更新用例变量 新增: getTimeStamp
2021-05-20 14:10:35 INFO  TestcaseStepModelCSV:64 - 进行基本参数替换 时间戳 随机数
2021-05-20 14:10:35 INFO  PlaceholderUtils:64 - Could not resolve placeholder 'name' in [{"name": "${name}","name_en": "${name_en}","parentid": 1}] 
2021-05-20 14:10:35 INFO  PlaceholderUtils:64 - Could not resolve placeholder 'name_en' in [{"name": "${name}","name_en": "${name_en}","parentid": 1}] 
2021-05-20 14:10:35 INFO  TestcaseStepModelCSV:58 - 更新用例变量 新增: getTimeStamp
2021-05-20 14:10:35 INFO  TestcaseStepModelCSV:64 - 进行基本参数替换 时间戳 随机数
2021-05-20 14:10:35 INFO  PlaceholderUtils:64 - Could not resolve placeholder 'name' in [{"name": "${name}","name_en": "${name_en}","parentid": 1}] 
2021-05-20 14:10:35 INFO  PlaceholderUtils:64 - Could not resolve placeholder 'name_en' in [{"name": "${name}","name_en": "${name_en}","parentid": 1}] 
2021-05-20 14:10:35 INFO  TestcaseStepModelCSV:58 - 更新用例变量 新增: getTimeStamp
2021-05-20 14:10:35 INFO  TestcaseStepModelCSV:64 - 进行基本参数替换 时间戳 随机数
2021-05-20 14:10:35 INFO  PlaceholderUtils:64 - Could not resolve placeholder 'name' in [{"name": "${name}","name_en": "${name_en}","parentid": 1}] 
2021-05-20 14:10:35 INFO  PlaceholderUtils:64 - Could not resolve placeholder 'name_en' in [{"name": "${name}","name_en": "${name_en}","parentid": 1}] 
2021-05-20 14:10:35 INFO  TestcaseStepModelCSV:58 - 更新用例变量 新增: getTimeStamp
2021-05-20 14:10:35 INFO  TestcaseStepModelCSV:64 - 进行基本参数替换 时间戳 随机数
2021-05-20 14:10:35 INFO  PlaceholderUtils:64 - Could not resolve placeholder 'name' in [{"name": "${name}","name_en": "${name_en}","parentid": 1}] 
2021-05-20 14:10:35 INFO  PlaceholderUtils:64 - Could not resolve placeholder 'name_en' in [{"name": "${name}","name_en": "${name_en}","parentid": 1}] 
2021-05-20 14:10:35 INFO  TestcaseStepModelCSV:58 - 更新用例变量 新增: getTimeStamp
2021-05-20 14:10:35 INFO  TestcaseStepModelCSV:64 - 进行基本参数替换 时间戳 随机数
2021-05-20 14:10:35 INFO  PlaceholderUtils:64 - Could not resolve placeholder 'name' in [{"name": "${name}","name_en": "${name_en}","parentid": 1}] 
2021-05-20 14:10:35 INFO  PlaceholderUtils:64 - Could not resolve placeholder 'name_en' in [{"name": "${name}","name_en": "${name_en}","parentid": 1}] 
2021-05-20 14:10:36 INFO  ApiTest:33 - 【用例开始执行】
2021-05-20 14:10:36 INFO  ApiTest:34 - 用例名称： getToken
2021-05-20 14:10:36 INFO  ApiTest:35 - 用例描述： 获取Token方法测试用例
2021-05-20 14:10:36 INFO  TestcaseStepModelCSV:58 - 更新用例变量 新增: getTimeStamp
2021-05-20 14:10:36 INFO  TestcaseStepModelCSV:64 - 进行基本参数替换 时间戳 随机数
2021-05-20 14:10:36 INFO  PlaceholderUtils:64 - Could not resolve placeholder 'corpid' in [${corpid}] 
2021-05-20 14:10:36 INFO  PlaceholderUtils:64 - Could not resolve placeholder 'corpsecret' in [${corpsecret}] 
2021-05-20 14:10:36 INFO  ApiTest:33 - 【用例开始执行】
2021-05-20 14:10:36 INFO  ApiTest:34 - 用例名称： departmentTestCase
2021-05-20 14:10:36 INFO  ApiTest:35 - 用例描述： 部门相关，增删改查测试用例
2021-05-20 14:10:36 INFO  TestcaseStepModelCSV:58 - 更新用例变量 新增: getTimeStamp
2021-05-20 14:10:36 INFO  TestcaseStepModelCSV:64 - 进行基本参数替换 时间戳 随机数
2021-05-20 14:10:36 INFO  PlaceholderUtils:64 - Could not resolve placeholder 'corpid' in [${corpid}] 
2021-05-20 14:10:36 INFO  PlaceholderUtils:64 - Could not resolve placeholder 'corpsecret' in [${corpsecret}] 
2021-05-20 14:10:36 INFO  TestcaseStepModelCSV:58 - 更新用例变量 新增: getTimeStamp
2021-05-20 14:10:36 INFO  TestcaseStepModelCSV:64 - 进行基本参数替换 时间戳 随机数
2021-05-20 14:10:36 INFO  PlaceholderUtils:64 - Could not resolve placeholder 'name' in [{"name": "${name}","name_en": "${name_en}","parentid": 1}] 
2021-05-20 14:10:36 INFO  PlaceholderUtils:64 - Could not resolve placeholder 'name_en' in [{"name": "${name}","name_en": "${name_en}","parentid": 1}] 
2021-05-20 14:10:36 INFO  TestcaseModelCSV:90 - 更新用例变量 新增：{departmentId=44}
2021-05-20 14:10:36 INFO  TestcaseStepModelCSV:58 - 更新用例变量 新增: getTimeStamp
2021-05-20 14:10:36 INFO  TestcaseStepModelCSV:64 - 进行基本参数替换 时间戳 随机数
2021-05-20 14:10:36 INFO  PlaceholderUtils:64 - Could not resolve placeholder 'departmentId' in [{ "id": ${departmentId}, "name": "${name}", "name_en": "${name_en}", "order": 1 }] 
2021-05-20 14:10:36 INFO  PlaceholderUtils:64 - Could not resolve placeholder 'name' in [{ "id": ${departmentId}, "name": "${name}", "name_en": "${name_en}", "order": 1 }] 
2021-05-20 14:10:36 INFO  PlaceholderUtils:64 - Could not resolve placeholder 'name_en' in [{ "id": ${departmentId}, "name": "${name}", "name_en": "${name_en}", "order": 1 }] 
2021-05-20 14:10:36 INFO  TestcaseStepModelCSV:58 - 更新用例变量 新增: getTimeStamp
2021-05-20 14:10:36 INFO  TestcaseStepModelCSV:64 - 进行基本参数替换 时间戳 随机数
2021-05-20 14:10:36 INFO  PlaceholderUtils:64 - Could not resolve placeholder 'departmentId' in [${departmentId}] 
2021-05-20 14:10:36 INFO  TestcaseStepModelCSV:58 - 更新用例变量 新增: getTimeStamp
2021-05-20 14:10:36 INFO  TestcaseStepModelCSV:64 - 进行基本参数替换 时间戳 随机数
2021-05-20 14:10:36 INFO  PlaceholderUtils:64 - Could not resolve placeholder 'departmentId' in [${departmentId}] 
2021-05-20 14:11:14 INFO  ApiTest:33 - 【用例开始执行】
2021-05-20 14:11:14 INFO  ApiTest:34 - 用例名称： customerService
2021-05-20 14:11:14 INFO  ApiTest:35 - 用例描述： 客户服务测试用例
2021-05-20 14:11:14 INFO  TestcaseStepModelCSV:58 - 更新用例变量 新增: getTimeStamp
2021-05-20 14:11:14 INFO  TestcaseStepModelCSV:64 - 进行基本参数替换 时间戳 随机数
2021-05-20 14:11:14 INFO  TestcaseStepModelCSV:73 - 生成5位的随机数: 77004
2021-05-20 14:11:16 INFO  TestcaseStepModelCSV:58 - 更新用例变量 新增: getTimeStamp
2021-05-20 14:11:16 INFO  TestcaseStepModelCSV:64 - 进行基本参数替换 时间戳 随机数
2021-05-20 14:11:17 INFO  TestcaseModelCSV:90 - 更新用例变量 新增：{1-service_id=2565}
2021-05-20 14:11:17 INFO  TestcaseStepModelCSV:58 - 更新用例变量 新增: getTimeStamp
2021-05-20 14:11:17 INFO  TestcaseStepModelCSV:64 - 进行基本参数替换 时间戳 随机数
2021-05-20 14:11:17 INFO  PlaceholderUtils:64 - Could not resolve placeholder '0=service_name' in [${0=service_name}] 
2021-05-20 14:11:17 ERROR TestcaseStepModelCSV:131 - 获取不到实际参数值: data.deta[0].service_name
2021-05-20 14:11:17 INFO  ApiTest:33 - 【用例开始执行】
2021-05-20 14:11:17 INFO  ApiTest:34 - 用例名称： creatdepartment
2021-05-20 14:11:17 INFO  ApiTest:35 - 用例描述： 初步测试创建部门用例
2021-05-20 14:11:17 INFO  TestcaseStepModelCSV:58 - 更新用例变量 新增: getTimeStamp
2021-05-20 14:11:17 INFO  TestcaseStepModelCSV:64 - 进行基本参数替换 时间戳 随机数
2021-05-20 14:11:17 INFO  TestcaseStepModelCSV:58 - 更新用例变量 新增: getTimeStamp
2021-05-20 14:11:17 INFO  TestcaseStepModelCSV:64 - 进行基本参数替换 时间戳 随机数
2021-05-20 14:11:17 INFO  TestcaseStepModelCSV:73 - 生成5位的随机数: 02316
2021-05-20 14:11:17 INFO  PlaceholderUtils:64 - Could not resolve placeholder 'name' in [{"name": "${name}","name_en": "${name_en}","parentid": 1}] 
2021-05-20 14:11:17 INFO  PlaceholderUtils:64 - Could not resolve placeholder 'name_en' in [{"name": "${name}","name_en": "${name_en}","parentid": 1}] 
2021-05-20 14:11:17 INFO  TestcaseModelCSV:90 - 更新用例变量 新增：{departmentId=44}
2021-05-20 14:11:17 INFO  ApiTest:37 - debug
2021-05-20 14:11:17 INFO  ApiTest:33 - 【用例开始执行】
2021-05-20 14:11:17 INFO  ApiTest:34 - 用例名称： creatdepartment
2021-05-20 14:11:17 INFO  ApiTest:35 - 用例描述： 初步测试创建部门用例
2021-05-20 14:11:17 INFO  TestcaseStepModelCSV:58 - 更新用例变量 新增: getTimeStamp
2021-05-20 14:11:17 INFO  TestcaseStepModelCSV:64 - 进行基本参数替换 时间戳 随机数
2021-05-20 14:11:17 INFO  PlaceholderUtils:64 - Could not resolve placeholder 'corpid' in [${corpid}] 
2021-05-20 14:11:17 INFO  PlaceholderUtils:64 - Could not resolve placeholder 'corpsecret' in [${corpsecret}] 
2021-05-20 14:11:18 INFO  TestcaseStepModelCSV:58 - 更新用例变量 新增: getTimeStamp
2021-05-20 14:11:18 INFO  TestcaseStepModelCSV:64 - 进行基本参数替换 时间戳 随机数
2021-05-20 14:11:18 INFO  PlaceholderUtils:64 - Could not resolve placeholder 'name' in [{"name": "${name}","name_en": "${name_en}","parentid": 1}] 
2021-05-20 14:11:18 INFO  PlaceholderUtils:64 - Could not resolve placeholder 'name_en' in [{"name": "${name}","name_en": "${name_en}","parentid": 1}] 
2021-05-20 14:11:18 INFO  TestcaseStepModelCSV:58 - 更新用例变量 新增: getTimeStamp
2021-05-20 14:11:18 INFO  TestcaseStepModelCSV:64 - 进行基本参数替换 时间戳 随机数
2021-05-20 14:11:18 INFO  PlaceholderUtils:64 - Could not resolve placeholder 'name' in [{"name": "${name}","name_en": "${name_en}","parentid": 1}] 
2021-05-20 14:11:18 INFO  PlaceholderUtils:64 - Could not resolve placeholder 'name_en' in [{"name": "${name}","name_en": "${name_en}","parentid": 1}] 
2021-05-20 14:11:18 INFO  TestcaseStepModelCSV:58 - 更新用例变量 新增: getTimeStamp
2021-05-20 14:11:18 INFO  TestcaseStepModelCSV:64 - 进行基本参数替换 时间戳 随机数
2021-05-20 14:11:18 INFO  PlaceholderUtils:64 - Could not resolve placeholder 'name' in [{"name": "${name}","name_en": "${name_en}","parentid": 1}] 
2021-05-20 14:11:18 INFO  PlaceholderUtils:64 - Could not resolve placeholder 'name_en' in [{"name": "${name}","name_en": "${name_en}","parentid": 1}] 
2021-05-20 14:11:18 INFO  TestcaseStepModelCSV:58 - 更新用例变量 新增: getTimeStamp
2021-05-20 14:11:18 INFO  TestcaseStepModelCSV:64 - 进行基本参数替换 时间戳 随机数
2021-05-20 14:11:18 INFO  PlaceholderUtils:64 - Could not resolve placeholder 'name' in [{"name": "${name}","name_en": "${name_en}","parentid": 1}] 
2021-05-20 14:11:18 INFO  PlaceholderUtils:64 - Could not resolve placeholder 'name_en' in [{"name": "${name}","name_en": "${name_en}","parentid": 1}] 
2021-05-20 14:11:18 INFO  TestcaseStepModelCSV:58 - 更新用例变量 新增: getTimeStamp
2021-05-20 14:11:18 INFO  TestcaseStepModelCSV:64 - 进行基本参数替换 时间戳 随机数
2021-05-20 14:11:18 INFO  PlaceholderUtils:64 - Could not resolve placeholder 'name' in [{"name": "${name}","name_en": "${name_en}","parentid": 1}] 
2021-05-20 14:11:18 INFO  PlaceholderUtils:64 - Could not resolve placeholder 'name_en' in [{"name": "${name}","name_en": "${name_en}","parentid": 1}] 
2021-05-20 14:11:18 INFO  TestcaseStepModelCSV:58 - 更新用例变量 新增: getTimeStamp
2021-05-20 14:11:18 INFO  TestcaseStepModelCSV:64 - 进行基本参数替换 时间戳 随机数
2021-05-20 14:11:18 INFO  PlaceholderUtils:64 - Could not resolve placeholder 'name' in [{"name": "${name}","name_en": "${name_en}","parentid": 1}] 
2021-05-20 14:11:18 INFO  PlaceholderUtils:64 - Could not resolve placeholder 'name_en' in [{"name": "${name}","name_en": "${name_en}","parentid": 1}] 
2021-05-20 14:11:18 INFO  ApiTest:33 - 【用例开始执行】
2021-05-20 14:11:18 INFO  ApiTest:34 - 用例名称： getToken
2021-05-20 14:11:18 INFO  ApiTest:35 - 用例描述： 获取Token方法测试用例
2021-05-20 14:11:18 INFO  TestcaseStepModelCSV:58 - 更新用例变量 新增: getTimeStamp
2021-05-20 14:11:18 INFO  TestcaseStepModelCSV:64 - 进行基本参数替换 时间戳 随机数
2021-05-20 14:11:18 INFO  PlaceholderUtils:64 - Could not resolve placeholder 'corpid' in [${corpid}] 
2021-05-20 14:11:18 INFO  PlaceholderUtils:64 - Could not resolve placeholder 'corpsecret' in [${corpsecret}] 
2021-05-20 14:11:19 INFO  ApiTest:33 - 【用例开始执行】
2021-05-20 14:11:19 INFO  ApiTest:34 - 用例名称： departmentTestCase
2021-05-20 14:11:19 INFO  ApiTest:35 - 用例描述： 部门相关，增删改查测试用例
2021-05-20 14:11:19 INFO  TestcaseStepModelCSV:58 - 更新用例变量 新增: getTimeStamp
2021-05-20 14:11:19 INFO  TestcaseStepModelCSV:64 - 进行基本参数替换 时间戳 随机数
2021-05-20 14:11:19 INFO  PlaceholderUtils:64 - Could not resolve placeholder 'corpid' in [${corpid}] 
2021-05-20 14:11:19 INFO  PlaceholderUtils:64 - Could not resolve placeholder 'corpsecret' in [${corpsecret}] 
2021-05-20 14:11:19 INFO  TestcaseStepModelCSV:58 - 更新用例变量 新增: getTimeStamp
2021-05-20 14:11:19 INFO  TestcaseStepModelCSV:64 - 进行基本参数替换 时间戳 随机数
2021-05-20 14:11:19 INFO  PlaceholderUtils:64 - Could not resolve placeholder 'name' in [{"name": "${name}","name_en": "${name_en}","parentid": 1}] 
2021-05-20 14:11:19 INFO  PlaceholderUtils:64 - Could not resolve placeholder 'name_en' in [{"name": "${name}","name_en": "${name_en}","parentid": 1}] 
2021-05-20 14:11:19 INFO  TestcaseModelCSV:90 - 更新用例变量 新增：{departmentId=45}
2021-05-20 14:11:19 INFO  TestcaseStepModelCSV:58 - 更新用例变量 新增: getTimeStamp
2021-05-20 14:11:19 INFO  TestcaseStepModelCSV:64 - 进行基本参数替换 时间戳 随机数
2021-05-20 14:11:19 INFO  PlaceholderUtils:64 - Could not resolve placeholder 'departmentId' in [{ "id": ${departmentId}, "name": "${name}", "name_en": "${name_en}", "order": 1 }] 
2021-05-20 14:11:19 INFO  PlaceholderUtils:64 - Could not resolve placeholder 'name' in [{ "id": ${departmentId}, "name": "${name}", "name_en": "${name_en}", "order": 1 }] 
2021-05-20 14:11:19 INFO  PlaceholderUtils:64 - Could not resolve placeholder 'name_en' in [{ "id": ${departmentId}, "name": "${name}", "name_en": "${name_en}", "order": 1 }] 
2021-05-20 14:11:19 INFO  TestcaseStepModelCSV:58 - 更新用例变量 新增: getTimeStamp
2021-05-20 14:11:19 INFO  TestcaseStepModelCSV:64 - 进行基本参数替换 时间戳 随机数
2021-05-20 14:11:19 INFO  PlaceholderUtils:64 - Could not resolve placeholder 'departmentId' in [${departmentId}] 
2021-05-20 14:11:19 INFO  TestcaseStepModelCSV:58 - 更新用例变量 新增: getTimeStamp
2021-05-20 14:11:19 INFO  TestcaseStepModelCSV:64 - 进行基本参数替换 时间戳 随机数
2021-05-20 14:11:19 INFO  PlaceholderUtils:64 - Could not resolve placeholder 'departmentId' in [${departmentId}] 
2021-05-20 14:12:47 INFO  ApiTest:33 - 【用例开始执行】
2021-05-20 14:12:47 INFO  ApiTest:34 - 用例名称： customerService
2021-05-20 14:12:47 INFO  ApiTest:35 - 用例描述： 客户服务测试用例
2021-05-20 14:12:47 INFO  TestcaseStepModelCSV:58 - 更新用例变量 新增: getTimeStamp
2021-05-20 14:12:47 INFO  TestcaseStepModelCSV:64 - 进行基本参数替换 时间戳 随机数
2021-05-20 14:12:47 INFO  TestcaseStepModelCSV:73 - 生成5位的随机数: 35537
2021-05-20 14:12:49 INFO  TestcaseStepModelCSV:58 - 更新用例变量 新增: getTimeStamp
2021-05-20 14:12:49 INFO  TestcaseStepModelCSV:64 - 进行基本参数替换 时间戳 随机数
2021-05-20 14:12:49 INFO  TestcaseModelCSV:90 - 更新用例变量 新增：{1-service_id=2566}
2021-05-20 14:12:49 INFO  TestcaseStepModelCSV:58 - 更新用例变量 新增: getTimeStamp
2021-05-20 14:12:49 INFO  TestcaseStepModelCSV:64 - 进行基本参数替换 时间戳 随机数
2021-05-20 14:12:49 INFO  PlaceholderUtils:64 - Could not resolve placeholder '0=service_name' in [${0=service_name}] 
2021-05-20 14:12:49 INFO  TestcaseStepModelCSV:58 - 更新用例变量 新增: getTimeStamp
2021-05-20 14:12:49 INFO  TestcaseStepModelCSV:64 - 进行基本参数替换 时间戳 随机数
2021-05-20 14:12:50 INFO  ApiTest:37 - debug
2021-05-20 14:12:50 INFO  ApiTest:33 - 【用例开始执行】
2021-05-20 14:12:50 INFO  ApiTest:34 - 用例名称： creatdepartment
2021-05-20 14:12:50 INFO  ApiTest:35 - 用例描述： 初步测试创建部门用例
2021-05-20 14:12:50 INFO  TestcaseStepModelCSV:58 - 更新用例变量 新增: getTimeStamp
2021-05-20 14:12:50 INFO  TestcaseStepModelCSV:64 - 进行基本参数替换 时间戳 随机数
2021-05-20 14:12:50 INFO  TestcaseStepModelCSV:58 - 更新用例变量 新增: getTimeStamp
2021-05-20 14:12:50 INFO  TestcaseStepModelCSV:64 - 进行基本参数替换 时间戳 随机数
2021-05-20 14:12:50 INFO  TestcaseStepModelCSV:73 - 生成5位的随机数: 96453
2021-05-20 14:12:50 INFO  PlaceholderUtils:64 - Could not resolve placeholder 'name' in [{"name": "${name}","name_en": "${name_en}","parentid": 1}] 
2021-05-20 14:12:50 INFO  PlaceholderUtils:64 - Could not resolve placeholder 'name_en' in [{"name": "${name}","name_en": "${name_en}","parentid": 1}] 
2021-05-20 14:12:50 INFO  TestcaseModelCSV:90 - 更新用例变量 新增：{departmentId=45}
2021-05-20 14:12:50 INFO  ApiTest:37 - debug
2021-05-20 14:12:50 INFO  ApiTest:33 - 【用例开始执行】
2021-05-20 14:12:50 INFO  ApiTest:34 - 用例名称： creatdepartment
2021-05-20 14:12:50 INFO  ApiTest:35 - 用例描述： 初步测试创建部门用例
2021-05-20 14:12:50 INFO  TestcaseStepModelCSV:58 - 更新用例变量 新增: getTimeStamp
2021-05-20 14:12:50 INFO  TestcaseStepModelCSV:64 - 进行基本参数替换 时间戳 随机数
2021-05-20 14:12:50 INFO  PlaceholderUtils:64 - Could not resolve placeholder 'corpid' in [${corpid}] 
2021-05-20 14:12:50 INFO  PlaceholderUtils:64 - Could not resolve placeholder 'corpsecret' in [${corpsecret}] 
2021-05-20 14:12:50 INFO  TestcaseStepModelCSV:58 - 更新用例变量 新增: getTimeStamp
2021-05-20 14:12:50 INFO  TestcaseStepModelCSV:64 - 进行基本参数替换 时间戳 随机数
2021-05-20 14:12:50 INFO  PlaceholderUtils:64 - Could not resolve placeholder 'name' in [{"name": "${name}","name_en": "${name_en}","parentid": 1}] 
2021-05-20 14:12:50 INFO  PlaceholderUtils:64 - Could not resolve placeholder 'name_en' in [{"name": "${name}","name_en": "${name_en}","parentid": 1}] 
2021-05-20 14:12:50 INFO  TestcaseStepModelCSV:58 - 更新用例变量 新增: getTimeStamp
2021-05-20 14:12:50 INFO  TestcaseStepModelCSV:64 - 进行基本参数替换 时间戳 随机数
2021-05-20 14:12:50 INFO  PlaceholderUtils:64 - Could not resolve placeholder 'name' in [{"name": "${name}","name_en": "${name_en}","parentid": 1}] 
2021-05-20 14:12:50 INFO  PlaceholderUtils:64 - Could not resolve placeholder 'name_en' in [{"name": "${name}","name_en": "${name_en}","parentid": 1}] 
2021-05-20 14:12:50 INFO  TestcaseStepModelCSV:58 - 更新用例变量 新增: getTimeStamp
2021-05-20 14:12:50 INFO  TestcaseStepModelCSV:64 - 进行基本参数替换 时间戳 随机数
2021-05-20 14:12:50 INFO  PlaceholderUtils:64 - Could not resolve placeholder 'name' in [{"name": "${name}","name_en": "${name_en}","parentid": 1}] 
2021-05-20 14:12:50 INFO  PlaceholderUtils:64 - Could not resolve placeholder 'name_en' in [{"name": "${name}","name_en": "${name_en}","parentid": 1}] 
2021-05-20 14:12:51 INFO  TestcaseStepModelCSV:58 - 更新用例变量 新增: getTimeStamp
2021-05-20 14:12:51 INFO  TestcaseStepModelCSV:64 - 进行基本参数替换 时间戳 随机数
2021-05-20 14:12:51 INFO  PlaceholderUtils:64 - Could not resolve placeholder 'name' in [{"name": "${name}","name_en": "${name_en}","parentid": 1}] 
2021-05-20 14:12:51 INFO  PlaceholderUtils:64 - Could not resolve placeholder 'name_en' in [{"name": "${name}","name_en": "${name_en}","parentid": 1}] 
2021-05-20 14:12:51 INFO  TestcaseStepModelCSV:58 - 更新用例变量 新增: getTimeStamp
2021-05-20 14:12:51 INFO  TestcaseStepModelCSV:64 - 进行基本参数替换 时间戳 随机数
2021-05-20 14:12:51 INFO  PlaceholderUtils:64 - Could not resolve placeholder 'name' in [{"name": "${name}","name_en": "${name_en}","parentid": 1}] 
2021-05-20 14:12:51 INFO  PlaceholderUtils:64 - Could not resolve placeholder 'name_en' in [{"name": "${name}","name_en": "${name_en}","parentid": 1}] 
2021-05-20 14:12:51 INFO  TestcaseStepModelCSV:58 - 更新用例变量 新增: getTimeStamp
2021-05-20 14:12:51 INFO  TestcaseStepModelCSV:64 - 进行基本参数替换 时间戳 随机数
2021-05-20 14:12:51 INFO  PlaceholderUtils:64 - Could not resolve placeholder 'name' in [{"name": "${name}","name_en": "${name_en}","parentid": 1}] 
2021-05-20 14:12:51 INFO  PlaceholderUtils:64 - Could not resolve placeholder 'name_en' in [{"name": "${name}","name_en": "${name_en}","parentid": 1}] 
2021-05-20 14:12:51 INFO  ApiTest:33 - 【用例开始执行】
2021-05-20 14:12:51 INFO  ApiTest:34 - 用例名称： getToken
2021-05-20 14:12:51 INFO  ApiTest:35 - 用例描述： 获取Token方法测试用例
2021-05-20 14:12:51 INFO  TestcaseStepModelCSV:58 - 更新用例变量 新增: getTimeStamp
2021-05-20 14:12:51 INFO  TestcaseStepModelCSV:64 - 进行基本参数替换 时间戳 随机数
2021-05-20 14:12:51 INFO  PlaceholderUtils:64 - Could not resolve placeholder 'corpid' in [${corpid}] 
2021-05-20 14:12:51 INFO  PlaceholderUtils:64 - Could not resolve placeholder 'corpsecret' in [${corpsecret}] 
2021-05-20 14:12:51 INFO  ApiTest:33 - 【用例开始执行】
2021-05-20 14:12:51 INFO  ApiTest:34 - 用例名称： departmentTestCase
2021-05-20 14:12:51 INFO  ApiTest:35 - 用例描述： 部门相关，增删改查测试用例
2021-05-20 14:12:51 INFO  TestcaseStepModelCSV:58 - 更新用例变量 新增: getTimeStamp
2021-05-20 14:12:51 INFO  TestcaseStepModelCSV:64 - 进行基本参数替换 时间戳 随机数
2021-05-20 14:12:51 INFO  PlaceholderUtils:64 - Could not resolve placeholder 'corpid' in [${corpid}] 
2021-05-20 14:12:51 INFO  PlaceholderUtils:64 - Could not resolve placeholder 'corpsecret' in [${corpsecret}] 
2021-05-20 14:12:51 INFO  TestcaseStepModelCSV:58 - 更新用例变量 新增: getTimeStamp
2021-05-20 14:12:51 INFO  TestcaseStepModelCSV:64 - 进行基本参数替换 时间戳 随机数
2021-05-20 14:12:51 INFO  PlaceholderUtils:64 - Could not resolve placeholder 'name' in [{"name": "${name}","name_en": "${name_en}","parentid": 1}] 
2021-05-20 14:12:51 INFO  PlaceholderUtils:64 - Could not resolve placeholder 'name_en' in [{"name": "${name}","name_en": "${name_en}","parentid": 1}] 
2021-05-20 14:12:51 INFO  TestcaseModelCSV:90 - 更新用例变量 新增：{departmentId=46}
2021-05-20 14:12:51 INFO  TestcaseStepModelCSV:58 - 更新用例变量 新增: getTimeStamp
2021-05-20 14:12:51 INFO  TestcaseStepModelCSV:64 - 进行基本参数替换 时间戳 随机数
2021-05-20 14:12:51 INFO  PlaceholderUtils:64 - Could not resolve placeholder 'departmentId' in [{ "id": ${departmentId}, "name": "${name}", "name_en": "${name_en}", "order": 1 }] 
2021-05-20 14:12:51 INFO  PlaceholderUtils:64 - Could not resolve placeholder 'name' in [{ "id": ${departmentId}, "name": "${name}", "name_en": "${name_en}", "order": 1 }] 
2021-05-20 14:12:51 INFO  PlaceholderUtils:64 - Could not resolve placeholder 'name_en' in [{ "id": ${departmentId}, "name": "${name}", "name_en": "${name_en}", "order": 1 }] 
2021-05-20 14:12:52 INFO  TestcaseStepModelCSV:58 - 更新用例变量 新增: getTimeStamp
2021-05-20 14:12:52 INFO  TestcaseStepModelCSV:64 - 进行基本参数替换 时间戳 随机数
2021-05-20 14:12:52 INFO  PlaceholderUtils:64 - Could not resolve placeholder 'departmentId' in [${departmentId}] 
2021-05-20 14:12:52 INFO  TestcaseStepModelCSV:58 - 更新用例变量 新增: getTimeStamp
2021-05-20 14:12:52 INFO  TestcaseStepModelCSV:64 - 进行基本参数替换 时间戳 随机数
2021-05-20 14:12:52 INFO  PlaceholderUtils:64 - Could not resolve placeholder 'departmentId' in [${departmentId}] 
2021-05-20 14:34:47 INFO  CustomerServiceTest:41 - 【用例开始执行】
2021-05-20 14:34:47 INFO  CustomerServiceTest:42 - 用例名称： customerService
2021-05-20 14:34:47 INFO  CustomerServiceTest:43 - 用例描述： 客户服务测试用例
2021-05-20 14:34:47 INFO  TestcaseStepModelCSV:58 - 更新用例变量 新增: getTimeStamp
2021-05-20 14:34:47 INFO  TestcaseStepModelCSV:64 - 进行基本参数替换 时间戳 随机数
2021-05-20 14:34:47 INFO  TestcaseStepModelCSV:73 - 生成5位的随机数: 73030
2021-05-20 14:34:49 INFO  CustomerServiceTest:45 - debug
2021-05-20 14:34:49 INFO  CustomerServiceTest:41 - 【用例开始执行】
2021-05-20 14:34:49 INFO  CustomerServiceTest:42 - 用例名称： customerService
2021-05-20 14:34:49 INFO  CustomerServiceTest:43 - 用例描述： 客户服务测试用例
2021-05-20 14:34:49 INFO  TestcaseStepModelCSV:58 - 更新用例变量 新增: getTimeStamp
2021-05-20 14:34:49 INFO  TestcaseStepModelCSV:64 - 进行基本参数替换 时间戳 随机数
2021-05-20 14:34:50 INFO  TestcaseModelCSV:90 - 更新用例变量 新增：{1-service_id=2567}
2021-05-20 14:34:50 INFO  CustomerServiceTest:41 - 【用例开始执行】
2021-05-20 14:34:50 INFO  CustomerServiceTest:42 - 用例名称： customerService
2021-05-20 14:34:50 INFO  CustomerServiceTest:43 - 用例描述： 获取单个客户信息
2021-05-20 14:34:50 INFO  TestcaseStepModelCSV:58 - 更新用例变量 新增: getTimeStamp
2021-05-20 14:34:50 INFO  TestcaseStepModelCSV:64 - 进行基本参数替换 时间戳 随机数
2021-05-20 14:34:50 INFO  CustomerServiceTest:45 - debug
2021-05-20 14:43:20 INFO  CustomerServiceTest:33 - 【用例开始执行】
2021-05-20 14:43:20 INFO  CustomerServiceTest:34 - 用例名称： customerService
2021-05-20 14:43:20 INFO  CustomerServiceTest:35 - 用例描述： 客户服务测试用例
2021-05-20 14:45:00 INFO  CustomerServiceTest:33 - 【用例开始执行】
2021-05-20 14:45:00 INFO  CustomerServiceTest:34 - 用例名称： customerService
2021-05-20 14:45:00 INFO  CustomerServiceTest:35 - 用例描述： 客户服务测试用例
2021-05-20 14:46:48 INFO  CustomerServiceTest:33 - 【用例开始执行】
2021-05-20 14:46:48 INFO  CustomerServiceTest:34 - 用例名称： customerService
2021-05-20 14:46:48 INFO  CustomerServiceTest:35 - 用例描述： 客户服务测试用例
2021-05-20 14:47:06 INFO  CustomerServiceTest:33 - 【用例开始执行】
2021-05-20 14:47:06 INFO  CustomerServiceTest:34 - 用例名称： customerService
2021-05-20 14:47:06 INFO  CustomerServiceTest:35 - 用例描述： 客户服务测试用例
2021-05-20 14:47:06 INFO  TestcaseStepModelCSV:58 - 更新用例变量 新增: getTimeStamp
2021-05-20 14:47:06 INFO  TestcaseStepModelCSV:64 - 进行基本参数替换 时间戳 随机数
2021-05-20 14:47:08 INFO  TestcaseStepModelCSV:58 - 更新用例变量 新增: getTimeStamp
2021-05-20 14:47:08 INFO  TestcaseStepModelCSV:64 - 进行基本参数替换 时间戳 随机数
2021-05-20 14:47:09 INFO  TestcaseStepModelCSV:58 - 更新用例变量 新增: getTimeStamp
2021-05-20 14:47:09 INFO  TestcaseStepModelCSV:64 - 进行基本参数替换 时间戳 随机数
2021-05-20 14:47:47 INFO  CustomerServiceTest:33 - 【用例开始执行】
2021-05-20 14:47:47 INFO  CustomerServiceTest:34 - 用例名称： customerService
2021-05-20 14:47:47 INFO  CustomerServiceTest:35 - 用例描述： 客户服务测试用例
2021-05-20 14:47:47 INFO  TestcaseStepModelCSV:58 - 更新用例变量 新增: getTimeStamp
2021-05-20 14:47:47 INFO  TestcaseStepModelCSV:64 - 进行基本参数替换 时间戳 随机数
2021-05-20 14:47:49 INFO  TestcaseStepModelCSV:58 - 更新用例变量 新增: getTimeStamp
2021-05-20 14:47:49 INFO  TestcaseStepModelCSV:64 - 进行基本参数替换 时间戳 随机数
2021-05-20 14:47:49 INFO  TestcaseStepModelCSV:58 - 更新用例变量 新增: getTimeStamp
2021-05-20 14:47:49 INFO  TestcaseStepModelCSV:64 - 进行基本参数替换 时间戳 随机数
2021-05-20 14:58:51 INFO  CustomerServiceTest:41 - 【用例开始执行】
2021-05-20 14:58:51 INFO  CustomerServiceTest:42 - 用例名称： customerService
2021-05-20 14:58:51 INFO  CustomerServiceTest:43 - 用例描述： 客户服务测试用例
2021-05-20 14:58:51 INFO  TestcaseStepModelCSV:58 - 更新用例变量 新增: getTimeStamp
2021-05-20 14:58:51 INFO  TestcaseStepModelCSV:64 - 进行基本参数替换 时间戳 随机数
2021-05-20 14:58:51 INFO  TestcaseStepModelCSV:73 - 生成5位的随机数: 64245
2021-05-20 14:58:53 INFO  CustomerServiceTest:45 - debug
2021-05-20 14:58:53 INFO  CustomerServiceTest:41 - 【用例开始执行】
2021-05-20 14:58:53 INFO  CustomerServiceTest:42 - 用例名称： customerService
2021-05-20 14:58:53 INFO  CustomerServiceTest:43 - 用例描述： 客户服务测试用例
2021-05-20 14:58:53 INFO  TestcaseStepModelCSV:58 - 更新用例变量 新增: getTimeStamp
2021-05-20 14:58:53 INFO  TestcaseStepModelCSV:64 - 进行基本参数替换 时间戳 随机数
2021-05-20 14:58:53 INFO  TestcaseStepModelCSV:58 - 更新用例变量 新增: getTimeStamp
2021-05-20 14:58:53 INFO  TestcaseStepModelCSV:64 - 进行基本参数替换 时间戳 随机数
2021-05-20 14:58:53 INFO  TestcaseStepModelCSV:58 - 更新用例变量 新增: getTimeStamp
2021-05-20 14:58:53 INFO  TestcaseStepModelCSV:64 - 进行基本参数替换 时间戳 随机数
2021-05-20 14:58:54 INFO  CustomerServiceTest:41 - 【用例开始执行】
2021-05-20 14:58:54 INFO  CustomerServiceTest:42 - 用例名称： customerService
2021-05-20 14:58:54 INFO  CustomerServiceTest:43 - 用例描述： 客户服务测试用例
2021-05-20 14:58:54 INFO  TestcaseStepModelCSV:58 - 更新用例变量 新增: getTimeStamp
2021-05-20 14:58:54 INFO  TestcaseStepModelCSV:64 - 进行基本参数替换 时间戳 随机数
2021-05-20 14:58:54 INFO  TestcaseModelCSV:90 - 更新用例变量 新增：{1-service_id=2570}
2021-05-20 14:58:54 INFO  CustomerServiceTest:45 - debug
2021-05-20 14:58:54 INFO  CustomerServiceTest:41 - 【用例开始执行】
2021-05-20 14:58:54 INFO  CustomerServiceTest:42 - 用例名称： customerService
2021-05-20 14:58:54 INFO  CustomerServiceTest:43 - 用例描述： 获取单个客户信息
2021-05-20 14:58:54 INFO  TestcaseStepModelCSV:58 - 更新用例变量 新增: getTimeStamp
2021-05-20 14:58:54 INFO  TestcaseStepModelCSV:64 - 进行基本参数替换 时间戳 随机数
2021-05-20 14:58:54 INFO  CustomerServiceTest:45 - debug
2021-05-20 14:59:13 INFO  CustomerServiceTest:41 - 【用例开始执行】
2021-05-20 14:59:13 INFO  CustomerServiceTest:42 - 用例名称： customerService
2021-05-20 14:59:13 INFO  CustomerServiceTest:43 - 用例描述： 客户服务测试用例
2021-05-20 14:59:13 INFO  TestcaseStepModelCSV:58 - 更新用例变量 新增: getTimeStamp
2021-05-20 14:59:13 INFO  TestcaseStepModelCSV:64 - 进行基本参数替换 时间戳 随机数
2021-05-20 14:59:13 INFO  TestcaseStepModelCSV:73 - 生成5位的随机数: 97176
2021-05-20 14:59:15 INFO  CustomerServiceTest:45 - debug
2021-05-20 14:59:15 INFO  CustomerServiceTest:41 - 【用例开始执行】
2021-05-20 14:59:15 INFO  CustomerServiceTest:42 - 用例名称： customerService
2021-05-20 14:59:15 INFO  CustomerServiceTest:43 - 用例描述： 客户服务测试用例
2021-05-20 14:59:15 INFO  TestcaseStepModelCSV:58 - 更新用例变量 新增: getTimeStamp
2021-05-20 14:59:15 INFO  TestcaseStepModelCSV:64 - 进行基本参数替换 时间戳 随机数
2021-05-20 14:59:16 INFO  TestcaseStepModelCSV:58 - 更新用例变量 新增: getTimeStamp
2021-05-20 14:59:16 INFO  TestcaseStepModelCSV:64 - 进行基本参数替换 时间戳 随机数
2021-05-20 14:59:16 INFO  TestcaseStepModelCSV:58 - 更新用例变量 新增: getTimeStamp
2021-05-20 14:59:16 INFO  TestcaseStepModelCSV:64 - 进行基本参数替换 时间戳 随机数
2021-05-20 14:59:16 INFO  CustomerServiceTest:41 - 【用例开始执行】
2021-05-20 14:59:16 INFO  CustomerServiceTest:42 - 用例名称： customerService
2021-05-20 14:59:16 INFO  CustomerServiceTest:43 - 用例描述： 客户服务测试用例
2021-05-20 14:59:16 INFO  TestcaseStepModelCSV:58 - 更新用例变量 新增: getTimeStamp
2021-05-20 14:59:16 INFO  TestcaseStepModelCSV:64 - 进行基本参数替换 时间戳 随机数
2021-05-20 14:59:16 INFO  TestcaseModelCSV:90 - 更新用例变量 新增：{1-service_id=2571}
2021-05-20 14:59:16 INFO  CustomerServiceTest:45 - debug
2021-05-20 14:59:16 INFO  CustomerServiceTest:41 - 【用例开始执行】
2021-05-20 14:59:16 INFO  CustomerServiceTest:42 - 用例名称： customerService
2021-05-20 14:59:16 INFO  CustomerServiceTest:43 - 用例描述： 获取单个客户信息
2021-05-20 14:59:16 INFO  TestcaseStepModelCSV:58 - 更新用例变量 新增: getTimeStamp
2021-05-20 14:59:16 INFO  TestcaseStepModelCSV:64 - 进行基本参数替换 时间戳 随机数
2021-05-20 14:59:16 INFO  CustomerServiceTest:45 - debug
2021-05-26 11:26:46 INFO  CustomerServiceTest:37 - 【用例开始执行】
2021-05-26 11:26:46 INFO  CustomerServiceTest:38 - 用例名称： customerService
2021-05-26 11:26:46 INFO  CustomerServiceTest:39 - 用例描述： 客户服务测试用例
2021-05-26 11:26:46 INFO  TestcaseStepModel:57 - 更新用例变量 新增: getTimeStamp
2021-05-26 11:26:46 INFO  TestcaseStepModel:63 - 进行基本参数替换 时间戳 随机数
2021-05-26 11:26:46 INFO  TestcaseStepModel:72 - 生成5位的随机数: 88356
2021-05-26 11:27:38 INFO  CustomerServiceTest:37 - 【用例开始执行】
2021-05-26 11:27:38 INFO  CustomerServiceTest:38 - 用例名称： customerService
2021-05-26 11:27:38 INFO  CustomerServiceTest:39 - 用例描述： 客户服务测试用例
2021-05-26 11:27:38 INFO  TestcaseStepModel:57 - 更新用例变量 新增: getTimeStamp
2021-05-26 11:27:38 INFO  TestcaseStepModel:63 - 进行基本参数替换 时间戳 随机数
2021-05-26 11:27:38 INFO  TestcaseStepModel:72 - 生成5位的随机数: 57685
2021-05-26 11:27:41 INFO  TestcaseStepModel:57 - 更新用例变量 新增: getTimeStamp
2021-05-26 11:27:41 INFO  TestcaseStepModel:63 - 进行基本参数替换 时间戳 随机数
2021-05-26 11:27:42 INFO  TestcaseModel:90 - 更新用例变量 新增：{1-service_id=2572}
2021-05-26 11:27:42 INFO  TestcaseStepModel:57 - 更新用例变量 新增: getTimeStamp
2021-05-26 11:27:42 INFO  TestcaseStepModel:63 - 进行基本参数替换 时间戳 随机数
2021-05-26 11:27:42 INFO  PlaceholderUtils:64 - Could not resolve placeholder '0=service_name' in [${0=service_name}] 
2021-05-26 11:27:42 INFO  TestcaseStepModel:57 - 更新用例变量 新增: getTimeStamp
2021-05-26 11:27:42 INFO  TestcaseStepModel:63 - 进行基本参数替换 时间戳 随机数
2021-05-26 11:27:42 INFO  CustomerServiceTest:41 - debug
2021-05-26 12:42:54 INFO  CustomerServiceTest:31 - 【用例开始执行】
2021-05-26 12:42:54 INFO  CustomerServiceTest:32 - 用例名称： getCustomerDetail
2021-05-26 12:42:54 INFO  CustomerServiceTest:33 - 用例描述： 获取客户详情
2021-05-26 12:42:54 INFO  TestcaseStepModel:57 - 更新用例变量 新增: getTimeStamp
2021-05-26 12:42:54 INFO  TestcaseStepModel:63 - 进行基本参数替换 时间戳 随机数
2021-05-26 12:42:56 INFO  CustomerServiceTest:35 - debug
2021-05-26 12:48:04 INFO  CustomerServiceTest:34 - 【用例开始执行】
2021-05-26 12:48:04 INFO  CustomerServiceTest:35 - 用例名称： getCustomerDetail
2021-05-26 12:48:04 INFO  CustomerServiceTest:36 - 用例描述： 获取客户详情
2021-05-26 12:48:04 INFO  TestcaseStepModel:57 - 更新用例变量 新增: getTimeStamp
2021-05-26 12:48:04 INFO  CustomerServiceTest:34 - 【用例开始执行】
2021-05-26 12:48:04 INFO  CustomerServiceTest:35 - 用例名称： getCustomerDetail
2021-05-26 12:48:04 INFO  CustomerServiceTest:36 - 用例描述： 获取客户详情
2021-05-26 12:48:04 INFO  TestcaseStepModel:57 - 更新用例变量 新增: getTimeStamp
2021-05-26 12:48:04 INFO  TestcaseStepModel:63 - 进行基本参数替换 时间戳 随机数
2021-05-26 12:48:48 INFO  CustomerServiceTest:34 - 【用例开始执行】
2021-05-26 12:48:48 INFO  CustomerServiceTest:35 - 用例名称： getCustomerDetail
2021-05-26 12:48:48 INFO  CustomerServiceTest:36 - 用例描述： 获取客户详情
2021-05-26 12:48:48 INFO  TestcaseStepModel:57 - 更新用例变量 新增: getTimeStamp
2021-05-26 12:48:51 INFO  CustomerServiceTest:38 - debug
2021-05-26 12:48:51 INFO  CustomerServiceTest:34 - 【用例开始执行】
2021-05-26 12:48:51 INFO  CustomerServiceTest:35 - 用例名称： getCustomerDetail
2021-05-26 12:48:51 INFO  CustomerServiceTest:36 - 用例描述： 获取客户详情
2021-05-26 12:48:51 INFO  TestcaseStepModel:57 - 更新用例变量 新增: getTimeStamp
2021-05-26 12:48:51 INFO  TestcaseStepModel:63 - 进行基本参数替换 时间戳 随机数
2021-05-26 12:48:51 INFO  CustomerServiceTest:38 - debug
2021-05-26 14:30:59 INFO  CustomerServiceTest:34 - 【用例开始执行】
2021-05-26 14:30:59 INFO  CustomerServiceTest:35 - 用例名称： getCustomerDetail
2021-05-26 14:30:59 INFO  CustomerServiceTest:36 - 用例描述： 获取客户详情
2021-05-26 14:30:59 INFO  TestcaseStepModel:57 - 更新用例变量 新增: getTimeStamp
2021-05-26 14:31:01 INFO  CustomerServiceTest:38 - debug
2021-05-26 14:31:02 INFO  CustomerServiceTest:34 - 【用例开始执行】
2021-05-26 14:31:02 INFO  CustomerServiceTest:35 - 用例名称： getCustomerDetail
2021-05-26 14:31:02 INFO  CustomerServiceTest:36 - 用例描述： 获取客户详情
2021-05-26 14:31:02 INFO  TestcaseStepModel:57 - 更新用例变量 新增: getTimeStamp
2021-05-26 14:31:02 INFO  TestcaseStepModel:63 - 进行基本参数替换 时间戳 随机数
2021-05-26 14:31:02 INFO  CustomerServiceTest:38 - debug
2021-05-26 14:32:33 INFO  CustomerServiceTest:41 - 【用例开始执行】
2021-05-26 14:32:33 INFO  CustomerServiceTest:42 - 用例名称： customerService
2021-05-26 14:32:33 INFO  CustomerServiceTest:43 - 用例描述： 客户服务测试用例
2021-05-26 14:32:33 INFO  TestcaseStepModel:57 - 更新用例变量 新增: getTimeStamp
2021-05-26 14:32:33 INFO  TestcaseStepModel:63 - 进行基本参数替换 时间戳 随机数
2021-05-26 14:32:33 INFO  TestcaseStepModel:72 - 生成5位的随机数: 27145
2021-05-26 14:32:33 INFO  CustomerServiceTest:41 - 【用例开始执行】
2021-05-26 14:32:33 INFO  CustomerServiceTest:42 - 用例名称： customerService
2021-05-26 14:32:33 INFO  CustomerServiceTest:43 - 用例描述： 客户服务测试用例
2021-05-26 14:32:33 INFO  TestcaseStepModel:57 - 更新用例变量 新增: getTimeStamp
2021-05-26 14:32:33 INFO  TestcaseStepModel:63 - 进行基本参数替换 时间戳 随机数
2021-05-26 14:32:33 INFO  CustomerServiceTest:41 - 【用例开始执行】
2021-05-26 14:32:33 INFO  CustomerServiceTest:42 - 用例名称： customerService
2021-05-26 14:32:33 INFO  CustomerServiceTest:43 - 用例描述： 客户服务测试用例
2021-05-26 14:32:33 INFO  TestcaseStepModel:57 - 更新用例变量 新增: getTimeStamp
2021-05-26 14:32:33 INFO  TestcaseStepModel:63 - 进行基本参数替换 时间戳 随机数
2021-05-26 14:32:33 INFO  CustomerServiceTest:41 - 【用例开始执行】
2021-05-26 14:32:33 INFO  CustomerServiceTest:42 - 用例名称： customerService
2021-05-26 14:32:33 INFO  CustomerServiceTest:43 - 用例描述： 获取单个客户信息
2021-05-26 14:32:33 INFO  TestcaseStepModel:57 - 更新用例变量 新增: getTimeStamp
2021-05-26 14:32:33 INFO  TestcaseStepModel:63 - 进行基本参数替换 时间戳 随机数
2021-05-26 14:35:35 INFO  CustomerServiceTest:41 - 【用例开始执行】
2021-05-26 14:35:35 INFO  CustomerServiceTest:42 - 用例名称： customerService
2021-05-26 14:35:35 INFO  CustomerServiceTest:43 - 用例描述： 客户服务测试用例
2021-05-26 14:35:35 INFO  TestcaseStepModel:57 - 更新用例变量 新增: getTimeStamp
2021-05-26 14:35:35 INFO  TestcaseStepModel:63 - 进行基本参数替换 时间戳 随机数
2021-05-26 14:35:35 INFO  TestcaseStepModel:72 - 生成5位的随机数: 81996
2021-05-26 14:35:38 INFO  CustomerServiceTest:45 - debug
2021-05-26 14:35:38 INFO  CustomerServiceTest:41 - 【用例开始执行】
2021-05-26 14:35:38 INFO  CustomerServiceTest:42 - 用例名称： customerService
2021-05-26 14:35:38 INFO  CustomerServiceTest:43 - 用例描述： 客户服务测试用例
2021-05-26 14:35:38 INFO  TestcaseStepModel:57 - 更新用例变量 新增: getTimeStamp
2021-05-26 14:35:38 INFO  TestcaseStepModel:63 - 进行基本参数替换 时间戳 随机数
2021-05-26 14:35:38 INFO  TestcaseStepModel:57 - 更新用例变量 新增: getTimeStamp
2021-05-26 14:35:38 INFO  TestcaseStepModel:63 - 进行基本参数替换 时间戳 随机数
2021-05-26 14:35:38 INFO  TestcaseStepModel:57 - 更新用例变量 新增: getTimeStamp
2021-05-26 14:35:38 INFO  TestcaseStepModel:63 - 进行基本参数替换 时间戳 随机数
2021-05-26 14:35:38 INFO  CustomerServiceTest:41 - 【用例开始执行】
2021-05-26 14:35:38 INFO  CustomerServiceTest:42 - 用例名称： customerService
2021-05-26 14:35:38 INFO  CustomerServiceTest:43 - 用例描述： 客户服务测试用例
2021-05-26 14:35:38 INFO  TestcaseStepModel:57 - 更新用例变量 新增: getTimeStamp
2021-05-26 14:35:38 INFO  TestcaseStepModel:63 - 进行基本参数替换 时间戳 随机数
2021-05-26 14:35:39 INFO  TestcaseModel:90 - 更新用例变量 新增：{1-service_id=2573}
2021-05-26 14:35:39 INFO  CustomerServiceTest:45 - debug
2021-05-26 14:35:39 INFO  CustomerServiceTest:41 - 【用例开始执行】
2021-05-26 14:35:39 INFO  CustomerServiceTest:42 - 用例名称： customerService
2021-05-26 14:35:39 INFO  CustomerServiceTest:43 - 用例描述： 获取单个客户信息
2021-05-26 14:35:39 INFO  TestcaseStepModel:57 - 更新用例变量 新增: getTimeStamp
2021-05-26 14:35:39 INFO  TestcaseStepModel:63 - 进行基本参数替换 时间戳 随机数
2021-05-26 14:35:39 INFO  CustomerServiceTest:45 - debug
2021-05-26 14:44:26 INFO  CustomerServiceTest:41 - 【用例开始执行】
2021-05-26 14:44:26 INFO  CustomerServiceTest:42 - 用例名称： customerService
2021-05-26 14:44:26 INFO  CustomerServiceTest:43 - 用例描述： 客户服务测试用例
2021-05-26 14:44:26 INFO  TestcaseStepModel:57 - 更新用例变量 新增: getTimeStamp
2021-05-26 14:44:26 INFO  TestcaseStepModel:63 - 进行基本参数替换 时间戳 随机数
2021-05-26 14:44:26 INFO  TestcaseStepModel:72 - 生成5位的随机数: 46091
2021-05-26 14:44:29 INFO  CustomerServiceTest:45 - debug
2021-05-26 14:44:29 INFO  CustomerServiceTest:41 - 【用例开始执行】
2021-05-26 14:44:29 INFO  CustomerServiceTest:42 - 用例名称： customerService
2021-05-26 14:44:29 INFO  CustomerServiceTest:43 - 用例描述： 客户服务测试用例
2021-05-26 14:44:29 INFO  TestcaseStepModel:57 - 更新用例变量 新增: getTimeStamp
2021-05-26 14:44:29 INFO  TestcaseStepModel:63 - 进行基本参数替换 时间戳 随机数
2021-05-26 14:44:30 INFO  TestcaseStepModel:57 - 更新用例变量 新增: getTimeStamp
2021-05-26 14:44:30 INFO  TestcaseStepModel:63 - 进行基本参数替换 时间戳 随机数
2021-05-26 14:44:30 INFO  TestcaseStepModel:57 - 更新用例变量 新增: getTimeStamp
2021-05-26 14:44:30 INFO  TestcaseStepModel:63 - 进行基本参数替换 时间戳 随机数
2021-05-26 14:44:30 INFO  CustomerServiceTest:41 - 【用例开始执行】
2021-05-26 14:44:30 INFO  CustomerServiceTest:42 - 用例名称： customerService
2021-05-26 14:44:30 INFO  CustomerServiceTest:43 - 用例描述： 客户服务测试用例
2021-05-26 14:44:30 INFO  TestcaseStepModel:57 - 更新用例变量 新增: getTimeStamp
2021-05-26 14:44:30 INFO  TestcaseStepModel:63 - 进行基本参数替换 时间戳 随机数
2021-05-26 14:44:30 INFO  TestcaseModel:90 - 更新用例变量 新增：{1-service_id=2574}
2021-05-26 14:44:30 INFO  CustomerServiceTest:45 - debug
2021-05-26 14:44:30 INFO  CustomerServiceTest:41 - 【用例开始执行】
2021-05-26 14:44:30 INFO  CustomerServiceTest:42 - 用例名称： customerService
2021-05-26 14:44:30 INFO  CustomerServiceTest:43 - 用例描述： 获取单个客户信息
2021-05-26 14:44:30 INFO  TestcaseStepModel:57 - 更新用例变量 新增: getTimeStamp
2021-05-26 14:44:30 INFO  TestcaseStepModel:63 - 进行基本参数替换 时间戳 随机数
2021-05-26 14:44:30 INFO  CustomerServiceTest:45 - debug
2021-05-26 14:44:41 INFO  CustomerServiceTest:34 - 【用例开始执行】
2021-05-26 14:44:41 INFO  CustomerServiceTest:35 - 用例名称： getCustomerDetail
2021-05-26 14:44:41 INFO  CustomerServiceTest:36 - 用例描述： 获取客户详情
2021-05-26 14:44:41 INFO  TestcaseStepModel:57 - 更新用例变量 新增: getTimeStamp
2021-05-26 14:45:57 INFO  CustomerServiceTest:34 - 【用例开始执行】
2021-05-26 14:45:57 INFO  CustomerServiceTest:35 - 用例名称： getCustomerDetail
2021-05-26 14:45:57 INFO  CustomerServiceTest:36 - 用例描述： 获取客户详情
2021-05-26 14:45:57 INFO  TestcaseStepModel:57 - 更新用例变量 新增: getTimeStamp
2021-05-26 14:46:20 INFO  CustomerServiceTest:34 - 【用例开始执行】
2021-05-26 14:46:20 INFO  CustomerServiceTest:35 - 用例名称： getCustomerDetail
2021-05-26 14:46:20 INFO  CustomerServiceTest:36 - 用例描述： 获取客户详情
2021-05-26 14:46:20 INFO  TestcaseStepModel:57 - 更新用例变量 新增: getTimeStamp
2021-05-26 14:46:20 INFO  TestcaseStepModel:63 - 进行基本参数替换 时间戳 随机数
2021-05-26 14:46:41 INFO  CustomerServiceTest:34 - 【用例开始执行】
2021-05-26 14:46:41 INFO  CustomerServiceTest:35 - 用例名称： getCustomerDetail
2021-05-26 14:46:41 INFO  CustomerServiceTest:36 - 用例描述： 获取客户详情
2021-05-26 14:46:41 INFO  TestcaseStepModel:57 - 更新用例变量 新增: getTimeStamp
2021-05-26 14:46:41 INFO  TestcaseStepModel:63 - 进行基本参数替换 时间戳 随机数
2021-05-28 09:25:27 INFO  CustomerServiceTest:37 - 【用例开始执行】
2021-05-28 09:25:27 INFO  CustomerServiceTest:38 - 用例名称： customerService
2021-05-28 09:25:27 INFO  CustomerServiceTest:39 - 用例描述： 客户服务测试用例
2021-05-28 09:25:27 INFO  TestcaseStepModel:57 - 更新用例变量 新增: getTimeStamp
2021-05-28 09:25:27 INFO  TestcaseStepModel:63 - 进行基本参数替换 时间戳 随机数
2021-05-28 09:25:27 INFO  TestcaseStepModel:72 - 生成5位的随机数: 23789
2021-05-28 09:25:31 INFO  TestcaseStepModel:57 - 更新用例变量 新增: getTimeStamp
2021-05-28 09:25:31 INFO  TestcaseStepModel:63 - 进行基本参数替换 时间戳 随机数
2021-05-28 09:25:31 INFO  TestcaseModel:90 - 更新用例变量 新增：{1-service_id=2575}
2021-05-28 09:25:31 INFO  TestcaseStepModel:57 - 更新用例变量 新增: getTimeStamp
2021-05-28 09:25:31 INFO  TestcaseStepModel:63 - 进行基本参数替换 时间戳 随机数
2021-05-28 09:25:31 INFO  PlaceholderUtils:64 - Could not resolve placeholder '0=service_name' in [${0=service_name}] 
2021-05-28 09:25:31 INFO  TestcaseStepModel:57 - 更新用例变量 新增: getTimeStamp
2021-05-28 09:25:31 INFO  TestcaseStepModel:63 - 进行基本参数替换 时间戳 随机数
2021-05-28 09:25:31 INFO  CustomerServiceTest:41 - debug
2021-05-28 09:26:00 INFO  CustomerServiceTest:37 - 【用例开始执行】
2021-05-28 09:26:00 INFO  CustomerServiceTest:38 - 用例名称： customerService
2021-05-28 09:26:00 INFO  CustomerServiceTest:39 - 用例描述： 客户服务测试用例
2021-05-28 09:26:00 INFO  TestcaseStepModel:57 - 更新用例变量 新增: getTimeStamp
2021-05-28 09:26:00 INFO  TestcaseStepModel:63 - 进行基本参数替换 时间戳 随机数
2021-05-28 09:26:00 INFO  TestcaseStepModel:72 - 生成5位的随机数: 79595
2021-05-28 09:26:03 INFO  TestcaseStepModel:57 - 更新用例变量 新增: getTimeStamp
2021-05-28 09:26:03 INFO  TestcaseStepModel:63 - 进行基本参数替换 时间戳 随机数
2021-05-28 09:26:03 INFO  TestcaseModel:90 - 更新用例变量 新增：{service_id=2576}
2021-05-28 09:26:03 INFO  TestcaseStepModel:57 - 更新用例变量 新增: getTimeStamp
2021-05-28 09:26:03 INFO  TestcaseStepModel:63 - 进行基本参数替换 时间戳 随机数
2021-05-28 09:26:03 INFO  PlaceholderUtils:64 - Could not resolve placeholder '0=service_name' in [${0=service_name}] 
2021-05-28 09:26:03 INFO  TestcaseStepModel:57 - 更新用例变量 新增: getTimeStamp
2021-05-28 09:26:03 INFO  TestcaseStepModel:63 - 进行基本参数替换 时间戳 随机数
2021-05-28 09:26:03 INFO  PlaceholderUtils:64 - Could not resolve placeholder '1-service_id' in [${1-service_id}] 
2021-05-28 09:27:41 INFO  CustomerServiceTest:37 - 【用例开始执行】
2021-05-28 09:27:41 INFO  CustomerServiceTest:38 - 用例名称： customerService
2021-05-28 09:27:41 INFO  CustomerServiceTest:39 - 用例描述： 客户服务测试用例
2021-05-28 09:27:41 INFO  TestcaseStepModel:57 - 更新用例变量 新增: getTimeStamp
2021-05-28 09:27:41 INFO  TestcaseStepModel:63 - 进行基本参数替换 时间戳 随机数
2021-05-28 09:27:41 INFO  TestcaseStepModel:72 - 生成5位的随机数: 86644
2021-05-28 09:27:44 INFO  TestcaseStepModel:57 - 更新用例变量 新增: getTimeStamp
2021-05-28 09:27:44 INFO  TestcaseStepModel:63 - 进行基本参数替换 时间戳 随机数
2021-05-28 09:27:44 INFO  TestcaseModel:90 - 更新用例变量 新增：{service_id=2577}
2021-05-28 09:27:44 INFO  TestcaseStepModel:57 - 更新用例变量 新增: getTimeStamp
2021-05-28 09:27:44 INFO  TestcaseStepModel:63 - 进行基本参数替换 时间戳 随机数
2021-05-28 09:27:44 INFO  PlaceholderUtils:64 - Could not resolve placeholder '0=service_name' in [${0=service_name}] 
2021-05-28 09:27:44 INFO  TestcaseStepModel:57 - 更新用例变量 新增: getTimeStamp
2021-05-28 09:27:44 INFO  TestcaseStepModel:63 - 进行基本参数替换 时间戳 随机数
2021-05-28 09:27:44 INFO  CustomerServiceTest:41 - debug
2021-05-28 09:29:13 INFO  CustomerServiceTest:37 - 【用例开始执行】
2021-05-28 09:29:13 INFO  CustomerServiceTest:38 - 用例名称： customerService
2021-05-28 09:29:13 INFO  CustomerServiceTest:39 - 用例描述： 客户服务测试用例
2021-05-28 09:29:13 INFO  TestcaseStepModel:57 - 更新用例变量 新增: getTimeStamp
2021-05-28 09:29:13 INFO  TestcaseStepModel:63 - 进行基本参数替换 时间戳 随机数
2021-05-28 09:29:13 INFO  TestcaseStepModel:72 - 生成5位的随机数: 31454
2021-05-28 09:29:16 INFO  TestcaseStepModel:57 - 更新用例变量 新增: getTimeStamp
2021-05-28 09:29:16 INFO  TestcaseStepModel:63 - 进行基本参数替换 时间戳 随机数
2021-05-28 09:29:16 INFO  TestcaseModel:90 - 更新用例变量 新增：{service_id=2578}
2021-05-28 09:29:16 INFO  TestcaseStepModel:57 - 更新用例变量 新增: getTimeStamp
2021-05-28 09:29:16 INFO  TestcaseStepModel:63 - 进行基本参数替换 时间戳 随机数
2021-05-28 09:29:16 INFO  PlaceholderUtils:64 - Could not resolve placeholder '0=service_name' in [${0=service_name}] 
2021-05-28 09:29:16 INFO  TestcaseStepModel:57 - 更新用例变量 新增: getTimeStamp
2021-05-28 09:29:16 INFO  TestcaseStepModel:63 - 进行基本参数替换 时间戳 随机数
2021-05-28 09:29:16 INFO  PlaceholderUtils:64 - Could not resolve placeholder '1-service_id' in [${1-service_id}] 
2021-05-28 09:34:23 INFO  CustomerServiceTest:37 - 【用例开始执行】
2021-05-28 09:34:23 INFO  CustomerServiceTest:38 - 用例名称： customerService
2021-05-28 09:34:23 INFO  CustomerServiceTest:39 - 用例描述： 客户服务测试用例
2021-05-28 09:34:23 INFO  TestcaseStepModel:57 - 更新用例变量 新增: getTimeStamp
2021-05-28 09:34:23 INFO  TestcaseStepModel:63 - 进行基本参数替换 时间戳 随机数
2021-05-28 09:34:23 INFO  TestcaseStepModel:72 - 生成5位的随机数: 81372
2021-05-28 09:34:26 INFO  TestcaseStepModel:57 - 更新用例变量 新增: getTimeStamp
2021-05-28 09:34:26 INFO  TestcaseStepModel:63 - 进行基本参数替换 时间戳 随机数
2021-05-28 09:34:28 INFO  TestcaseModel:90 - 更新用例变量 新增：{1-service_id=2579}
2021-05-28 09:34:28 INFO  TestcaseStepModel:57 - 更新用例变量 新增: getTimeStamp
2021-05-28 09:34:28 INFO  TestcaseStepModel:63 - 进行基本参数替换 时间戳 随机数
2021-05-28 09:34:28 INFO  PlaceholderUtils:64 - Could not resolve placeholder '0=service_name' in [${0=service_name}] 
2021-05-28 09:34:28 INFO  TestcaseStepModel:57 - 更新用例变量 新增: getTimeStamp
2021-05-28 09:34:28 INFO  TestcaseStepModel:63 - 进行基本参数替换 时间戳 随机数
2021-05-28 09:34:29 INFO  CustomerServiceTest:41 - debug
2021-05-28 09:37:52 INFO  CustomerServiceTest:37 - 【用例开始执行】
2021-05-28 09:37:52 INFO  CustomerServiceTest:38 - 用例名称： customerService
2021-05-28 09:37:52 INFO  CustomerServiceTest:39 - 用例描述： 客户服务测试用例
2021-05-28 09:37:52 INFO  TestcaseStepModel:57 - 更新用例变量 新增: getTimeStamp
2021-05-28 09:37:52 INFO  TestcaseStepModel:63 - 进行基本参数替换 时间戳 随机数
2021-05-28 09:37:52 INFO  TestcaseStepModel:72 - 生成5位的随机数: 70420
2021-05-28 09:37:55 INFO  TestcaseStepModel:57 - 更新用例变量 新增: getTimeStamp
2021-05-28 09:37:55 INFO  TestcaseStepModel:63 - 进行基本参数替换 时间戳 随机数
2021-05-28 09:37:55 INFO  TestcaseModel:90 - 更新用例变量 新增：{1-service_id=2580}
2021-05-28 09:37:55 INFO  TestcaseStepModel:57 - 更新用例变量 新增: getTimeStamp
2021-05-28 09:37:55 INFO  TestcaseStepModel:63 - 进行基本参数替换 时间戳 随机数
2021-05-28 09:37:55 INFO  PlaceholderUtils:64 - Could not resolve placeholder '0=service_name' in [${0=service_name}] 
2021-05-28 09:37:55 INFO  TestcaseStepModel:57 - 更新用例变量 新增: getTimeStamp
2021-05-28 09:37:55 INFO  TestcaseStepModel:63 - 进行基本参数替换 时间戳 随机数
2021-05-28 09:37:55 INFO  CustomerServiceTest:41 - debug
2021-05-28 09:41:59 INFO  CustomerServiceTest:37 - 【用例开始执行】
2021-05-28 09:41:59 INFO  CustomerServiceTest:38 - 用例名称： customerService
2021-05-28 09:41:59 INFO  CustomerServiceTest:39 - 用例描述： 客户服务测试用例
2021-05-28 09:41:59 INFO  TestcaseStepModel:57 - 更新用例变量 新增: getTimeStamp
2021-05-28 09:41:59 INFO  TestcaseStepModel:63 - 进行基本参数替换 时间戳 随机数
2021-05-28 09:41:59 INFO  TestcaseStepModel:72 - 生成5位的随机数: 70282
2021-05-28 09:42:02 INFO  TestcaseStepModel:57 - 更新用例变量 新增: getTimeStamp
2021-05-28 09:42:02 INFO  TestcaseStepModel:63 - 进行基本参数替换 时间戳 随机数
2021-05-28 09:42:02 INFO  TestcaseModel:90 - 更新用例变量 新增：{1-service_id=2581}
2021-05-28 09:42:02 INFO  TestcaseStepModel:57 - 更新用例变量 新增: getTimeStamp
2021-05-28 09:42:02 INFO  TestcaseStepModel:63 - 进行基本参数替换 时间戳 随机数
2021-05-28 09:42:02 INFO  PlaceholderUtils:64 - Could not resolve placeholder '0=service_name' in [${0=service_name}] 
2021-05-28 09:42:02 INFO  TestcaseStepModel:57 - 更新用例变量 新增: getTimeStamp
2021-05-28 09:42:02 INFO  TestcaseStepModel:63 - 进行基本参数替换 时间戳 随机数
2021-05-28 09:42:02 INFO  CustomerServiceTest:41 - debug
2021-05-28 09:42:18 INFO  CustomerServiceTest:37 - 【用例开始执行】
2021-05-28 09:42:18 INFO  CustomerServiceTest:38 - 用例名称： customerService
2021-05-28 09:42:18 INFO  CustomerServiceTest:39 - 用例描述： 客户服务测试用例
2021-05-28 09:42:18 INFO  TestcaseStepModel:57 - 更新用例变量 新增: getTimeStamp
2021-05-28 09:42:18 INFO  TestcaseStepModel:63 - 进行基本参数替换 时间戳 随机数
2021-05-28 09:42:18 INFO  TestcaseStepModel:72 - 生成5位的随机数: 77457
2021-05-28 09:42:21 INFO  TestcaseStepModel:57 - 更新用例变量 新增: getTimeStamp
2021-05-28 09:42:21 INFO  TestcaseStepModel:63 - 进行基本参数替换 时间戳 随机数
2021-05-28 09:42:21 INFO  TestcaseModel:90 - 更新用例变量 新增：{1-service_id=2582}
2021-05-28 09:42:21 INFO  TestcaseStepModel:57 - 更新用例变量 新增: getTimeStamp
2021-05-28 09:42:21 INFO  TestcaseStepModel:63 - 进行基本参数替换 时间戳 随机数
2021-05-28 09:42:21 INFO  PlaceholderUtils:64 - Could not resolve placeholder '0=service_name' in [${0=service_name}] 
2021-05-28 09:42:21 INFO  TestcaseStepModel:57 - 更新用例变量 新增: getTimeStamp
2021-05-28 09:42:21 INFO  TestcaseStepModel:63 - 进行基本参数替换 时间戳 随机数
2021-05-28 09:42:21 INFO  CustomerServiceTest:41 - debug
2021-05-28 09:47:22 INFO  CustomerServiceTest:37 - 【用例开始执行】
2021-05-28 09:47:22 INFO  CustomerServiceTest:38 - 用例名称： customerService
2021-05-28 09:47:22 INFO  CustomerServiceTest:39 - 用例描述： 客户服务测试用例
2021-05-28 09:47:22 INFO  TestcaseStepModel:57 - 更新用例变量 新增: getTimeStamp
2021-05-28 09:47:22 INFO  TestcaseStepModel:63 - 进行基本参数替换 时间戳 随机数
2021-05-28 09:47:22 INFO  TestcaseStepModel:72 - 生成5位的随机数: 54522
2021-05-28 09:47:24 INFO  TestcaseStepModel:57 - 更新用例变量 新增: getTimeStamp
2021-05-28 09:47:24 INFO  TestcaseStepModel:63 - 进行基本参数替换 时间戳 随机数
2021-05-28 09:47:24 INFO  TestcaseModel:90 - 更新用例变量 新增：{1-service_id=2583}
2021-05-28 09:47:24 INFO  TestcaseStepModel:57 - 更新用例变量 新增: getTimeStamp
2021-05-28 09:47:24 INFO  TestcaseStepModel:63 - 进行基本参数替换 时间戳 随机数
2021-05-28 09:47:24 INFO  PlaceholderUtils:64 - Could not resolve placeholder '0=service_name' in [${0=service_name}] 
2021-05-28 09:47:25 INFO  TestcaseStepModel:57 - 更新用例变量 新增: getTimeStamp
2021-05-28 09:47:25 INFO  TestcaseStepModel:63 - 进行基本参数替换 时间戳 随机数
2021-05-28 09:47:25 INFO  CustomerServiceTest:41 - debug
2021-05-28 09:47:31 INFO  CustomerServiceTest:37 - 【用例开始执行】
2021-05-28 09:47:31 INFO  CustomerServiceTest:38 - 用例名称： customerService
2021-05-28 09:47:31 INFO  CustomerServiceTest:39 - 用例描述： 客户服务测试用例
2021-05-28 09:47:31 INFO  TestcaseStepModel:57 - 更新用例变量 新增: getTimeStamp
2021-05-28 09:48:01 INFO  TestcaseStepModel:63 - 进行基本参数替换 时间戳 随机数
2021-05-28 09:48:26 INFO  TestcaseStepModel:72 - 生成5位的随机数: 81059
2021-05-28 09:49:21 INFO  TestcaseStepModel:57 - 更新用例变量 新增: getTimeStamp
2021-05-28 09:50:10 INFO  TestcaseStepModel:63 - 进行基本参数替换 时间戳 随机数
2021-05-28 09:50:35 INFO  TestcaseModel:90 - 更新用例变量 新增：{1-service_id=2584}
2021-05-28 09:50:35 INFO  TestcaseStepModel:57 - 更新用例变量 新增: getTimeStamp
2021-05-28 09:50:53 INFO  TestcaseStepModel:63 - 进行基本参数替换 时间戳 随机数
2021-05-28 09:51:20 INFO  PlaceholderUtils:64 - Could not resolve placeholder '0=service_name' in [${0=service_name}] 
2021-05-28 10:37:28 INFO  CustomerServiceTest:38 - 【用例开始执行】
2021-05-28 10:37:28 INFO  CustomerServiceTest:39 - 用例名称： customerService
2021-05-28 10:37:28 INFO  CustomerServiceTest:40 - 用例描述： 客户服务测试用例
2021-05-28 10:37:28 INFO  TestcaseStepModel:57 - 更新用例变量 新增: getTimeStamp
2021-05-28 10:37:28 INFO  TestcaseStepModel:63 - 进行基本参数替换 时间戳 随机数
2021-05-28 10:37:28 INFO  TestcaseStepModel:72 - 生成5位的随机数: 16391
2021-05-28 10:37:28 INFO  CustomerServiceTest:38 - 【用例开始执行】
2021-05-28 10:37:28 INFO  CustomerServiceTest:39 - 用例名称： customerService
2021-05-28 10:37:28 INFO  CustomerServiceTest:40 - 用例描述： 客户服务测试用例
2021-05-28 10:37:28 INFO  TestcaseStepModel:57 - 更新用例变量 新增: getTimeStamp
2021-05-28 10:37:28 INFO  TestcaseStepModel:63 - 进行基本参数替换 时间戳 随机数
2021-05-28 10:37:28 INFO  CustomerServiceTest:38 - 【用例开始执行】
2021-05-28 10:37:28 INFO  CustomerServiceTest:39 - 用例名称： customerService
2021-05-28 10:37:28 INFO  CustomerServiceTest:40 - 用例描述： 客户服务测试用例
2021-05-28 10:37:28 INFO  TestcaseStepModel:57 - 更新用例变量 新增: getTimeStamp
2021-05-28 10:37:28 INFO  TestcaseStepModel:63 - 进行基本参数替换 时间戳 随机数
2021-05-28 10:37:28 INFO  CustomerServiceTest:38 - 【用例开始执行】
2021-05-28 10:37:28 INFO  CustomerServiceTest:39 - 用例名称： customerService
2021-05-28 10:37:28 INFO  CustomerServiceTest:40 - 用例描述： 获取单个客户信息
2021-05-28 10:37:28 INFO  TestcaseStepModel:57 - 更新用例变量 新增: getTimeStamp
2021-05-28 10:37:28 INFO  TestcaseStepModel:63 - 进行基本参数替换 时间戳 随机数
2021-05-28 10:39:00 INFO  CustomerServiceTest:38 - 【用例开始执行】
2021-05-28 10:39:00 INFO  CustomerServiceTest:39 - 用例名称： getCustomerDetail
2021-05-28 10:39:00 INFO  CustomerServiceTest:40 - 用例描述： 获取客户详情
2021-05-28 10:39:00 INFO  TestcaseStepModel:57 - 更新用例变量 新增: getTimeStamp
2021-05-28 10:39:00 INFO  CustomerServiceTest:38 - 【用例开始执行】
2021-05-28 10:39:00 INFO  CustomerServiceTest:39 - 用例名称： getCustomerDetail
2021-05-28 10:39:00 INFO  CustomerServiceTest:40 - 用例描述： 获取客户详情
2021-05-28 10:39:00 INFO  TestcaseStepModel:57 - 更新用例变量 新增: getTimeStamp
2021-05-28 10:39:00 INFO  TestcaseStepModel:63 - 进行基本参数替换 时间戳 随机数
2021-05-28 10:39:00 INFO  CustomerServiceTest:38 - 【用例开始执行】
2021-05-28 10:39:00 INFO  CustomerServiceTest:39 - 用例名称： getCustomerDetail
2021-05-28 10:39:00 INFO  CustomerServiceTest:40 - 用例描述： 获取客户详情
2021-05-28 10:39:00 INFO  TestcaseStepModel:57 - 更新用例变量 新增: getTimeStamp
2021-05-28 10:39:00 INFO  TestcaseStepModel:63 - 进行基本参数替换 时间戳 随机数
2021-05-28 10:42:49 INFO  CustomerServiceTest:30 - 【用例开始执行】
2021-05-28 10:42:49 INFO  CustomerServiceTest:31 - 用例名称： customerService
2021-05-28 10:42:49 INFO  CustomerServiceTest:32 - 用例描述： 客户服务测试用例
2021-05-28 10:42:49 INFO  TestcaseStepModel:57 - 更新用例变量 新增: getTimeStamp
2021-05-28 10:42:49 INFO  TestcaseStepModel:63 - 进行基本参数替换 时间戳 随机数
2021-05-28 10:43:22 INFO  CustomerServiceTest:41 - 【用例开始执行】
2021-05-28 10:43:22 INFO  CustomerServiceTest:42 - 用例名称： customerService
2021-05-28 10:43:22 INFO  CustomerServiceTest:43 - 用例描述： 客户服务测试用例
2021-05-28 10:43:22 INFO  TestcaseStepModel:57 - 更新用例变量 新增: getTimeStamp
2021-05-28 10:43:22 INFO  TestcaseStepModel:63 - 进行基本参数替换 时间戳 随机数
2021-05-28 10:43:22 INFO  TestcaseStepModel:72 - 生成5位的随机数: 15634
2021-05-28 10:43:24 INFO  CustomerServiceTest:45 - debug
2021-05-28 10:43:24 INFO  CustomerServiceTest:41 - 【用例开始执行】
2021-05-28 10:43:24 INFO  CustomerServiceTest:42 - 用例名称： customerService
2021-05-28 10:43:24 INFO  CustomerServiceTest:43 - 用例描述： 客户服务测试用例
2021-05-28 10:43:24 INFO  TestcaseStepModel:57 - 更新用例变量 新增: getTimeStamp
2021-05-28 10:43:24 INFO  TestcaseStepModel:63 - 进行基本参数替换 时间戳 随机数
2021-05-28 10:43:25 INFO  TestcaseStepModel:57 - 更新用例变量 新增: getTimeStamp
2021-05-28 10:43:25 INFO  TestcaseStepModel:63 - 进行基本参数替换 时间戳 随机数
2021-05-28 10:43:25 INFO  TestcaseStepModel:57 - 更新用例变量 新增: getTimeStamp
2021-05-28 10:43:25 INFO  TestcaseStepModel:63 - 进行基本参数替换 时间戳 随机数
2021-05-28 10:43:25 INFO  CustomerServiceTest:41 - 【用例开始执行】
2021-05-28 10:43:25 INFO  CustomerServiceTest:42 - 用例名称： customerService
2021-05-28 10:43:25 INFO  CustomerServiceTest:43 - 用例描述： 客户服务测试用例
2021-05-28 10:43:25 INFO  TestcaseStepModel:57 - 更新用例变量 新增: getTimeStamp
2021-05-28 10:43:25 INFO  TestcaseStepModel:63 - 进行基本参数替换 时间戳 随机数
2021-05-28 10:43:25 INFO  TestcaseModel:90 - 更新用例变量 新增：{1-1-service_id=2585}
2021-05-28 10:43:25 INFO  CustomerServiceTest:45 - debug
2021-05-28 10:43:25 INFO  CustomerServiceTest:41 - 【用例开始执行】
2021-05-28 10:43:25 INFO  CustomerServiceTest:42 - 用例名称： customerService
2021-05-28 10:43:25 INFO  CustomerServiceTest:43 - 用例描述： 获取单个客户信息
2021-05-28 10:43:25 INFO  TestcaseStepModel:57 - 更新用例变量 新增: getTimeStamp
2021-05-28 10:43:25 INFO  TestcaseStepModel:63 - 进行基本参数替换 时间戳 随机数
2021-05-28 10:43:25 INFO  CustomerServiceTest:45 - debug
2021-05-28 10:44:00 INFO  CustomerServiceTest:37 - 【用例开始执行】
2021-05-28 10:44:00 INFO  CustomerServiceTest:38 - 用例名称： customerService
2021-05-28 10:44:00 INFO  CustomerServiceTest:39 - 用例描述： 客户服务测试用例
2021-05-28 10:44:00 INFO  TestcaseStepModel:57 - 更新用例变量 新增: getTimeStamp
2021-05-28 10:44:00 INFO  TestcaseStepModel:63 - 进行基本参数替换 时间戳 随机数
2021-05-28 10:44:00 INFO  TestcaseStepModel:72 - 生成5位的随机数: 48002
2021-05-28 10:44:02 INFO  TestcaseStepModel:57 - 更新用例变量 新增: getTimeStamp
2021-05-28 10:44:02 INFO  TestcaseStepModel:63 - 进行基本参数替换 时间戳 随机数
2021-05-28 10:44:03 INFO  TestcaseModel:90 - 更新用例变量 新增：{1-service_id=2586}
2021-05-28 10:44:03 INFO  TestcaseStepModel:57 - 更新用例变量 新增: getTimeStamp
2021-05-28 10:44:03 INFO  TestcaseStepModel:63 - 进行基本参数替换 时间戳 随机数
2021-05-28 10:44:03 INFO  PlaceholderUtils:64 - Could not resolve placeholder '0=service_name' in [${0=service_name}] 
2021-05-28 10:44:03 INFO  TestcaseStepModel:57 - 更新用例变量 新增: getTimeStamp
2021-05-28 10:44:03 INFO  TestcaseStepModel:63 - 进行基本参数替换 时间戳 随机数
2021-05-28 10:44:03 INFO  CustomerServiceTest:41 - debug
2021-05-28 10:45:18 INFO  CustomerServiceTest:38 - 【用例开始执行】
2021-05-28 10:45:18 INFO  CustomerServiceTest:39 - 用例名称： getCustomerDetail
2021-05-28 10:45:18 INFO  CustomerServiceTest:40 - 用例描述： 获取客户详情
2021-05-28 10:45:18 INFO  TestcaseStepModel:57 - 更新用例变量 新增: getTimeStamp
2021-05-28 10:45:18 INFO  CustomerServiceTest:38 - 【用例开始执行】
2021-05-28 10:45:18 INFO  CustomerServiceTest:39 - 用例名称： getCustomerDetail
2021-05-28 10:45:18 INFO  CustomerServiceTest:40 - 用例描述： 获取客户详情
2021-05-28 10:45:18 INFO  TestcaseStepModel:57 - 更新用例变量 新增: getTimeStamp
2021-05-28 10:45:18 INFO  TestcaseStepModel:63 - 进行基本参数替换 时间戳 随机数
2021-05-28 10:45:18 INFO  CustomerServiceTest:38 - 【用例开始执行】
2021-05-28 10:45:18 INFO  CustomerServiceTest:39 - 用例名称： getCustomerDetail
2021-05-28 10:45:18 INFO  CustomerServiceTest:40 - 用例描述： 获取客户详情
2021-05-28 10:45:18 INFO  TestcaseStepModel:57 - 更新用例变量 新增: getTimeStamp
2021-05-28 10:45:18 INFO  TestcaseStepModel:63 - 进行基本参数替换 时间戳 随机数
2021-05-28 10:45:56 INFO  CustomerServiceTest:38 - 【用例开始执行】
2021-05-28 10:45:56 INFO  CustomerServiceTest:39 - 用例名称： getCustomerDetail
2021-05-28 10:45:56 INFO  CustomerServiceTest:40 - 用例描述： 获取客户详情
2021-05-28 10:45:56 INFO  TestcaseStepModel:57 - 更新用例变量 新增: getTimeStamp
2021-05-28 10:45:56 INFO  CustomerServiceTest:38 - 【用例开始执行】
2021-05-28 10:45:56 INFO  CustomerServiceTest:39 - 用例名称： getCustomerDetail
2021-05-28 10:45:56 INFO  CustomerServiceTest:40 - 用例描述： 获取客户详情
2021-05-28 10:45:56 INFO  TestcaseStepModel:57 - 更新用例变量 新增: getTimeStamp
2021-05-28 10:45:56 INFO  TestcaseStepModel:63 - 进行基本参数替换 时间戳 随机数
2021-05-28 10:45:56 INFO  CustomerServiceTest:38 - 【用例开始执行】
2021-05-28 10:45:56 INFO  CustomerServiceTest:39 - 用例名称： getCustomerDetail
2021-05-28 10:45:56 INFO  CustomerServiceTest:40 - 用例描述： 获取客户详情
2021-05-28 10:45:56 INFO  TestcaseStepModel:57 - 更新用例变量 新增: getTimeStamp
2021-05-28 10:45:56 INFO  TestcaseStepModel:63 - 进行基本参数替换 时间戳 随机数
2021-05-28 10:48:21 INFO  CustomerServiceTest:38 - 【用例开始执行】
2021-05-28 10:48:21 INFO  CustomerServiceTest:39 - 用例名称： getCustomerDetail
2021-05-28 10:48:21 INFO  CustomerServiceTest:40 - 用例描述： 获取客户详情
2021-05-28 10:48:21 INFO  TestcaseStepModel:57 - 更新用例变量 新增: getTimeStamp
2021-05-28 10:48:21 INFO  CustomerServiceTest:38 - 【用例开始执行】
2021-05-28 10:48:21 INFO  CustomerServiceTest:39 - 用例名称： getCustomerDetail
2021-05-28 10:48:21 INFO  CustomerServiceTest:40 - 用例描述： 获取客户详情
2021-05-28 10:48:21 INFO  TestcaseStepModel:57 - 更新用例变量 新增: getTimeStamp
2021-05-28 10:48:21 INFO  TestcaseStepModel:63 - 进行基本参数替换 时间戳 随机数
2021-05-28 10:48:22 INFO  CustomerServiceTest:38 - 【用例开始执行】
2021-05-28 10:48:22 INFO  CustomerServiceTest:39 - 用例名称： getCustomerDetail
2021-05-28 10:48:22 INFO  CustomerServiceTest:40 - 用例描述： 获取客户详情
2021-05-28 10:48:22 INFO  TestcaseStepModel:57 - 更新用例变量 新增: getTimeStamp
2021-05-28 10:48:22 INFO  TestcaseStepModel:63 - 进行基本参数替换 时间戳 随机数
2021-05-28 10:49:59 INFO  CustomerServiceTest:38 - 【用例开始执行】
2021-05-28 10:49:59 INFO  CustomerServiceTest:39 - 用例名称： getCustomerDetail
2021-05-28 10:49:59 INFO  CustomerServiceTest:40 - 用例描述： 获取客户详情
2021-05-28 10:49:59 INFO  TestcaseStepModel:57 - 更新用例变量 新增: getTimeStamp
2021-05-28 10:49:59 INFO  CustomerServiceTest:38 - 【用例开始执行】
2021-05-28 10:49:59 INFO  CustomerServiceTest:39 - 用例名称： getCustomerDetail
2021-05-28 10:49:59 INFO  CustomerServiceTest:40 - 用例描述： 获取客户详情
2021-05-28 10:49:59 INFO  TestcaseStepModel:57 - 更新用例变量 新增: getTimeStamp
2021-05-28 10:49:59 INFO  TestcaseStepModel:63 - 进行基本参数替换 时间戳 随机数
2021-05-28 10:49:59 INFO  CustomerServiceTest:38 - 【用例开始执行】
2021-05-28 10:49:59 INFO  CustomerServiceTest:39 - 用例名称： getCustomerDetail
2021-05-28 10:49:59 INFO  CustomerServiceTest:40 - 用例描述： 获取客户详情
2021-05-28 10:49:59 INFO  TestcaseStepModel:57 - 更新用例变量 新增: getTimeStamp
2021-05-28 10:49:59 INFO  TestcaseStepModel:63 - 进行基本参数替换 时间戳 随机数
2021-05-28 10:50:42 INFO  CustomerServiceTest:38 - 【用例开始执行】
2021-05-28 10:50:42 INFO  CustomerServiceTest:39 - 用例名称： getCustomerDetail
2021-05-28 10:50:42 INFO  CustomerServiceTest:40 - 用例描述： 获取客户详情
2021-05-28 10:50:42 INFO  TestcaseStepModel:57 - 更新用例变量 新增: getTimeStamp
2021-05-28 10:50:42 INFO  CustomerServiceTest:38 - 【用例开始执行】
2021-05-28 10:50:42 INFO  CustomerServiceTest:39 - 用例名称： getCustomerDetail
2021-05-28 10:50:42 INFO  CustomerServiceTest:40 - 用例描述： 获取客户详情
2021-05-28 10:50:42 INFO  TestcaseStepModel:57 - 更新用例变量 新增: getTimeStamp
2021-05-28 10:50:42 INFO  TestcaseStepModel:63 - 进行基本参数替换 时间戳 随机数
2021-05-28 10:50:42 INFO  CustomerServiceTest:38 - 【用例开始执行】
2021-05-28 10:50:42 INFO  CustomerServiceTest:39 - 用例名称： getCustomerDetail
2021-05-28 10:50:42 INFO  CustomerServiceTest:40 - 用例描述： 获取客户详情
2021-05-28 10:50:42 INFO  TestcaseStepModel:57 - 更新用例变量 新增: getTimeStamp
2021-05-28 10:50:42 INFO  TestcaseStepModel:63 - 进行基本参数替换 时间戳 随机数
2021-05-28 10:53:40 INFO  CustomerServiceTest:38 - 【用例开始执行】
2021-05-28 10:53:40 INFO  CustomerServiceTest:39 - 用例名称： getCustomerDetail
2021-05-28 10:53:40 INFO  CustomerServiceTest:40 - 用例描述： 获取客户详情
2021-05-28 10:53:40 INFO  TestcaseStepModel:57 - 更新用例变量 新增: getTimeStamp
2021-05-28 11:02:21 INFO  CustomerServiceTest:38 - 【用例开始执行】
2021-05-28 11:02:21 INFO  CustomerServiceTest:39 - 用例名称： getCustomerDetail
2021-05-28 11:02:21 INFO  CustomerServiceTest:40 - 用例描述： 获取客户详情
2021-05-28 11:02:21 INFO  TestcaseStepModel:57 - 更新用例变量 新增: getTimeStamp
2021-05-28 11:02:44 INFO  CustomerServiceTest:38 - 【用例开始执行】
2021-05-28 11:02:44 INFO  CustomerServiceTest:39 - 用例名称： getCustomerDetail
2021-05-28 11:02:44 INFO  CustomerServiceTest:40 - 用例描述： 获取客户详情
2021-05-28 11:02:44 INFO  TestcaseStepModel:57 - 更新用例变量 新增: getTimeStamp
2021-05-28 11:02:44 INFO  TestcaseStepModel:63 - 进行基本参数替换 时间戳 随机数
2021-05-28 11:03:05 INFO  CustomerServiceTest:38 - 【用例开始执行】
2021-05-28 11:03:05 INFO  CustomerServiceTest:39 - 用例名称： getCustomerDetail
2021-05-28 11:03:05 INFO  CustomerServiceTest:40 - 用例描述： 获取客户详情
2021-05-28 11:03:05 INFO  TestcaseStepModel:57 - 更新用例变量 新增: getTimeStamp
2021-05-28 11:03:05 INFO  TestcaseStepModel:63 - 进行基本参数替换 时间戳 随机数
2021-05-28 11:03:19 INFO  CustomerServiceTest:38 - 【用例开始执行】
2021-05-28 11:03:19 INFO  CustomerServiceTest:39 - 用例名称： getCustomerDetail
2021-05-28 11:03:19 INFO  CustomerServiceTest:40 - 用例描述： 获取客户详情
2021-05-28 11:03:19 INFO  TestcaseStepModel:57 - 更新用例变量 新增: getTimeStamp
2021-05-28 11:03:21 INFO  CustomerServiceTest:42 - debug
2021-05-28 11:03:21 INFO  CustomerServiceTest:38 - 【用例开始执行】
2021-05-28 11:03:21 INFO  CustomerServiceTest:39 - 用例名称： getCustomerDetail
2021-05-28 11:03:21 INFO  CustomerServiceTest:40 - 用例描述： 获取客户详情
2021-05-28 11:03:21 INFO  TestcaseStepModel:57 - 更新用例变量 新增: getTimeStamp
2021-05-28 11:03:21 INFO  TestcaseStepModel:63 - 进行基本参数替换 时间戳 随机数
2021-05-28 11:03:21 INFO  CustomerServiceTest:42 - debug
2021-05-28 11:03:21 INFO  CustomerServiceTest:38 - 【用例开始执行】
2021-05-28 11:03:21 INFO  CustomerServiceTest:39 - 用例名称： getCustomerDetail
2021-05-28 11:03:21 INFO  CustomerServiceTest:40 - 用例描述： 获取客户详情
2021-05-28 11:03:21 INFO  TestcaseStepModel:57 - 更新用例变量 新增: getTimeStamp
2021-05-28 11:03:21 INFO  TestcaseStepModel:63 - 进行基本参数替换 时间戳 随机数
2021-05-28 11:03:50 INFO  CustomerServiceTest:38 - 【用例开始执行】
2021-05-28 11:03:50 INFO  CustomerServiceTest:39 - 用例名称： getCustomerDetail
2021-05-28 11:03:50 INFO  CustomerServiceTest:40 - 用例描述： 获取客户详情
2021-05-28 11:03:50 INFO  TestcaseStepModel:57 - 更新用例变量 新增: getTimeStamp
2021-05-28 11:03:51 ERROR TestcaseStepModel:130 - 获取不到实际参数值: code
2021-05-28 11:03:51 INFO  CustomerServiceTest:38 - 【用例开始执行】
2021-05-28 11:03:51 INFO  CustomerServiceTest:39 - 用例名称： getCustomerDetail
2021-05-28 11:03:51 INFO  CustomerServiceTest:40 - 用例描述： 获取客户详情
2021-05-28 11:03:51 INFO  TestcaseStepModel:57 - 更新用例变量 新增: getTimeStamp
2021-05-28 11:03:51 INFO  TestcaseStepModel:63 - 进行基本参数替换 时间戳 随机数
2021-05-28 11:03:52 INFO  CustomerServiceTest:42 - debug
2021-05-28 11:03:52 INFO  CustomerServiceTest:38 - 【用例开始执行】
2021-05-28 11:03:52 INFO  CustomerServiceTest:39 - 用例名称： getCustomerDetail
2021-05-28 11:03:52 INFO  CustomerServiceTest:40 - 用例描述： 获取客户详情
2021-05-28 11:03:52 INFO  TestcaseStepModel:57 - 更新用例变量 新增: getTimeStamp
2021-05-28 11:03:52 INFO  TestcaseStepModel:63 - 进行基本参数替换 时间戳 随机数
2021-05-28 11:03:52 INFO  CustomerServiceTest:42 - debug
2021-05-28 11:05:52 INFO  CustomerServiceTest:38 - 【用例开始执行】
2021-05-28 11:05:52 INFO  CustomerServiceTest:39 - 用例名称： getCustomerDetail
2021-05-28 11:05:52 INFO  CustomerServiceTest:40 - 用例描述： 获取客户详情
2021-05-28 11:05:52 INFO  TestcaseStepModel:57 - 更新用例变量 新增: getTimeStamp
2021-05-28 11:05:54 ERROR TestcaseStepModel:130 - 获取不到实际参数值: code
2021-05-28 11:05:54 INFO  CustomerServiceTest:38 - 【用例开始执行】
2021-05-28 11:05:54 INFO  CustomerServiceTest:39 - 用例名称： getCustomerDetail
2021-05-28 11:05:54 INFO  CustomerServiceTest:40 - 用例描述： 获取客户详情
2021-05-28 11:05:54 INFO  TestcaseStepModel:57 - 更新用例变量 新增: getTimeStamp
2021-05-28 11:05:54 INFO  TestcaseStepModel:63 - 进行基本参数替换 时间戳 随机数
2021-05-28 11:05:55 INFO  CustomerServiceTest:42 - debug
2021-05-28 11:05:55 INFO  CustomerServiceTest:38 - 【用例开始执行】
2021-05-28 11:05:55 INFO  CustomerServiceTest:39 - 用例名称： getCustomerDetail
2021-05-28 11:05:55 INFO  CustomerServiceTest:40 - 用例描述： 获取客户详情
2021-05-28 11:05:55 INFO  TestcaseStepModel:57 - 更新用例变量 新增: getTimeStamp
2021-05-28 11:05:55 INFO  TestcaseStepModel:63 - 进行基本参数替换 时间戳 随机数
2021-05-28 11:05:55 INFO  CustomerServiceTest:42 - debug
2021-05-28 11:08:27 INFO  CustomerServiceTest:38 - 【用例开始执行】
2021-05-28 11:08:27 INFO  CustomerServiceTest:39 - 用例名称： exportCustomerMsg
2021-05-28 11:08:27 INFO  CustomerServiceTest:40 - 用例描述： 导出客户信息
2021-05-28 11:08:27 INFO  TestcaseStepModel:57 - 更新用例变量 新增: getTimeStamp
2021-05-28 11:08:29 ERROR TestcaseStepModel:130 - 获取不到实际参数值: code
2021-05-28 11:08:29 INFO  CustomerServiceTest:38 - 【用例开始执行】
2021-05-28 11:08:29 INFO  CustomerServiceTest:39 - 用例名称： getCustomerDetail
2021-05-28 11:08:29 INFO  CustomerServiceTest:40 - 用例描述： 获取客户详情
2021-05-28 11:08:29 INFO  TestcaseStepModel:57 - 更新用例变量 新增: getTimeStamp
2021-05-28 11:08:29 INFO  TestcaseStepModel:63 - 进行基本参数替换 时间戳 随机数
2021-05-28 11:08:30 INFO  CustomerServiceTest:42 - debug
2021-05-28 11:08:30 INFO  CustomerServiceTest:38 - 【用例开始执行】
2021-05-28 11:08:30 INFO  CustomerServiceTest:39 - 用例名称： getCustomerList
2021-05-28 11:08:30 INFO  CustomerServiceTest:40 - 用例描述： 获取客户List
2021-05-28 11:08:30 INFO  TestcaseStepModel:57 - 更新用例变量 新增: getTimeStamp
2021-05-28 11:08:30 INFO  TestcaseStepModel:63 - 进行基本参数替换 时间戳 随机数
2021-05-28 11:08:30 INFO  CustomerServiceTest:42 - debug
2021-05-28 11:44:55 INFO  CustomerServiceTest:38 - 【用例开始执行】
2021-05-28 11:44:55 INFO  CustomerServiceTest:39 - 用例名称： exportCustomerMsg
2021-05-28 11:44:55 INFO  CustomerServiceTest:40 - 用例描述： 导出客户信息
2021-05-28 11:44:55 INFO  TestcaseStepModel:57 - 更新用例变量 新增: getTimeStamp
2021-05-28 11:44:57 INFO  CustomerServiceTest:42 - debug
2021-05-28 11:44:57 INFO  CustomerServiceTest:38 - 【用例开始执行】
2021-05-28 11:44:57 INFO  CustomerServiceTest:39 - 用例名称： getCustomerDetail
2021-05-28 11:44:57 INFO  CustomerServiceTest:40 - 用例描述： 获取客户详情
2021-05-28 11:44:57 INFO  TestcaseStepModel:57 - 更新用例变量 新增: getTimeStamp
2021-05-28 11:44:57 INFO  TestcaseStepModel:63 - 进行基本参数替换 时间戳 随机数
2021-05-28 11:44:57 INFO  CustomerServiceTest:42 - debug
2021-05-28 11:44:57 INFO  CustomerServiceTest:38 - 【用例开始执行】
2021-05-28 11:44:57 INFO  CustomerServiceTest:39 - 用例名称： getCustomerList
2021-05-28 11:44:57 INFO  CustomerServiceTest:40 - 用例描述： 获取客户List
2021-05-28 11:44:57 INFO  TestcaseStepModel:57 - 更新用例变量 新增: getTimeStamp
2021-05-28 11:44:57 INFO  TestcaseStepModel:63 - 进行基本参数替换 时间戳 随机数
2021-05-28 11:44:57 INFO  CustomerServiceTest:42 - debug
